
=== KO_TRO2024_RHPS1_1   32051 still+double-support samples   WORLD frame medians [N]
                                       |xy|        z
  measured contact force (sum)        146.7    568.9
  estimated contact force (sum)       146.7    568.9
  unmodeled ext force                 135.1     -3.1
  TOTAL = contacts + unmodeled         13.7    565.8
  physics requires at standstill        0.0    572.1
  per-foot measured force, CONTACT frame (fx, fy, fz):
    LeftFootCenter           -80.3    -4.5   283.0   |tangential|   80.5
    RightFootCenter          -42.9   -69.5   285.2   |tangential|   81.4

=== KO_TRO_2024_RHPS1_SLIPPAGE_1   3553 still+double-support samples   WORLD frame medians [N]
                                       |xy|        z
  measured contact force (sum)        157.3    597.0
  estimated contact force (sum)       157.2    597.0
  unmodeled ext force                 142.4    -32.6
  TOTAL = contacts + unmodeled         16.0    564.1
  physics requires at standstill        0.0    572.1
  per-foot measured force, CONTACT frame (fx, fy, fz):
    LeftFootCenter           -82.5    -8.2   298.4   |tangential|   82.8
    RightFootCenter          -48.1   -72.2   300.0   |tangential|   86.9
