Starting >>> kinetics_observer_ros2
--- stderr: kinetics_observer_ros2
CMake Warning (policy) at /usr/share/cmake-4.4/Modules/CMakeFindDependencyMacro.cmake:93 (find_package):
  Policy CMP0167 is not set: The FindBoost module is removed.  Run "cmake
  --help-policy CMP0167" for policy details.  Use the cmake_policy command to
  set the policy and suppress this warning.
Call Stack (most recent call first):
  /usr/share/cmake-4.4/Modules/CMakeFindDependencyMacro.cmake:125 (__find_dependency_common)
  /home/arnaud/devel/install/lib/cmake/state-observation/state-observationConfig.cmake:146 (find_dependency)
  CMakeLists.txt:16 (find_package)
This warning is for project developers.  Use -Wno-author or -Wno-policy to
suppress it.

---
Finished <<< kinetics_observer_ros2 [22.7s]
Starting >>> test_state_obs_ros2
--- stderr: test_state_obs_ros2
CMake Warning (policy) at /usr/share/cmake-4.4/Modules/CMakeFindDependencyMacro.cmake:93 (find_package):
  Policy CMP0167 is not set: The FindBoost module is removed.  Run "cmake
  --help-policy CMP0167" for policy details.  Use the cmake_policy command to
  set the policy and suppress this warning.
Call Stack (most recent call first):
  /usr/share/cmake-4.4/Modules/CMakeFindDependencyMacro.cmake:125 (__find_dependency_common)
  /home/arnaud/devel/install/lib/cmake/state-observation/state-observationConfig.cmake:146 (find_dependency)
  /home/arnaud/devel/src/catkin_ws/install/share/kinetics_observer_ros2/cmake/ament_cmake_export_dependencies-extras.cmake:21 (find_package)
  /home/arnaud/devel/src/catkin_ws/install/share/kinetics_observer_ros2/cmake/kinetics_observer_ros2Config.cmake:41 (include)
  CMakeLists.txt:16 (find_package)
This warning is for project developers.  Use -Wno-author or -Wno-policy to
suppress it.

---
Finished <<< test_state_obs_ros2 [10.1s]

Summary: 2 packages finished [32.9s]
  2 packages had stderr output: kinetics_observer_ros2 test_state_obs_ros2
