screening skipped: seeding the full phase with 4 points
/home/arnaud/devel/src/data_manipulation_tools/scripts/kinetics_tune.py:653: FutureWarning: `restart_strategy` has been deprecated in v4.4.0. This feature will be removed in v6.0.0. See https://github.com/optuna/optuna/releases/tag/v4.4.0. From v4.4.0 onward, `restart_strategy` automatically falls back to `None`. `restart_strategy` will be supported in OptunaHub.
  sampler=self.optuna.samplers.CmaEsSampler(seed=SEED, restart_strategy="ipop"),
phase full: 80 trials on 4 datasets, 8 workers
  [full 0002] ok J=+0.6641 geomean=1.118 worst=1.585 wins=6/24 (35s)
  [full 0000] ok J=+0.6641 geomean=1.118 worst=1.585 wins=6/24 (37s)
  [full 0007] ok J=+1.9951 geomean=1.499 worst=3.276 wins=2/24 (37s)
  [full 0006] ok J=+2.7563 geomean=1.765 worst=4.967 wins=3/24 (37s)
  [full 0005] ok J=+1.3309 geomean=1.190 worst=2.536 wins=7/24 (38s)
  [full 0004] ok J=+3.1763 geomean=1.948 worst=6.067 wins=2/24 (38s)
  [full 0003] ok J=+0.6641 geomean=1.118 worst=1.585 wins=6/24 (39s)
  [full 0001] ok J=+0.6641 geomean=1.118 worst=1.585 wins=6/24 (42s)
  [full 0009] ok J=+2.1071 geomean=1.566 worst=3.379 wins=3/24 (36s)
  [full 0011] ok J=+1.3581 geomean=1.333 worst=2.270 wins=2/24 (37s)
  [full 0010] ok J=+1.7633 geomean=1.433 worst=2.922 wins=3/24 (37s)
  [full 0013] ok J=+0.8549 geomean=1.166 worst=1.758 wins=5/24 (37s)
  [full 0014] ok J=+0.9353 geomean=1.172 worst=1.895 wins=6/24 (36s)
  [full 0008] ok J=+0.7662 geomean=1.125 worst=1.738 wins=5/24 (40s)
  [full 0012] ok J=+2.3832 geomean=1.636 worst=4.115 wins=2/24 (39s)
  [full 0015] ok J=+1.2188 geomean=1.254 worst=2.218 wins=6/24 (40s)
  [full 0016] ok J=+1.3916 geomean=1.302 worst=2.467 wins=2/24 (36s)
  [full 0018] ok J=+1.8594 geomean=1.463 worst=3.063 wins=3/24 (35s)
  [full 0021] ok J=+1.4816 geomean=1.330 worst=2.574 wins=3/24 (35s)
  [full 0022] ok J=+1.4042 geomean=1.315 worst=2.458 wins=3/24 (35s)
  [full 0019] ok J=+2.7819 geomean=2.051 worst=4.104 wins=0/24 (38s)
  [full 0020] ok J=+1.0940 geomean=1.174 worst=2.140 wins=6/24 (38s)
  [full 0017] failed J=+5.0000 geomean=nan worst=nan wins=0/1 (43s)
  [full 0023] ok J=+1.6762 geomean=1.384 worst=2.821 wins=4/24 (38s)
  [full 0024] ok J=+1.1124 geomean=1.236 worst=2.044 wins=6/24 (35s)
  [full 0026] ok J=+0.8074 geomean=1.157 worst=1.779 wins=5/24 (35s)
  [full 0027] ok J=+0.9127 geomean=1.182 worst=1.877 wins=4/24 (35s)
  [full 0028] ok J=+0.9746 geomean=1.203 worst=1.880 wins=4/24 (35s)
  [full 0029] ok J=+1.0222 geomean=1.176 worst=2.026 wins=5/24 (35s)
  [full 0031] ok J=+0.9900 geomean=1.185 worst=1.956 wins=5/24 (35s)
  [full 0030] ok J=+0.6449 geomean=1.119 worst=1.562 wins=6/24 (38s)
  [full 0032] ok J=+1.2491 geomean=1.291 worst=2.135 wins=5/24 (35s)
  [full 0035] ok J=+0.9077 geomean=1.119 worst=1.974 wins=7/24 (36s)
  [full 0040] failed J=+5.0000 geomean=nan worst=nan wins=0/1 (0s)
  [full 0025] failed J=+5.0000 geomean=nan worst=nan wins=0/1 (75s)
  [full 0041] failed J=+5.0000 geomean=nan worst=nan wins=0/1 (0s)
  [full 0034] failed J=+5.0000 geomean=nan worst=nan wins=0/1 (38s)
  [full 0033] failed J=+5.0000 geomean=nan worst=nan wins=0/1 (39s)
