sensor                     chan   unloaded sd        n
LeftFootForceSensor        fx          1.9464     1447
LeftFootForceSensor        fy          2.1515     1447
LeftFootForceSensor        fz          1.9698     1447
LeftFootForceSensor        cx          0.0907     1447
LeftFootForceSensor        cy          0.0953     1447
LeftFootForceSensor        cz          0.1090     1447
LeftFootForceSensor_worldWrenchWithoutGravity fx          1.8995     1444
LeftFootForceSensor_worldWrenchWithoutGravity fy          2.1887     1444
LeftFootForceSensor_worldWrenchWithoutGravity fz          1.9433     1444
LeftFootForceSensor_worldWrenchWithoutGravity cx          0.3211     1444
LeftFootForceSensor_worldWrenchWithoutGravity cy          2.5157     1444
LeftFootForceSensor_worldWrenchWithoutGravity cz          2.3307     1444
LeftHandForceSensor        fx          6.6493     7174
LeftHandForceSensor        fy          2.8621     7174
LeftHandForceSensor        fz          3.4020     7174
LeftHandForceSensor        cx          0.1658     7174
LeftHandForceSensor        cy          0.5237     7174
LeftHandForceSensor        cz          0.0531     7174
LeftHandForceSensor_worldWrenchWithoutGravity fx          1.7902     7203
LeftHandForceSensor_worldWrenchWithoutGravity fy          1.4071     7203
LeftHandForceSensor_worldWrenchWithoutGravity fz          1.8734     7203
LeftHandForceSensor_worldWrenchWithoutGravity cx          1.4414     7203
LeftHandForceSensor_worldWrenchWithoutGravity cy          2.6890     7203
LeftHandForceSensor_worldWrenchWithoutGravity cz          2.1289     7203
RightFootForceSensor       fx          1.7222     1204
RightFootForceSensor       fy          2.1295     1204
RightFootForceSensor       fz          1.8187     1204
RightFootForceSensor       cx          0.0770     1204
RightFootForceSensor       cy          0.0794     1204
RightFootForceSensor       cz          0.1502     1204
RightFootForceSensor_worldWrenchWithoutGravity fx          1.6697     1200
RightFootForceSensor_worldWrenchWithoutGravity fy          1.8839     1200
RightFootForceSensor_worldWrenchWithoutGravity fz          1.8885     1200
RightFootForceSensor_worldWrenchWithoutGravity cx          0.4597     1200
RightFootForceSensor_worldWrenchWithoutGravity cy          1.9979     1200
RightFootForceSensor_worldWrenchWithoutGravity cz          1.6279     1200
RightHandForceSensor       fx          1.3875    10884
RightHandForceSensor       fy          1.0233    10884
RightHandForceSensor       fz          1.0194    10884
RightHandForceSensor       cx          0.0931    10884
RightHandForceSensor       cy          0.1146    10884
RightHandForceSensor       cz          0.0204    10884
RightHandForceSensor_worldWrenchWithoutGravity fx          1.1327    11086
RightHandForceSensor_worldWrenchWithoutGravity fy          1.2142    11086
RightHandForceSensor_worldWrenchWithoutGravity fz          1.2068    11086
RightHandForceSensor_worldWrenchWithoutGravity cx          0.9492    11086
RightHandForceSensor_worldWrenchWithoutGravity cy          2.2289    11086
RightHandForceSensor_worldWrenchWithoutGravity cz          1.3218    11086
