+ ros2 run test_state_obs_ros2 make_kinetics_config_bag.py --input-bag /home/arnaud/devel/src/data_manipulation_tools/Projects/HRP5_MultiContact_1/output_data/kinetics_eval/input_bag --config /home/arnaud/devel/src/data_manipulation_tools/Projects/HRP5_MultiContact_1/output_data/kinetics_eval/resolved_config.yaml --out /home/arnaud/devel/src/data_manipulation_tools/results/handkin-0e5856b1aa/HRP5_MultiContact_1/configuration
[INFO] [1788607993.631131802] [rosbag2_storage]: Opened database '/home/arnaud/devel/src/data_manipulation_tools/Projects/HRP5_MultiContact_1/output_data/kinetics_eval/input_bag/input_bag_0.db3' for READ_ONLY.
[INFO] [1788607993.676651658] [rosbag2_storage]: Opened database '/home/arnaud/devel/src/data_manipulation_tools/results/handkin-0e5856b1aa/HRP5_MultiContact_1/configuration/configuration_0.db3' for READ_WRITE.
+ ros2 launch test_state_obs_ros2 test_kinetics_replay.launch.py input_bag:=/home/arnaud/devel/src/data_manipulation_tools/Projects/HRP5_MultiContact_1/output_data/kinetics_eval/input_bag configuration_bag:=/home/arnaud/devel/src/data_manipulation_tools/results/handkin-0e5856b1aa/HRP5_MultiContact_1/configuration output_bag:=/home/arnaud/devel/src/data_manipulation_tools/results/handkin-0e5856b1aa/HRP5_MultiContact_1/standalone_replay startup_delay:=0.5 shutdown_delay:=0.5
[INFO] [launch]: All log files can be found below /home/arnaud/.ros/log/2026-09-05-20-33-13-852386-OMEN-Arnaud-3760889
[INFO] [launch]: Default logging verbosity is set to INFO
[INFO] [launch.user]: Recording estimated state to /home/arnaud/devel/src/data_manipulation_tools/results/handkin-0e5856b1aa/HRP5_MultiContact_1/standalone_replay
[INFO] [kinetics_observer_node-1]: process started with pid [3760892]
[INFO] [ros2-2]: process started with pid [3760893]
[kinetics_observer_node-1] [WARN] [1788607993.904293477] [rcl]: ROS_LOCALHOST_ONLY is deprecated but still honored if it is enabled. Use ROS_AUTOMATIC_DISCOVERY_RANGE and ROS_STATIC_PEERS instead.
[kinetics_observer_node-1] [WARN] [1788607993.904301719] [rcl]: 'localhost_only' is enabled, 'automatic_discovery_range' and 'static_peers' will be ignored.
[kinetics_observer_node-1] [INFO] [1788607993.911940347] [kinetics_observer]: Kinetics Observer ready; waiting for ~/configuration.
[ros2-2] [WARN] [1788607994.122470020] [rcl]: ROS_LOCALHOST_ONLY is deprecated but still honored if it is enabled. Use ROS_AUTOMATIC_DISCOVERY_RANGE and ROS_STATIC_PEERS instead.
[ros2-2] [WARN] [1788607994.123040140] [rcl]: 'localhost_only' is enabled, 'automatic_discovery_range' and 'static_peers' will be ignored.
[ros2-2] stdin is not a terminal device. Keyboard handling disabled.[INFO] [1788607994.133978901] [rosbag2_recorder]: Press SPACE for pausing/resuming
[ros2-2] [INFO] [1788607994.133987672] [rosbag2_recorder]: Event publisher thread: Started
[ros2-2] [INFO] [1788607994.137450217] [rosbag2_recorder]: Starting recording to '/home/arnaud/devel/src/data_manipulation_tools/results/handkin-0e5856b1aa/HRP5_MultiContact_1/standalone_replay'
[ros2-2] [INFO] [1788607994.138562382] [rosbag2_recorder]: Listening for topics...
[ros2-2] [INFO] [1788607994.138579255] [rosbag2_recorder]: Recording...
[ros2-2] [INFO] [1788607994.139240586] [rosbag2_recorder]: Topics discovery started.
[ros2-2] [INFO] [1788607994.240215841] [rosbag2_recorder]: Subscribed to topic '/kinetics_observer/estimated_state'
[ros2-2] [INFO] [1788607994.240232242] [rosbag2_recorder]: All requested topics are subscribed. Stopping discovery...
[ros2-2] [INFO] [1788607994.240234063] [rosbag2_recorder]: Topics discovery stopped.
[INFO] [rosbag_publish_kinetics-3]: process started with pid [3760948]
[rosbag_publish_kinetics-3] [WARN] [1788607994.408925464] [rcl]: ROS_LOCALHOST_ONLY is deprecated but still honored if it is enabled. Use ROS_AUTOMATIC_DISCOVERY_RANGE and ROS_STATIC_PEERS instead.
[rosbag_publish_kinetics-3] [WARN] [1788607994.408933531] [rcl]: 'localhost_only' is enabled, 'automatic_discovery_range' and 'static_peers' will be ignored.
[rosbag_publish_kinetics-3] [INFO] [1788607994.442428609] [rosbag2_storage]: Opened database '/home/arnaud/devel/src/data_manipulation_tools/Projects/HRP5_MultiContact_1/output_data/kinetics_eval/input_bag/input_bag_0.db3' for READ_ONLY.
[rosbag_publish_kinetics-3] [INFO] [1788607994.478234294] [rosbag2_storage]: Opened database '/home/arnaud/devel/src/data_manipulation_tools/results/handkin-0e5856b1aa/HRP5_MultiContact_1/configuration/configuration_0.db3' for READ_ONLY.
[rosbag_publish_kinetics-3] [INFO] [1788607994.578694146] [rosbag_publish_kinetics]: Started synchronized replay of 11151 inputs.
[kinetics_observer_node-1] [INFO] [1788607994.579377473] [kinetics_observer]: Kinetics Observer configured (3 contacts, 1 IMUs).
[rosbag_publish_kinetics-3] [INFO] [1788607996.241520947] [rosbag_publish_kinetics]: Finished synchronized Kinetics replay.
[INFO] [rosbag_publish_kinetics-3]: process has finished cleanly [pid 3760948]
[INFO] [ros2-2]: sending signal 'SIGINT' to process[ros2-2]
[INFO] [kinetics_observer_node-1]: sending signal 'SIGINT' to process[kinetics_observer_node-1]
[kinetics_observer_node-1] [INFO] [1788607996.859100669] [rclcpp]: signal_handler(SIGINT/SIGTERM)
[INFO] [kinetics_observer_node-1]: process has finished cleanly [pid 3760892]
[ERROR] [ros2-2]: process[ros2-2] failed to terminate '5' seconds after receiving 'SIGINT', escalating to 'SIGTERM'
[INFO] [ros2-2]: sending signal 'SIGTERM' to process[ros2-2]
[ros2-2] [INFO] [1788608001.951733794] [rosbag2_recorder]: Pausing recording.
[ros2-2] [INFO] [1788608001.951799122] [rosbag2_cpp]: Writing remaining messages from cache to the bag. It may take a while
[ros2-2] [INFO] [1788608001.952622955] [rosbag2_recorder]: Recording stopped
[ros2-2] [INFO] [1788608001.953659470] [rosbag2_recorder]: Event publisher thread: Exited
[INFO] [ros2-2]: process has finished cleanly [pid 3760893]
+ /home/arnaud/devel/src/data_manipulation_tools/scripts/../.venv/bin/python /home/arnaud/devel/src/data_manipulation_tools/rpg_trajectory_evaluation/scripts/analyze_trajectory_single.py /home/arnaud/devel/src/data_manipulation_tools/results/handkin-0e5856b1aa/HRP5_MultiContact_1/eval --recalculate_errors --no_plot --estimator_name Kinetics --predefined_sublengths 0.3
/home/arnaud/devel/src/data_manipulation_tools/rpg_trajectory_evaluation/scripts/analyze_trajectory_single.py:264: SyntaxWarning: invalid escape sequence '\%'
  111, xlabel='Distance [m]', ylabel='Scale Drift [\%]',
/home/arnaud/devel/src/data_manipulation_tools/rpg_trajectory_evaluation/scripts/analyze_trajectory_single.py:326: SyntaxWarning: invalid escape sequence '\%'
  ylabel='Translation error [\%]')
#### Start processing Kinetics
To remove cached error in /home/arnaud/devel/src/data_manipulation_tools/results/handkin-0e5856b1aa/HRP5_MultiContact_1/eval
Cannot find file /home/arnaud/devel/src/data_manipulation_tools/results/handkin-0e5856b1aa/HRP5_MultiContact_1/eval/saved_results/traj_est/cached/cached_rel_err.pickle
Cannot find file /home/arnaud/devel/src/data_manipulation_tools/results/handkin-0e5856b1aa/HRP5_MultiContact_1/eval/saved_results/traj_est/stamped_est_gt_matches.txt
Find evaluation configuration, will overwrite default.
The current evaluation configuration is {'align_type': 'posyaw', 'align_num_frames': -1}
Loading stamped_groundtruth.txt and stamped_traj_estimate.txt...
Loading trajectory data...
Finding matches. |████████████████████████████████████████| 11151/11151 [100%] in 0.0s (764952.59/s) 
Saved matching results to /home/arnaud/devel/src/data_manipulation_tools/results/handkin-0e5856b1aa/HRP5_MultiContact_1/eval/saved_results/traj_est/stamped_est_gt_matches.txt.
3.0873455560081404
3.0873455560081404
...done.
Use preset boxplot distances.
Aliging the trajectory estimate to the groundtruth...
Alignment type is posyaw.
To align all frames.
... trajectory alignment done.
Finished loading trajectory.
Computing the relative errors based on preset subtrajectory lengths...
Computing relative error at sub-trajectory length 0.3
number of samples = 8315 
Computing relative errors |████████████████████████████████████████| 8315/8315 [100%] in 0.3s (30231.79/s) 
...done.
Saved relative error to /home/arnaud/devel/src/data_manipulation_tools/results/handkin-0e5856b1aa/HRP5_MultiContact_1/eval/saved_results/traj_est/cached/cached_rel_err.pickle.
Absolute errors are not available.
===> MulTrajError: summarized 1 trajectories.
- Successs indices: [0]
Relative errors numbers:
- 0.3: dict_keys(['rel_trans', 'rel_trans_perc', 'rel_trans_x_y_norm', 'rel_trans_z', 'rel_yaw', 'rel_rot', 'rel_gravity', 'rel_rot_deg_per_m']) 8315 samples
+ ros2 run test_state_obs_ros2 make_kinetics_config_bag.py --input-bag /home/arnaud/devel/src/data_manipulation_tools/Projects/HRP5_MultiContact_2/output_data/kinetics_eval/input_bag --config /home/arnaud/devel/src/data_manipulation_tools/Projects/HRP5_MultiContact_2/output_data/kinetics_eval/resolved_config.yaml --out /home/arnaud/devel/src/data_manipulation_tools/results/handkin-0e5856b1aa/HRP5_MultiContact_2/configuration
[INFO] [1788608004.919586408] [rosbag2_storage]: Opened database '/home/arnaud/devel/src/data_manipulation_tools/Projects/HRP5_MultiContact_2/output_data/kinetics_eval/input_bag/input_bag_0.db3' for READ_ONLY.
[INFO] [1788608004.968417197] [rosbag2_storage]: Opened database '/home/arnaud/devel/src/data_manipulation_tools/results/handkin-0e5856b1aa/HRP5_MultiContact_2/configuration/configuration_0.db3' for READ_WRITE.
+ ros2 launch test_state_obs_ros2 test_kinetics_replay.launch.py input_bag:=/home/arnaud/devel/src/data_manipulation_tools/Projects/HRP5_MultiContact_2/output_data/kinetics_eval/input_bag configuration_bag:=/home/arnaud/devel/src/data_manipulation_tools/results/handkin-0e5856b1aa/HRP5_MultiContact_2/configuration output_bag:=/home/arnaud/devel/src/data_manipulation_tools/results/handkin-0e5856b1aa/HRP5_MultiContact_2/standalone_replay startup_delay:=0.5 shutdown_delay:=0.5
[INFO] [launch]: All log files can be found below /home/arnaud/.ros/log/2026-09-05-20-33-25-137908-OMEN-Arnaud-3761064
[INFO] [launch]: Default logging verbosity is set to INFO
[INFO] [launch.user]: Recording estimated state to /home/arnaud/devel/src/data_manipulation_tools/results/handkin-0e5856b1aa/HRP5_MultiContact_2/standalone_replay
[INFO] [kinetics_observer_node-1]: process started with pid [3761067]
[INFO] [ros2-2]: process started with pid [3761068]
[kinetics_observer_node-1] [WARN] [1788608005.190149056] [rcl]: ROS_LOCALHOST_ONLY is deprecated but still honored if it is enabled. Use ROS_AUTOMATIC_DISCOVERY_RANGE and ROS_STATIC_PEERS instead.
[kinetics_observer_node-1] [WARN] [1788608005.190161052] [rcl]: 'localhost_only' is enabled, 'automatic_discovery_range' and 'static_peers' will be ignored.
[kinetics_observer_node-1] [INFO] [1788608005.200489788] [kinetics_observer]: Kinetics Observer ready; waiting for ~/configuration.
[ros2-2] [WARN] [1788608005.401081601] [rcl]: ROS_LOCALHOST_ONLY is deprecated but still honored if it is enabled. Use ROS_AUTOMATIC_DISCOVERY_RANGE and ROS_STATIC_PEERS instead.
[ros2-2] [WARN] [1788608005.401556269] [rcl]: 'localhost_only' is enabled, 'automatic_discovery_range' and 'static_peers' will be ignored.
[ros2-2] stdin is not a terminal device. Keyboard handling disabled.[INFO] [1788608005.412288159] [rosbag2_recorder]: Press SPACE for pausing/resuming
[ros2-2] [INFO] [1788608005.412298553] [rosbag2_recorder]: Event publisher thread: Started
[ros2-2] [INFO] [1788608005.416069841] [rosbag2_recorder]: Starting recording to '/home/arnaud/devel/src/data_manipulation_tools/results/handkin-0e5856b1aa/HRP5_MultiContact_2/standalone_replay'
[ros2-2] [INFO] [1788608005.417276052] [rosbag2_recorder]: Listening for topics...
[ros2-2] [INFO] [1788608005.417291107] [rosbag2_recorder]: Recording...
[ros2-2] [INFO] [1788608005.417314632] [rosbag2_recorder]: Topics discovery started.
[ros2-2] [INFO] [1788608005.519720804] [rosbag2_recorder]: Subscribed to topic '/kinetics_observer/estimated_state'
[ros2-2] [INFO] [1788608005.519738709] [rosbag2_recorder]: All requested topics are subscribed. Stopping discovery...
[ros2-2] [INFO] [1788608005.519740898] [rosbag2_recorder]: Topics discovery stopped.
[INFO] [rosbag_publish_kinetics-3]: process started with pid [3761122]
[rosbag_publish_kinetics-3] [WARN] [1788608005.700548944] [rcl]: ROS_LOCALHOST_ONLY is deprecated but still honored if it is enabled. Use ROS_AUTOMATIC_DISCOVERY_RANGE and ROS_STATIC_PEERS instead.
[rosbag_publish_kinetics-3] [WARN] [1788608005.700556501] [rcl]: 'localhost_only' is enabled, 'automatic_discovery_range' and 'static_peers' will be ignored.
[rosbag_publish_kinetics-3] [INFO] [1788608005.724149382] [rosbag2_storage]: Opened database '/home/arnaud/devel/src/data_manipulation_tools/Projects/HRP5_MultiContact_2/output_data/kinetics_eval/input_bag/input_bag_0.db3' for READ_ONLY.
[rosbag_publish_kinetics-3] [INFO] [1788608005.761711742] [rosbag2_storage]: Opened database '/home/arnaud/devel/src/data_manipulation_tools/results/handkin-0e5856b1aa/HRP5_MultiContact_2/configuration/configuration_0.db3' for READ_ONLY.
[rosbag_publish_kinetics-3] [INFO] [1788608005.862962074] [rosbag_publish_kinetics]: Started synchronized replay of 10249 inputs.
[kinetics_observer_node-1] [INFO] [1788608005.863436827] [kinetics_observer]: Kinetics Observer configured (3 contacts, 1 IMUs).
[rosbag_publish_kinetics-3] [INFO] [1788608007.220792916] [rosbag_publish_kinetics]: Finished synchronized Kinetics replay.
[INFO] [rosbag_publish_kinetics-3]: process has finished cleanly [pid 3761122]
[INFO] [ros2-2]: sending signal 'SIGINT' to process[ros2-2]
[INFO] [kinetics_observer_node-1]: sending signal 'SIGINT' to process[kinetics_observer_node-1]
[kinetics_observer_node-1] [INFO] [1788608007.837057666] [rclcpp]: signal_handler(SIGINT/SIGTERM)
[INFO] [kinetics_observer_node-1]: process has finished cleanly [pid 3761067]
[ERROR] [ros2-2]: process[ros2-2] failed to terminate '5' seconds after receiving 'SIGINT', escalating to 'SIGTERM'
[INFO] [ros2-2]: sending signal 'SIGTERM' to process[ros2-2]
[ros2-2] [INFO] [1788608012.933757102] [rosbag2_recorder]: Pausing recording.
[ros2-2] [INFO] [1788608012.933823466] [rosbag2_cpp]: Writing remaining messages from cache to the bag. It may take a while
[ros2-2] [INFO] [1788608012.934807559] [rosbag2_recorder]: Recording stopped
[ros2-2] [INFO] [1788608012.936286193] [rosbag2_recorder]: Event publisher thread: Exited
[INFO] [ros2-2]: process has finished cleanly [pid 3761068]
+ /home/arnaud/devel/src/data_manipulation_tools/scripts/../.venv/bin/python /home/arnaud/devel/src/data_manipulation_tools/rpg_trajectory_evaluation/scripts/analyze_trajectory_single.py /home/arnaud/devel/src/data_manipulation_tools/results/handkin-0e5856b1aa/HRP5_MultiContact_2/eval --recalculate_errors --no_plot --estimator_name Kinetics --predefined_sublengths 0.3
/home/arnaud/devel/src/data_manipulation_tools/rpg_trajectory_evaluation/scripts/analyze_trajectory_single.py:264: SyntaxWarning: invalid escape sequence '\%'
  111, xlabel='Distance [m]', ylabel='Scale Drift [\%]',
/home/arnaud/devel/src/data_manipulation_tools/rpg_trajectory_evaluation/scripts/analyze_trajectory_single.py:326: SyntaxWarning: invalid escape sequence '\%'
  ylabel='Translation error [\%]')
#### Start processing Kinetics
To remove cached error in /home/arnaud/devel/src/data_manipulation_tools/results/handkin-0e5856b1aa/HRP5_MultiContact_2/eval
Cannot find file /home/arnaud/devel/src/data_manipulation_tools/results/handkin-0e5856b1aa/HRP5_MultiContact_2/eval/saved_results/traj_est/cached/cached_rel_err.pickle
Cannot find file /home/arnaud/devel/src/data_manipulation_tools/results/handkin-0e5856b1aa/HRP5_MultiContact_2/eval/saved_results/traj_est/stamped_est_gt_matches.txt
Find evaluation configuration, will overwrite default.
The current evaluation configuration is {'align_type': 'posyaw', 'align_num_frames': -1}
Loading stamped_groundtruth.txt and stamped_traj_estimate.txt...
Loading trajectory data...
Finding matches. |████████████████████████████████████████| 10249/10249 [100%] in 0.0s (792946.99/s) 
Saved matching results to /home/arnaud/devel/src/data_manipulation_tools/results/handkin-0e5856b1aa/HRP5_MultiContact_2/eval/saved_results/traj_est/stamped_est_gt_matches.txt.
3.1078877683488555
3.1078877683488555
...done.
Use preset boxplot distances.
Aliging the trajectory estimate to the groundtruth...
Alignment type is posyaw.
To align all frames.
... trajectory alignment done.
Finished loading trajectory.
Computing the relative errors based on preset subtrajectory lengths...
Computing relative error at sub-trajectory length 0.3
number of samples = 8312 
Computing relative errors |████████████████████████████████████████| 8312/8312 [100%] in 0.3s (33193.10/s) 
...done.
Saved relative error to /home/arnaud/devel/src/data_manipulation_tools/results/handkin-0e5856b1aa/HRP5_MultiContact_2/eval/saved_results/traj_est/cached/cached_rel_err.pickle.
Absolute errors are not available.
===> MulTrajError: summarized 1 trajectories.
- Successs indices: [0]
Relative errors numbers:
- 0.3: dict_keys(['rel_trans', 'rel_trans_perc', 'rel_trans_x_y_norm', 'rel_trans_z', 'rel_yaw', 'rel_rot', 'rel_gravity', 'rel_rot_deg_per_m']) 8312 samples
+ ros2 run test_state_obs_ros2 make_kinetics_config_bag.py --input-bag /home/arnaud/devel/src/data_manipulation_tools/Projects/HRP5_MultiContact_3/output_data/kinetics_eval/input_bag --config /home/arnaud/devel/src/data_manipulation_tools/Projects/HRP5_MultiContact_3/output_data/kinetics_eval/resolved_config.yaml --out /home/arnaud/devel/src/data_manipulation_tools/results/handkin-0e5856b1aa/HRP5_MultiContact_3/configuration
[INFO] [1788608015.570967229] [rosbag2_storage]: Opened database '/home/arnaud/devel/src/data_manipulation_tools/Projects/HRP5_MultiContact_3/output_data/kinetics_eval/input_bag/input_bag_0.db3' for READ_ONLY.
[INFO] [1788608015.615682692] [rosbag2_storage]: Opened database '/home/arnaud/devel/src/data_manipulation_tools/results/handkin-0e5856b1aa/HRP5_MultiContact_3/configuration/configuration_0.db3' for READ_WRITE.
+ ros2 launch test_state_obs_ros2 test_kinetics_replay.launch.py input_bag:=/home/arnaud/devel/src/data_manipulation_tools/Projects/HRP5_MultiContact_3/output_data/kinetics_eval/input_bag configuration_bag:=/home/arnaud/devel/src/data_manipulation_tools/results/handkin-0e5856b1aa/HRP5_MultiContact_3/configuration output_bag:=/home/arnaud/devel/src/data_manipulation_tools/results/handkin-0e5856b1aa/HRP5_MultiContact_3/standalone_replay startup_delay:=0.5 shutdown_delay:=0.5
[INFO] [launch]: All log files can be found below /home/arnaud/.ros/log/2026-09-05-20-33-35-787517-OMEN-Arnaud-3761223
[INFO] [launch]: Default logging verbosity is set to INFO
[INFO] [launch.user]: Recording estimated state to /home/arnaud/devel/src/data_manipulation_tools/results/handkin-0e5856b1aa/HRP5_MultiContact_3/standalone_replay
[INFO] [kinetics_observer_node-1]: process started with pid [3761226]
[INFO] [ros2-2]: process started with pid [3761227]
[kinetics_observer_node-1] [WARN] [1788608015.840359612] [rcl]: ROS_LOCALHOST_ONLY is deprecated but still honored if it is enabled. Use ROS_AUTOMATIC_DISCOVERY_RANGE and ROS_STATIC_PEERS instead.
[kinetics_observer_node-1] [WARN] [1788608015.840490789] [rcl]: 'localhost_only' is enabled, 'automatic_discovery_range' and 'static_peers' will be ignored.
[kinetics_observer_node-1] [INFO] [1788608015.849258327] [kinetics_observer]: Kinetics Observer ready; waiting for ~/configuration.
[ros2-2] [WARN] [1788608016.051318793] [rcl]: ROS_LOCALHOST_ONLY is deprecated but still honored if it is enabled. Use ROS_AUTOMATIC_DISCOVERY_RANGE and ROS_STATIC_PEERS instead.
[ros2-2] [WARN] [1788608016.051332998] [rcl]: 'localhost_only' is enabled, 'automatic_discovery_range' and 'static_peers' will be ignored.
[ros2-2] stdin is not a terminal device. Keyboard handling disabled.[INFO] [1788608016.063181728] [rosbag2_recorder]: Press SPACE for pausing/resuming
[ros2-2] [INFO] [1788608016.063191632] [rosbag2_recorder]: Event publisher thread: Started
[ros2-2] [INFO] [1788608016.066297450] [rosbag2_recorder]: Starting recording to '/home/arnaud/devel/src/data_manipulation_tools/results/handkin-0e5856b1aa/HRP5_MultiContact_3/standalone_replay'
[ros2-2] [INFO] [1788608016.067238777] [rosbag2_recorder]: Listening for topics...
[ros2-2] [INFO] [1788608016.067253306] [rosbag2_recorder]: Recording...
[ros2-2] [INFO] [1788608016.067914136] [rosbag2_recorder]: Topics discovery started.
[ros2-2] [INFO] [1788608016.170570986] [rosbag2_recorder]: Subscribed to topic '/kinetics_observer/estimated_state'
[ros2-2] [INFO] [1788608016.170586823] [rosbag2_recorder]: All requested topics are subscribed. Stopping discovery...
[ros2-2] [INFO] [1788608016.170588553] [rosbag2_recorder]: Topics discovery stopped.
[INFO] [rosbag_publish_kinetics-3]: process started with pid [3761283]
[rosbag_publish_kinetics-3] [WARN] [1788608016.343690126] [rcl]: ROS_LOCALHOST_ONLY is deprecated but still honored if it is enabled. Use ROS_AUTOMATIC_DISCOVERY_RANGE and ROS_STATIC_PEERS instead.
[rosbag_publish_kinetics-3] [WARN] [1788608016.343697700] [rcl]: 'localhost_only' is enabled, 'automatic_discovery_range' and 'static_peers' will be ignored.
[rosbag_publish_kinetics-3] [INFO] [1788608016.377462795] [rosbag2_storage]: Opened database '/home/arnaud/devel/src/data_manipulation_tools/Projects/HRP5_MultiContact_3/output_data/kinetics_eval/input_bag/input_bag_0.db3' for READ_ONLY.
[rosbag_publish_kinetics-3] [INFO] [1788608016.413170915] [rosbag2_storage]: Opened database '/home/arnaud/devel/src/data_manipulation_tools/results/handkin-0e5856b1aa/HRP5_MultiContact_3/configuration/configuration_0.db3' for READ_ONLY.
[rosbag_publish_kinetics-3] [INFO] [1788608016.513713712] [rosbag_publish_kinetics]: Started synchronized replay of 10581 inputs.
[kinetics_observer_node-1] [INFO] [1788608016.514246335] [kinetics_observer]: Kinetics Observer configured (3 contacts, 1 IMUs).
[rosbag_publish_kinetics-3] [INFO] [1788608018.219264110] [rosbag_publish_kinetics]: Finished synchronized Kinetics replay.
[INFO] [rosbag_publish_kinetics-3]: process has finished cleanly [pid 3761283]
[INFO] [ros2-2]: sending signal 'SIGINT' to process[ros2-2]
[INFO] [kinetics_observer_node-1]: sending signal 'SIGINT' to process[kinetics_observer_node-1]
[kinetics_observer_node-1] [INFO] [1788608018.834181543] [rclcpp]: signal_handler(SIGINT/SIGTERM)
[INFO] [kinetics_observer_node-1]: process has finished cleanly [pid 3761226]
[ERROR] [ros2-2]: process[ros2-2] failed to terminate '5' seconds after receiving 'SIGINT', escalating to 'SIGTERM'
[INFO] [ros2-2]: sending signal 'SIGTERM' to process[ros2-2]
[ros2-2] [INFO] [1788608023.884657871] [rosbag2_recorder]: Pausing recording.
[ros2-2] [INFO] [1788608023.884712567] [rosbag2_cpp]: Writing remaining messages from cache to the bag. It may take a while
[ros2-2] [INFO] [1788608023.885760895] [rosbag2_recorder]: Recording stopped
[ros2-2] [INFO] [1788608023.888250892] [rosbag2_recorder]: Event publisher thread: Exited
[INFO] [ros2-2]: process has finished cleanly [pid 3761227]
+ /home/arnaud/devel/src/data_manipulation_tools/scripts/../.venv/bin/python /home/arnaud/devel/src/data_manipulation_tools/rpg_trajectory_evaluation/scripts/analyze_trajectory_single.py /home/arnaud/devel/src/data_manipulation_tools/results/handkin-0e5856b1aa/HRP5_MultiContact_3/eval --recalculate_errors --no_plot --estimator_name Kinetics --predefined_sublengths 0.3
/home/arnaud/devel/src/data_manipulation_tools/rpg_trajectory_evaluation/scripts/analyze_trajectory_single.py:264: SyntaxWarning: invalid escape sequence '\%'
  111, xlabel='Distance [m]', ylabel='Scale Drift [\%]',
/home/arnaud/devel/src/data_manipulation_tools/rpg_trajectory_evaluation/scripts/analyze_trajectory_single.py:326: SyntaxWarning: invalid escape sequence '\%'
  ylabel='Translation error [\%]')
#### Start processing Kinetics
To remove cached error in /home/arnaud/devel/src/data_manipulation_tools/results/handkin-0e5856b1aa/HRP5_MultiContact_3/eval
Cannot find file /home/arnaud/devel/src/data_manipulation_tools/results/handkin-0e5856b1aa/HRP5_MultiContact_3/eval/saved_results/traj_est/cached/cached_rel_err.pickle
Cannot find file /home/arnaud/devel/src/data_manipulation_tools/results/handkin-0e5856b1aa/HRP5_MultiContact_3/eval/saved_results/traj_est/stamped_est_gt_matches.txt
Find evaluation configuration, will overwrite default.
The current evaluation configuration is {'align_type': 'posyaw', 'align_num_frames': -1}
Loading stamped_groundtruth.txt and stamped_traj_estimate.txt...
Loading trajectory data...
Finding matches. |████████████████████████████████████████| 10581/10581 [100%] in 0.0s (793608.59/s) 
Saved matching results to /home/arnaud/devel/src/data_manipulation_tools/results/handkin-0e5856b1aa/HRP5_MultiContact_3/eval/saved_results/traj_est/stamped_est_gt_matches.txt.
3.0891413051418377
3.0891413051418377
...done.
Use preset boxplot distances.
Aliging the trajectory estimate to the groundtruth...
Alignment type is posyaw.
To align all frames.
... trajectory alignment done.
Finished loading trajectory.
Computing the relative errors based on preset subtrajectory lengths...
Computing relative error at sub-trajectory length 0.3
number of samples = 8317 
Computing relative errors |████████████████████████████████████████| 8317/8317 [100%] in 0.3s (30244.36/s) 
...done.
Saved relative error to /home/arnaud/devel/src/data_manipulation_tools/results/handkin-0e5856b1aa/HRP5_MultiContact_3/eval/saved_results/traj_est/cached/cached_rel_err.pickle.
Absolute errors are not available.
===> MulTrajError: summarized 1 trajectories.
- Successs indices: [0]
Relative errors numbers:
- 0.3: dict_keys(['rel_trans', 'rel_trans_perc', 'rel_trans_x_y_norm', 'rel_trans_z', 'rel_yaw', 'rel_rot', 'rel_gravity', 'rel_rot_deg_per_m']) 8317 samples
+ ros2 run test_state_obs_ros2 make_kinetics_config_bag.py --input-bag /home/arnaud/devel/src/data_manipulation_tools/Projects/HRP5_MultiContact_4/output_data/kinetics_eval/input_bag --config /home/arnaud/devel/src/data_manipulation_tools/Projects/HRP5_MultiContact_4/output_data/kinetics_eval/resolved_config.yaml --out /home/arnaud/devel/src/data_manipulation_tools/results/handkin-0e5856b1aa/HRP5_MultiContact_4/configuration
[INFO] [1788608026.590026514] [rosbag2_storage]: Opened database '/home/arnaud/devel/src/data_manipulation_tools/Projects/HRP5_MultiContact_4/output_data/kinetics_eval/input_bag/input_bag_0.db3' for READ_ONLY.
[INFO] [1788608026.634530022] [rosbag2_storage]: Opened database '/home/arnaud/devel/src/data_manipulation_tools/results/handkin-0e5856b1aa/HRP5_MultiContact_4/configuration/configuration_0.db3' for READ_WRITE.
+ ros2 launch test_state_obs_ros2 test_kinetics_replay.launch.py input_bag:=/home/arnaud/devel/src/data_manipulation_tools/Projects/HRP5_MultiContact_4/output_data/kinetics_eval/input_bag configuration_bag:=/home/arnaud/devel/src/data_manipulation_tools/results/handkin-0e5856b1aa/HRP5_MultiContact_4/configuration output_bag:=/home/arnaud/devel/src/data_manipulation_tools/results/handkin-0e5856b1aa/HRP5_MultiContact_4/standalone_replay startup_delay:=0.5 shutdown_delay:=0.5
[INFO] [launch]: All log files can be found below /home/arnaud/.ros/log/2026-09-05-20-33-46-808662-OMEN-Arnaud-3761375
[INFO] [launch]: Default logging verbosity is set to INFO
[INFO] [launch.user]: Recording estimated state to /home/arnaud/devel/src/data_manipulation_tools/results/handkin-0e5856b1aa/HRP5_MultiContact_4/standalone_replay
[INFO] [kinetics_observer_node-1]: process started with pid [3761378]
[INFO] [ros2-2]: process started with pid [3761379]
[kinetics_observer_node-1] [WARN] [1788608026.847932363] [rcl]: ROS_LOCALHOST_ONLY is deprecated but still honored if it is enabled. Use ROS_AUTOMATIC_DISCOVERY_RANGE and ROS_STATIC_PEERS instead.
[kinetics_observer_node-1] [WARN] [1788608026.847941591] [rcl]: 'localhost_only' is enabled, 'automatic_discovery_range' and 'static_peers' will be ignored.
[kinetics_observer_node-1] [INFO] [1788608026.855645117] [kinetics_observer]: Kinetics Observer ready; waiting for ~/configuration.
[ros2-2] [WARN] [1788608027.062937349] [rcl]: ROS_LOCALHOST_ONLY is deprecated but still honored if it is enabled. Use ROS_AUTOMATIC_DISCOVERY_RANGE and ROS_STATIC_PEERS instead.
[ros2-2] [WARN] [1788608027.062950927] [rcl]: 'localhost_only' is enabled, 'automatic_discovery_range' and 'static_peers' will be ignored.
[ros2-2] stdin is not a terminal device. Keyboard handling disabled.[INFO] [1788608027.076760710] [rosbag2_recorder]: Press SPACE for pausing/resuming
[ros2-2] [INFO] [1788608027.076783223] [rosbag2_recorder]: Event publisher thread: Started
[ros2-2] [INFO] [1788608027.079216613] [rosbag2_recorder]: Starting recording to '/home/arnaud/devel/src/data_manipulation_tools/results/handkin-0e5856b1aa/HRP5_MultiContact_4/standalone_replay'
[ros2-2] [INFO] [1788608027.080096449] [rosbag2_recorder]: Listening for topics...
[ros2-2] [INFO] [1788608027.080108583] [rosbag2_recorder]: Recording...
[ros2-2] [INFO] [1788608027.080619078] [rosbag2_recorder]: Topics discovery started.
[ros2-2] [INFO] [1788608027.186852845] [rosbag2_recorder]: Subscribed to topic '/kinetics_observer/estimated_state'
[ros2-2] [INFO] [1788608027.186877128] [rosbag2_recorder]: All requested topics are subscribed. Stopping discovery...
[ros2-2] [INFO] [1788608027.186880703] [rosbag2_recorder]: Topics discovery stopped.
[INFO] [rosbag_publish_kinetics-3]: process started with pid [3761433]
[rosbag_publish_kinetics-3] [WARN] [1788608027.363377799] [rcl]: ROS_LOCALHOST_ONLY is deprecated but still honored if it is enabled. Use ROS_AUTOMATIC_DISCOVERY_RANGE and ROS_STATIC_PEERS instead.
[rosbag_publish_kinetics-3] [WARN] [1788608027.363385815] [rcl]: 'localhost_only' is enabled, 'automatic_discovery_range' and 'static_peers' will be ignored.
[rosbag_publish_kinetics-3] [INFO] [1788608027.388684606] [rosbag2_storage]: Opened database '/home/arnaud/devel/src/data_manipulation_tools/Projects/HRP5_MultiContact_4/output_data/kinetics_eval/input_bag/input_bag_0.db3' for READ_ONLY.
[rosbag_publish_kinetics-3] [INFO] [1788608027.422505328] [rosbag2_storage]: Opened database '/home/arnaud/devel/src/data_manipulation_tools/results/handkin-0e5856b1aa/HRP5_MultiContact_4/configuration/configuration_0.db3' for READ_ONLY.
[rosbag_publish_kinetics-3] [INFO] [1788608027.522926792] [rosbag_publish_kinetics]: Started synchronized replay of 10438 inputs.
[kinetics_observer_node-1] [INFO] [1788608027.523443144] [kinetics_observer]: Kinetics Observer configured (3 contacts, 1 IMUs).
[rosbag_publish_kinetics-3] [INFO] [1788608029.064200849] [rosbag_publish_kinetics]: Finished synchronized Kinetics replay.
[INFO] [rosbag_publish_kinetics-3]: process has finished cleanly [pid 3761433]
[INFO] [ros2-2]: sending signal 'SIGINT' to process[ros2-2]
[INFO] [kinetics_observer_node-1]: sending signal 'SIGINT' to process[kinetics_observer_node-1]
[kinetics_observer_node-1] [INFO] [1788608029.681737816] [rclcpp]: signal_handler(SIGINT/SIGTERM)
[INFO] [kinetics_observer_node-1]: process has finished cleanly [pid 3761378]
[ERROR] [ros2-2]: process[ros2-2] failed to terminate '5' seconds after receiving 'SIGINT', escalating to 'SIGTERM'
[INFO] [ros2-2]: sending signal 'SIGTERM' to process[ros2-2]
[ros2-2] [INFO] [1788608034.697736413] [rosbag2_recorder]: Pausing recording.
[ros2-2] [INFO] [1788608034.697801653] [rosbag2_cpp]: Writing remaining messages from cache to the bag. It may take a while
[ros2-2] [INFO] [1788608034.699085808] [rosbag2_recorder]: Recording stopped
[ros2-2] [INFO] [1788608034.700346602] [rosbag2_recorder]: Event publisher thread: Exited
[INFO] [ros2-2]: process has finished cleanly [pid 3761379]
+ /home/arnaud/devel/src/data_manipulation_tools/scripts/../.venv/bin/python /home/arnaud/devel/src/data_manipulation_tools/rpg_trajectory_evaluation/scripts/analyze_trajectory_single.py /home/arnaud/devel/src/data_manipulation_tools/results/handkin-0e5856b1aa/HRP5_MultiContact_4/eval --recalculate_errors --no_plot --estimator_name Kinetics --predefined_sublengths 0.3
/home/arnaud/devel/src/data_manipulation_tools/rpg_trajectory_evaluation/scripts/analyze_trajectory_single.py:264: SyntaxWarning: invalid escape sequence '\%'
  111, xlabel='Distance [m]', ylabel='Scale Drift [\%]',
/home/arnaud/devel/src/data_manipulation_tools/rpg_trajectory_evaluation/scripts/analyze_trajectory_single.py:326: SyntaxWarning: invalid escape sequence '\%'
  ylabel='Translation error [\%]')
#### Start processing Kinetics
To remove cached error in /home/arnaud/devel/src/data_manipulation_tools/results/handkin-0e5856b1aa/HRP5_MultiContact_4/eval
Cannot find file /home/arnaud/devel/src/data_manipulation_tools/results/handkin-0e5856b1aa/HRP5_MultiContact_4/eval/saved_results/traj_est/cached/cached_rel_err.pickle
Cannot find file /home/arnaud/devel/src/data_manipulation_tools/results/handkin-0e5856b1aa/HRP5_MultiContact_4/eval/saved_results/traj_est/stamped_est_gt_matches.txt
Find evaluation configuration, will overwrite default.
The current evaluation configuration is {'align_type': 'posyaw', 'align_num_frames': -1}
Loading stamped_groundtruth.txt and stamped_traj_estimate.txt...
Loading trajectory data...
Finding matches. |████████████████████████████████████████| 10438/10438 [100%] in 0.0s (769119.00/s) 
Saved matching results to /home/arnaud/devel/src/data_manipulation_tools/results/handkin-0e5856b1aa/HRP5_MultiContact_4/eval/saved_results/traj_est/stamped_est_gt_matches.txt.
3.091668980427104
3.091668980427104
...done.
Use preset boxplot distances.
Aliging the trajectory estimate to the groundtruth...
Alignment type is posyaw.
To align all frames.
... trajectory alignment done.
Finished loading trajectory.
Computing the relative errors based on preset subtrajectory lengths...
Computing relative error at sub-trajectory length 0.3
number of samples = 8310 
Computing relative errors |████████████████████████████████████████| 8310/8310 [100%] in 0.3s (29963.72/s) 
...done.
Saved relative error to /home/arnaud/devel/src/data_manipulation_tools/results/handkin-0e5856b1aa/HRP5_MultiContact_4/eval/saved_results/traj_est/cached/cached_rel_err.pickle.
Absolute errors are not available.
===> MulTrajError: summarized 1 trajectories.
- Successs indices: [0]
Relative errors numbers:
- 0.3: dict_keys(['rel_trans', 'rel_trans_perc', 'rel_trans_x_y_norm', 'rel_trans_z', 'rel_yaw', 'rel_rot', 'rel_gravity', 'rel_rot_deg_per_m']) 8310 samples

Results: /home/arnaud/devel/src/data_manipulation_tools/results/handkin-0e5856b1aa
Plotly report: /home/arnaud/devel/src/data_manipulation_tools/results/handkin-0e5856b1aa/report.html
