RHPS1 RightFootCenter: n=55281
    displacement spread within a stance phase: x 23.0 mm, y 19.9 mm, z 1.3 mm
    deflection implied by the configured K=3e4 and the measured force spread: 0.74 mm
    axis x: K =        132.0 N/m    R2 =  0.019    residual =  21.89 N
    axis y: K =        -47.4 N/m    R2 =  0.002    residual =  21.44 N
    axis z: K =     -10671.5 N/m    R2 =  0.031    residual =  77.12 N
RHPS1 LeftFootCenter: n=54033
    displacement spread within a stance phase: x 17.0 mm, y 18.2 mm, z 1.1 mm
    deflection implied by the configured K=3e4 and the measured force spread: 0.70 mm
    axis x: K =        218.3 N/m    R2 =  0.031    residual =  20.59 N
    axis y: K =         -0.3 N/m    R2 =  0.000    residual =  22.39 N
    axis z: K =      -1242.1 N/m    R2 =  0.000    residual =  85.17 N
HRP5P RightFootCenter: n=9202
    displacement spread within a stance phase: x 22.8 mm, y 22.0 mm, z 3.9 mm
    deflection implied by the configured K=3e4 and the measured force spread: 0.76 mm
    axis x: K =       -379.9 N/m    R2 =  0.143    residual =  21.20 N
    axis y: K =         84.4 N/m    R2 =  0.002    residual =  39.62 N
    axis z: K =      -8026.9 N/m    R2 =  0.053    residual = 131.12 N
HRP5P LeftFootCenter: n=8989
    displacement spread within a stance phase: x 42.5 mm, y 27.6 mm, z 6.5 mm
    deflection implied by the configured K=3e4 and the measured force spread: 0.91 mm
    axis x: K =        142.0 N/m    R2 =  0.048    residual =  26.75 N
    axis y: K =        338.2 N/m    R2 =  0.109    residual =  26.79 N
    axis z: K =        572.5 N/m    R2 =  0.001    residual = 160.13 N
DONE
