--- extForce  (9)
    Observers_MainObserverPipeline_MCKineticsObserver_MEKF_estimatedState_extForceCentr_x
    Observers_MainObserverPipeline_MCKineticsObserver_MEKF_estimatedState_extForceCentr_y
    Observers_MainObserverPipeline_MCKineticsObserver_MEKF_estimatedState_extForceCentr_z
    Observers_MainObserverPipeline_MCKineticsObserver_MEKF_estimatedState_unbiasedExtForce_x
    Observers_MainObserverPipeline_MCKineticsObserver_MEKF_estimatedState_unbiasedExtForce_y
    Observers_MainObserverPipeline_MCKineticsObserver_MEKF_estimatedState_unbiasedExtForce_z
    Observers_MainObserverPipeline_MCKineticsObserver_MEKF_stateCovariances_extForce__x
    Observers_MainObserverPipeline_MCKineticsObserver_MEKF_stateCovariances_extForce__y
    Observers_MainObserverPipeline_MCKineticsObserver_MEKF_stateCovariances_extForce__z
--- extTorque  (6)
    Observers_MainObserverPipeline_MCKineticsObserver_MEKF_estimatedState_extTorqueCentr_x
    Observers_MainObserverPipeline_MCKineticsObserver_MEKF_estimatedState_extTorqueCentr_y
    Observers_MainObserverPipeline_MCKineticsObserver_MEKF_estimatedState_extTorqueCentr_z
    Observers_MainObserverPipeline_MCKineticsObserver_MEKF_stateCovariances_extTorque__x
    Observers_MainObserverPipeline_MCKineticsObserver_MEKF_stateCovariances_extTorque__y
    Observers_MainObserverPipeline_MCKineticsObserver_MEKF_stateCovariances_extTorque__z
--- contacts?_.*force  (48)
    Observers_MainObserverPipeline_MCKineticsObserver_MEKF_estimatedState_contact_LeftFootCenter_forces_x
    Observers_MainObserverPipeline_MCKineticsObserver_MEKF_estimatedState_contact_LeftFootCenter_forces_y
    Observers_MainObserverPipeline_MCKineticsObserver_MEKF_estimatedState_contact_LeftFootCenter_forces_z
    Observers_MainObserverPipeline_MCKineticsObserver_MEKF_estimatedState_contact_RightFootCenter_forces_x
    Observers_MainObserverPipeline_MCKineticsObserver_MEKF_estimatedState_contact_RightFootCenter_forces_y
    Observers_MainObserverPipeline_MCKineticsObserver_MEKF_estimatedState_contact_RightFootCenter_forces_z
    Observers_MainObserverPipeline_MCKineticsObserver_MEKF_innovation_contacts_LeftFootCenter_force_x
    Observers_MainObserverPipeline_MCKineticsObserver_MEKF_innovation_contacts_LeftFootCenter_force_y
    Observers_MainObserverPipeline_MCKineticsObserver_MEKF_innovation_contacts_LeftFootCenter_force_z
    Observers_MainObserverPipeline_MCKineticsObserver_MEKF_innovation_contacts_RightFootCenter_force_x
    Observers_MainObserverPipeline_MCKineticsObserver_MEKF_innovation_contacts_RightFootCenter_force_y
    Observers_MainObserverPipeline_MCKineticsObserver_MEKF_innovation_contacts_RightFootCenter_force_z
    Observers_MainObserverPipeline_MCKineticsObserver_MEKF_measurements_contacts_force_LeftFootCenter_corrected_x
    Observers_MainObserverPipeline_MCKineticsObserver_MEKF_measurements_contacts_force_LeftFootCenter_corrected_y
    Observers_MainObserverPipeline_MCKineticsObserver_MEKF_measurements_contacts_force_LeftFootCenter_corrected_z
    Observers_MainObserverPipeline_MCKineticsObserver_MEKF_measurements_contacts_force_LeftFootCenter_measured_x
    Observers_MainObserverPipeline_MCKineticsObserver_MEKF_measurements_contacts_force_LeftFootCenter_measured_y
    Observers_MainObserverPipeline_MCKineticsObserver_MEKF_measurements_contacts_force_LeftFootCenter_measured_z
    Observers_MainObserverPipeline_MCKineticsObserver_MEKF_measurements_contacts_force_LeftFootCenter_predicted_x
    Observers_MainObserverPipeline_MCKineticsObserver_MEKF_measurements_contacts_force_LeftFootCenter_predicted_y
    Observers_MainObserverPipeline_MCKineticsObserver_MEKF_measurements_contacts_force_LeftFootCenter_predicted_z
    Observers_MainObserverPipeline_MCKineticsObserver_MEKF_measurements_contacts_force_LeftFootCenter_viscoAfterCorrection_x
    Observers_MainObserverPipeline_MCKineticsObserver_MEKF_measurements_contacts_force_LeftFootCenter_viscoAfterCorrection_y
    Observers_MainObserverPipeline_MCKineticsObserver_MEKF_measurements_contacts_force_LeftFootCenter_viscoAfterCorrection_z
    Observers_MainObserverPipeline_MCKineticsObserver_MEKF_measurements_contacts_force_RightFootCenter_corrected_x
    Observers_MainObserverPipeline_MCKineticsObserver_MEKF_measurements_contacts_force_RightFootCenter_corrected_y
--- contacts?_.*rest  (22)
    Observers_MainObserverPipeline_MCKineticsObserver_MEKF_estimatedState_contact_LeftFootCenter_initialRestOrientationCorrectionDeg
    Observers_MainObserverPipeline_MCKineticsObserver_MEKF_estimatedState_contact_LeftFootCenter_initialRestOrientationCorrection_x
    Observers_MainObserverPipeline_MCKineticsObserver_MEKF_estimatedState_contact_LeftFootCenter_initialRestOrientationCorrection_y
    Observers_MainObserverPipeline_MCKineticsObserver_MEKF_estimatedState_contact_LeftFootCenter_initialRestOrientationCorrection_z
    Observers_MainObserverPipeline_MCKineticsObserver_MEKF_estimatedState_contact_RightFootCenter_initialRestOrientationCorrectionDeg
    Observers_MainObserverPipeline_MCKineticsObserver_MEKF_estimatedState_contact_RightFootCenter_initialRestOrientationCorrection_x
    Observers_MainObserverPipeline_MCKineticsObserver_MEKF_estimatedState_contact_RightFootCenter_initialRestOrientationCorrection_y
    Observers_MainObserverPipeline_MCKineticsObserver_MEKF_estimatedState_contact_RightFootCenter_initialRestOrientationCorrection_z
    Observers_MainObserverPipeline_MCKineticsObserver_MEKF_prediction_contact_LeftFootCenter_restOri_W_w
    Observers_MainObserverPipeline_MCKineticsObserver_MEKF_prediction_contact_LeftFootCenter_restOri_W_x
    Observers_MainObserverPipeline_MCKineticsObserver_MEKF_prediction_contact_LeftFootCenter_restOri_W_y
    Observers_MainObserverPipeline_MCKineticsObserver_MEKF_prediction_contact_LeftFootCenter_restOri_W_z
    Observers_MainObserverPipeline_MCKineticsObserver_MEKF_prediction_contact_LeftFootCenter_restPos_W_x
    Observers_MainObserverPipeline_MCKineticsObserver_MEKF_prediction_contact_LeftFootCenter_restPos_W_y
    Observers_MainObserverPipeline_MCKineticsObserver_MEKF_prediction_contact_LeftFootCenter_restPos_W_z
    Observers_MainObserverPipeline_MCKineticsObserver_MEKF_prediction_contact_RightFootCenter_restOri_W_w
    Observers_MainObserverPipeline_MCKineticsObserver_MEKF_prediction_contact_RightFootCenter_restOri_W_x
    Observers_MainObserverPipeline_MCKineticsObserver_MEKF_prediction_contact_RightFootCenter_restOri_W_y
    Observers_MainObserverPipeline_MCKineticsObserver_MEKF_prediction_contact_RightFootCenter_restOri_W_z
    Observers_MainObserverPipeline_MCKineticsObserver_MEKF_prediction_contact_RightFootCenter_restPos_W_x
    Observers_MainObserverPipeline_MCKineticsObserver_MEKF_prediction_contact_RightFootCenter_restPos_W_y
    Observers_MainObserverPipeline_MCKineticsObserver_MEKF_prediction_contact_RightFootCenter_restPos_W_z
--- contacts?_.*position  (54)
    Observers_MainObserverPipeline_MCKineticsObserver_MCKineticsObserverBackupValinor_contacts_LeftFootCenter_bodyContactKine__position_x
    Observers_MainObserverPipeline_MCKineticsObserver_MCKineticsObserverBackupValinor_contacts_LeftFootCenter_bodyContactKine__position_y
    Observers_MainObserverPipeline_MCKineticsObserver_MCKineticsObserverBackupValinor_contacts_LeftFootCenter_bodyContactKine__position_z
    Observers_MainObserverPipeline_MCKineticsObserver_MCKineticsObserverBackupValinor_contacts_LeftFootCenter_currentWorldContactKine_position_x
    Observers_MainObserverPipeline_MCKineticsObserver_MCKineticsObserverBackupValinor_contacts_LeftFootCenter_currentWorldContactKine_position_y
    Observers_MainObserverPipeline_MCKineticsObserver_MCKineticsObserverBackupValinor_contacts_LeftFootCenter_currentWorldContactKine_position_z
    Observers_MainObserverPipeline_MCKineticsObserver_MCKineticsObserverBackupValinor_contacts_LeftFootCenter_newIncomingWorldRefKine_position_x
    Observers_MainObserverPipeline_MCKineticsObserver_MCKineticsObserverBackupValinor_contacts_LeftFootCenter_newIncomingWorldRefKine_position_y
    Observers_MainObserverPipeline_MCKineticsObserver_MCKineticsObserverBackupValinor_contacts_LeftFootCenter_newIncomingWorldRefKine_position_z
    Observers_MainObserverPipeline_MCKineticsObserver_MCKineticsObserverBackupValinor_contacts_LeftFootCenter_refPoseBeforeCorrection_position_x
    Observers_MainObserverPipeline_MCKineticsObserver_MCKineticsObserverBackupValinor_contacts_LeftFootCenter_refPoseBeforeCorrection_position_y
    Observers_MainObserverPipeline_MCKineticsObserver_MCKineticsObserverBackupValinor_contacts_LeftFootCenter_refPoseBeforeCorrection_position_z
    Observers_MainObserverPipeline_MCKineticsObserver_MCKineticsObserverBackupValinor_contacts_LeftFootCenter_refPose_position_x
    Observers_MainObserverPipeline_MCKineticsObserver_MCKineticsObserverBackupValinor_contacts_LeftFootCenter_refPose_position_y
    Observers_MainObserverPipeline_MCKineticsObserver_MCKineticsObserverBackupValinor_contacts_LeftFootCenter_refPose_position_z
    Observers_MainObserverPipeline_MCKineticsObserver_MCKineticsObserverBackupValinor_contacts_LeftFootCenter_worldImuKineFromRef_position_x
    Observers_MainObserverPipeline_MCKineticsObserver_MCKineticsObserverBackupValinor_contacts_LeftFootCenter_worldImuKineFromRef_position_y
    Observers_MainObserverPipeline_MCKineticsObserver_MCKineticsObserverBackupValinor_contacts_LeftFootCenter_worldImuKineFromRef_position_z
    Observers_MainObserverPipeline_MCKineticsObserver_MCKineticsObserverBackupValinor_contacts_RightFootCenter_bodyContactKine__position_x
    Observers_MainObserverPipeline_MCKineticsObserver_MCKineticsObserverBackupValinor_contacts_RightFootCenter_bodyContactKine__position_y
    Observers_MainObserverPipeline_MCKineticsObserver_MCKineticsObserverBackupValinor_contacts_RightFootCenter_bodyContactKine__position_z
    Observers_MainObserverPipeline_MCKineticsObserver_MCKineticsObserverBackupValinor_contacts_RightFootCenter_currentWorldContactKine_position_x
    Observers_MainObserverPipeline_MCKineticsObserver_MCKineticsObserverBackupValinor_contacts_RightFootCenter_currentWorldContactKine_position_y
    Observers_MainObserverPipeline_MCKineticsObserver_MCKineticsObserverBackupValinor_contacts_RightFootCenter_currentWorldContactKine_position_z
    Observers_MainObserverPipeline_MCKineticsObserver_MCKineticsObserverBackupValinor_contacts_RightFootCenter_newIncomingWorldRefKine_position_x
    Observers_MainObserverPipeline_MCKineticsObserver_MCKineticsObserverBackupValinor_contacts_RightFootCenter_newIncomingWorldRefKine_position_y
--- contacts?_.*orientation  (34)
    Observers_MainObserverPipeline_MCKineticsObserver_MEKF_estimatedState_contact_LeftFootCenter_initialRestOrientationCorrectionDeg
    Observers_MainObserverPipeline_MCKineticsObserver_MEKF_estimatedState_contact_LeftFootCenter_initialRestOrientationCorrection_x
    Observers_MainObserverPipeline_MCKineticsObserver_MEKF_estimatedState_contact_LeftFootCenter_initialRestOrientationCorrection_y
    Observers_MainObserverPipeline_MCKineticsObserver_MEKF_estimatedState_contact_LeftFootCenter_initialRestOrientationCorrection_z
    Observers_MainObserverPipeline_MCKineticsObserver_MEKF_estimatedState_contact_LeftFootCenter_orientation_RollPitchYaw_x
    Observers_MainObserverPipeline_MCKineticsObserver_MEKF_estimatedState_contact_LeftFootCenter_orientation_RollPitchYaw_y
    Observers_MainObserverPipeline_MCKineticsObserver_MEKF_estimatedState_contact_LeftFootCenter_orientation_RollPitchYaw_z
    Observers_MainObserverPipeline_MCKineticsObserver_MEKF_estimatedState_contact_LeftFootCenter_orientation_w
    Observers_MainObserverPipeline_MCKineticsObserver_MEKF_estimatedState_contact_LeftFootCenter_orientation_x
    Observers_MainObserverPipeline_MCKineticsObserver_MEKF_estimatedState_contact_LeftFootCenter_orientation_y
    Observers_MainObserverPipeline_MCKineticsObserver_MEKF_estimatedState_contact_LeftFootCenter_orientation_z
    Observers_MainObserverPipeline_MCKineticsObserver_MEKF_estimatedState_contact_RightFootCenter_initialRestOrientationCorrectionDeg
    Observers_MainObserverPipeline_MCKineticsObserver_MEKF_estimatedState_contact_RightFootCenter_initialRestOrientationCorrection_x
    Observers_MainObserverPipeline_MCKineticsObserver_MEKF_estimatedState_contact_RightFootCenter_initialRestOrientationCorrection_y
    Observers_MainObserverPipeline_MCKineticsObserver_MEKF_estimatedState_contact_RightFootCenter_initialRestOrientationCorrection_z
    Observers_MainObserverPipeline_MCKineticsObserver_MEKF_estimatedState_contact_RightFootCenter_orientation_RollPitchYaw_x
    Observers_MainObserverPipeline_MCKineticsObserver_MEKF_estimatedState_contact_RightFootCenter_orientation_RollPitchYaw_y
    Observers_MainObserverPipeline_MCKineticsObserver_MEKF_estimatedState_contact_RightFootCenter_orientation_RollPitchYaw_z
    Observers_MainObserverPipeline_MCKineticsObserver_MEKF_estimatedState_contact_RightFootCenter_orientation_w
    Observers_MainObserverPipeline_MCKineticsObserver_MEKF_estimatedState_contact_RightFootCenter_orientation_x
    Observers_MainObserverPipeline_MCKineticsObserver_MEKF_estimatedState_contact_RightFootCenter_orientation_y
    Observers_MainObserverPipeline_MCKineticsObserver_MEKF_estimatedState_contact_RightFootCenter_orientation_z
    Observers_MainObserverPipeline_MCKineticsObserver_MEKF_innovation_contacts_LeftFootCenter_orientation_x
    Observers_MainObserverPipeline_MCKineticsObserver_MEKF_innovation_contacts_LeftFootCenter_orientation_y
    Observers_MainObserverPipeline_MCKineticsObserver_MEKF_innovation_contacts_LeftFootCenter_orientation_z
    Observers_MainObserverPipeline_MCKineticsObserver_MEKF_innovation_contacts_RightFootCenter_orientation_x
--- ori(entation)?$  (0)
