[measurements_.*[Aa]ccel] 18
    Observers_MainObserverPipeline_MCKineticsObserver_MEKF_measurements_accelerometer_Accelerometer_corrected_x
    Observers_MainObserverPipeline_MCKineticsObserver_MEKF_measurements_accelerometer_Accelerometer_corrected_y
    Observers_MainObserverPipeline_MCKineticsObserver_MEKF_measurements_accelerometer_Accelerometer_corrected_z
    Observers_MainObserverPipeline_MCKineticsObserver_MEKF_measurements_accelerometer_Accelerometer_measured_x
    Observers_MainObserverPipeline_MCKineticsObserver_MEKF_measurements_accelerometer_Accelerometer_measured_y
[measurements_.*gyro] 9
    Observers_MainObserverPipeline_MCKineticsObserver_MEKF_measurements_gyro_Accelerometer_corrected_x
    Observers_MainObserverPipeline_MCKineticsObserver_MEKF_measurements_gyro_Accelerometer_corrected_y
    Observers_MainObserverPipeline_MCKineticsObserver_MEKF_measurements_gyro_Accelerometer_corrected_z
    Observers_MainObserverPipeline_MCKineticsObserver_MEKF_measurements_gyro_Accelerometer_measured_x
    Observers_MainObserverPipeline_MCKineticsObserver_MEKF_measurements_gyro_Accelerometer_measured_y
[_predicted] 22
    Observers_MainObserverPipeline_MCKineticsObserver_MEKF_measurements_absoluteOri_predicted_w
    Observers_MainObserverPipeline_MCKineticsObserver_MEKF_measurements_absoluteOri_predicted_x
    Observers_MainObserverPipeline_MCKineticsObserver_MEKF_measurements_absoluteOri_predicted_y
    Observers_MainObserverPipeline_MCKineticsObserver_MEKF_measurements_absoluteOri_predicted_z
    Observers_MainObserverPipeline_MCKineticsObserver_MEKF_measurements_accelerometer_Accelerometer_predicted_x
[_measured] 46
    Observers_MainObserverPipeline_MCKineticsObserver_MEKF_measurements_absoluteOri_measured_w
    Observers_MainObserverPipeline_MCKineticsObserver_MEKF_measurements_absoluteOri_measured_x
    Observers_MainObserverPipeline_MCKineticsObserver_MEKF_measurements_absoluteOri_measured_y
    Observers_MainObserverPipeline_MCKineticsObserver_MEKF_measurements_absoluteOri_measured_z
    Observers_MainObserverPipeline_MCKineticsObserver_MEKF_measurements_accelerometer_Accelerometer_measured_x
