[1/31] Building CXX object src/CMakeFiles/SLAMObserver.dir/filtering.cpp.o
[2/31] Building CXX object src/CMakeFiles/mc_state_observation.dir/conversions/kinematics.cpp.o
[3/31] Building CXX object tests/CMakeFiles/Test_Runner.dir/test_run.cpp.o
[4/31] Building CXX object src/CMakeFiles/MocapObserverROS.dir/MocapObserverROS.cpp.o
[5/31] Building CXX object src/CMakeFiles/MocapObserver.dir/MocapObserver.cpp.o
[6/31] Building CXX object src/CMakeFiles/SLAMObserver.dir/SLAMObserver.cpp.o
[7/31] Building CXX object src/CMakeFiles/TiltObserver.dir/TiltObserver.cpp.o
[8/31] Building CXX object src/CMakeFiles/AttitudeObserver.dir/AttitudeObserver.cpp.o
[9/31] Building CXX object src/CMakeFiles/MCWaiko.dir/MCWaiko.cpp.o
../../src/mc_state_observation/src/MCWaiko.cpp: In lambda function:
../../src/mc_state_observation/src/MCWaiko.cpp:283:39: warning: possibly dangling reference to a temporary [-Wdangling-reference]
  283 |     const stateObservation::Vector3 & forceMeas =
      |                                       ^~~~~~~~~
../../src/mc_state_observation/src/MCWaiko.cpp:284:116: note: the temporary was destroyed at the end of the full expression ‘mc_rbdyn::ForceSensor::wrenchWithoutGravity(const mc_rbdyn::Robot&) const((* & realRobot)).sva::ForceVec<double>::force()’
  284 |         measRobot.indirectSurfaceForceSensor(maintainedContact.surfaceName()).wrenchWithoutGravity(realRobot).force();
      |         ~~~~~~~~~~~~~~~~~~~~~~~~~~~~~~~~~~~~~~~~~~~~~~~~~~~~~~~~~~~~~~~~~~~~~~~~~~~~~~~~~~~~~~~~~~~~~~~~~~~~~~~~~~~^~
[10/31] Building CXX object src/CMakeFiles/MCValinor.dir/MCValinor.cpp.o
../../src/mc_state_observation/src/MCValinor.cpp: In lambda function:
../../src/mc_state_observation/src/MCValinor.cpp:258:39: warning: possibly dangling reference to a temporary [-Wdangling-reference]
  258 |     const stateObservation::Vector3 & forceMeas = fs.wrenchWithoutGravity(ctl.realRobot()).force();
      |                                       ^~~~~~~~~
../../src/mc_state_observation/src/MCValinor.cpp:258:97: note: the temporary was destroyed at the end of the full expression ‘mc_rbdyn::ForceSensor::wrenchWithoutGravity(const mc_rbdyn::Robot&) const((* &(& ctl)->mc_control::MCController::realRobot())).sva::ForceVec<double>::force()’
  258 |     const stateObservation::Vector3 & forceMeas = fs.wrenchWithoutGravity(ctl.realRobot()).force();
      |                                                   ~~~~~~~~~~~~~~~~~~~~~~~~~~~~~~~~~~~~~~~~~~~~~~^~
[11/31] Building CXX object src/CMakeFiles/ObjectObserver.dir/ObjectObserver.cpp.o
[12/31] Linking CXX shared library src/libmc_state_observation.so
[13/31] Linking CXX shared library src/MocapObserver.so
[14/31] Linking CXX executable tests/Test_MCKineticsObserver
[15/31] Linking CXX executable tests/Test_Attitude
[16/31] Linking CXX executable tests/Test_SLAM
[17/31] Linking CXX executable tests/Test_MCValinor
[18/31] Linking CXX executable tests/Test_MocapObserverROS
[19/31] Linking CXX executable tests/Test_Tilt
[20/31] Linking CXX executable tests/Test_Object
[21/31] Linking CXX shared library src/AttitudeObserver.so
[22/31] Linking CXX shared library src/SLAMObserver.so
[23/31] Linking CXX shared library src/MocapObserverROS.so
[24/31] Linking CXX shared library src/MCWaiko.so
[25/31] Linking CXX shared library src/TiltObserver.so
[26/31] Linking CXX shared library src/ObjectObserver.so
[27/31] Linking CXX shared library src/MCValinor.so
[28/31] Building CXX object src/CMakeFiles/MocapVisualizer.dir/MocapVisualizer.cpp.o
../../src/mc_state_observation/src/MocapVisualizer.cpp: In member function ‘virtual bool mc_state_observation::MocapVisualizer::run(const mc_control::MCController&)’:
../../src/mc_state_observation/src/MocapVisualizer.cpp:66:16: warning: unused variable ‘robot’ [-Wunused-variable]
   66 |   const auto & robot = ctl.robot(robot_);
      |                ^~~~~
../../src/mc_state_observation/src/MocapVisualizer.cpp:67:16: warning: unused variable ‘realRobot’ [-Wunused-variable]
   67 |   const auto & realRobot = ctl.realRobot(robot_);
      |                ^~~~~~~~~
../../src/mc_state_observation/src/MocapVisualizer.cpp:110:1: warning: no return statement in function returning non-void [-Wreturn-type]
  110 | }
      | ^
../../src/mc_state_observation/src/MocapVisualizer.cpp: In member function ‘void mc_state_observation::MocapVisualizer::updateContacts(const mc_control::MCController&)’:
../../src/mc_state_observation/src/MocapVisualizer.cpp:136:15: warning: unused variable ‘ct’ [-Wunused-variable]
  136 |     Contact & ct = contact.second;
      |               ^~
../../src/mc_state_observation/src/MocapVisualizer.cpp: In member function ‘virtual void mc_state_observation::MocapVisualizer::addToLogger(const mc_control::MCController&, mc_rtc::Logger&, const std::string&)’:
../../src/mc_state_observation/src/MocapVisualizer.cpp:201:40: warning: type qualifiers ignored on function return type [-Wignored-qualifiers]
  201 |                      [this]() -> const double
      |                                        ^~~~~~
../../src/mc_state_observation/src/MocapVisualizer.cpp: In member function ‘virtual void mc_state_observation::MocapVisualizer::removeFromLogger(mc_rtc::Logger&, const std::string&)’:
../../src/mc_state_observation/src/MocapVisualizer.cpp:216:57: warning: unused parameter ‘logger’ [-Wunused-parameter]
  216 | void MocapVisualizer::removeFromLogger(mc_rtc::Logger & logger, const std::string & category) {}
      |                                        ~~~~~~~~~~~~~~~~~^~~~~~
../../src/mc_state_observation/src/MocapVisualizer.cpp:216:85: warning: unused parameter ‘category’ [-Wunused-parameter]
  216 | void MocapVisualizer::removeFromLogger(mc_rtc::Logger & logger, const std::string & category) {}
      |                                                                 ~~~~~~~~~~~~~~~~~~~~^~~~~~~~
../../src/mc_state_observation/src/MocapVisualizer.cpp: In member function ‘virtual void mc_state_observation::MocapVisualizer::addToGUI(const mc_control::MCController&, mc_rtc::gui::StateBuilder&, const std::vector<std::__cxx11::basic_string<char> >&)’:
../../src/mc_state_observation/src/MocapVisualizer.cpp:219:60: warning: unused parameter ‘gui’ [-Wunused-parameter]
  219 |                                mc_rtc::gui::StateBuilder & gui,
      |                                ~~~~~~~~~~~~~~~~~~~~~~~~~~~~^~~
../../src/mc_state_observation/src/MocapVisualizer.cpp:220:65: warning: unused parameter ‘category’ [-Wunused-parameter]
  220 |                                const std::vector<std::string> & category)
      |                                ~~~~~~~~~~~~~~~~~~~~~~~~~~~~~~~~~^~~~~~~~
../../src/mc_state_observation/src/MocapVisualizer.cpp: In member function ‘void mc_state_observation::MocapVisualizer::extractMocapData()’:
../../src/mc_state_observation/src/MocapVisualizer.cpp:366:28: warning: comparison of integer expressions of different signedness: ‘int’ and ‘std::vector<std::__cxx11::basic_string<char> >::size_type’ {aka ‘long unsigned int’} [-Wsign-compare]
  366 |           for(int j = 0; j < newRow.size(); j++) { myfile << newRow[j] << " "; }
      |                          ~~^~~~~~~~~~~~~~~
../../src/mc_state_observation/src/MocapVisualizer.cpp:260:17: warning: variable ‘realignmentMatrix’ set but not used [-Wunused-but-set-variable]
  260 |     so::Matrix3 realignmentMatrix = so::Matrix3::Zero();
      |                 ^~~~~~~~~~~~~~~~~
[29/31] Linking CXX shared library src/MocapVisualizer.so
[30/31] Building CXX object src/CMakeFiles/MCKineticsObserver.dir/MCKineticsObserver.cpp.o
[31/31] Linking CXX shared library src/MCKineticsObserver.so
-- Install configuration: "Debug"
-- Installing: /home/arnaud/devel/install/lib/libmc_state_observation.so
-- Set non-toolchain portion of runtime path of "/home/arnaud/devel/install/lib/libmc_state_observation.so" to ""
-- Installing: /home/arnaud/devel/install/lib/mc_observers/AttitudeObserver.so
-- Set non-toolchain portion of runtime path of "/home/arnaud/devel/install/lib/mc_observers/AttitudeObserver.so" to "/home/arnaud/devel/install/lib/mc_observers"
-- Up-to-date: /home/arnaud/devel/install/lib/mc_observers/AttitudeObserver.so
-- Installing: /home/arnaud/devel/install/lib/mc_observers/MCWaiko.so
-- Set non-toolchain portion of runtime path of "/home/arnaud/devel/install/lib/mc_observers/MCWaiko.so" to "/home/arnaud/devel/install/lib/mc_observers"
-- Up-to-date: /home/arnaud/devel/install/lib/mc_observers/MCWaiko.so
-- Installing: /home/arnaud/devel/install/lib/mc_observers/TiltObserver.so
-- Set non-toolchain portion of runtime path of "/home/arnaud/devel/install/lib/mc_observers/TiltObserver.so" to "/home/arnaud/devel/install/lib/mc_observers"
-- Up-to-date: /home/arnaud/devel/install/lib/mc_observers/TiltObserver.so
-- Installing: /home/arnaud/devel/install/lib/mc_observers/MocapVisualizer.so
-- Set non-toolchain portion of runtime path of "/home/arnaud/devel/install/lib/mc_observers/MocapVisualizer.so" to "/home/arnaud/devel/install/lib/mc_observers"
-- Up-to-date: /home/arnaud/devel/install/lib/mc_observers/MocapVisualizer.so
-- Installing: /home/arnaud/devel/install/lib/mc_observers/MCKineticsObserver.so
-- Set non-toolchain portion of runtime path of "/home/arnaud/devel/install/lib/mc_observers/MCKineticsObserver.so" to "/home/arnaud/devel/install/lib/mc_observers"
-- Installing: /home/arnaud/devel/install/lib/mc_observers/MCValinor.so
-- Set non-toolchain portion of runtime path of "/home/arnaud/devel/install/lib/mc_observers/MCValinor.so" to "/home/arnaud/devel/install/lib/mc_observers"
-- Installing: /home/arnaud/devel/install/lib/mc_observers/MocapObserver.so
-- Set non-toolchain portion of runtime path of "/home/arnaud/devel/install/lib/mc_observers/MocapObserver.so" to "/home/arnaud/devel/install/lib/mc_observers"
-- Up-to-date: /home/arnaud/devel/install/lib/mc_observers/MocapObserver.so
-- Installing: /home/arnaud/devel/install/lib/mc_observers/MocapObserverROS.so
-- Set non-toolchain portion of runtime path of "/home/arnaud/devel/install/lib/mc_observers/MocapObserverROS.so" to "/home/arnaud/devel/install/lib/mc_observers"
-- Up-to-date: /home/arnaud/devel/install/lib/mc_observers/MocapObserverROS.so
-- Installing: /home/arnaud/devel/install/lib/mc_observers/SLAMObserver.so
-- Set non-toolchain portion of runtime path of "/home/arnaud/devel/install/lib/mc_observers/SLAMObserver.so" to "/home/arnaud/devel/install/lib/mc_observers"
-- Installing: /home/arnaud/devel/install/lib/mc_observers/ObjectObserver.so
-- Set non-toolchain portion of runtime path of "/home/arnaud/devel/install/lib/mc_observers/ObjectObserver.so" to "/home/arnaud/devel/install/lib/mc_observers"
-- Up-to-date: /home/arnaud/devel/install/lib/mc_observers/ObjectObserver.so
-- Up-to-date: /home/arnaud/devel/install/include/mc_state_observation
-- Up-to-date: /home/arnaud/devel/install/include/mc_state_observation/MocapObserverROS.h
-- Up-to-date: /home/arnaud/devel/install/include/mc_state_observation/MCWaiko.h
-- Up-to-date: /home/arnaud/devel/install/include/mc_state_observation/SLAMObserver.h
-- Up-to-date: /home/arnaud/devel/install/include/mc_state_observation/MocapObserver.h
-- Up-to-date: /home/arnaud/devel/install/include/mc_state_observation/AttitudeObserver.h
-- Up-to-date: /home/arnaud/devel/install/include/mc_state_observation/measurements
-- Up-to-date: /home/arnaud/devel/install/include/mc_state_observation/measurements/ContactsDetector.hpp
-- Up-to-date: /home/arnaud/devel/install/include/mc_state_observation/measurements/ContactsDetector.h
-- Up-to-date: /home/arnaud/devel/install/include/mc_state_observation/measurements/ContactsDetectorConfiguration.h
-- Up-to-date: /home/arnaud/devel/install/include/mc_state_observation/measurements/IMU.h
-- Up-to-date: /home/arnaud/devel/install/include/mc_state_observation/measurements/Sensor.h
-- Up-to-date: /home/arnaud/devel/install/include/mc_state_observation/filtering.h
-- Up-to-date: /home/arnaud/devel/install/include/mc_state_observation/MocapVisualizer.h
-- Up-to-date: /home/arnaud/devel/install/include/mc_state_observation/ros.h
-- Up-to-date: /home/arnaud/devel/install/include/mc_state_observation/MCValinor.h
-- Up-to-date: /home/arnaud/devel/install/include/mc_state_observation/TiltObserver.h
-- Up-to-date: /home/arnaud/devel/install/include/mc_state_observation/ObjectObserver.h
-- Up-to-date: /home/arnaud/devel/install/include/mc_state_observation/conversions
-- Up-to-date: /home/arnaud/devel/install/include/mc_state_observation/conversions/kinematics.h
-- Up-to-date: /home/arnaud/devel/install/include/mc_state_observation/MCKineticsObserver.h
-- Up-to-date: /home/arnaud/devel/install/include/mc_state_observation/MCKineticsObserverFG.h
-- Up-to-date: /home/arnaud/devel/install/include/mc_state_observation/gui_helpers.h
-- Up-to-date: /home/arnaud/devel/install/lib/mc_observers/MCKineticsObserver
-- Up-to-date: /home/arnaud/devel/install/lib/mc_observers/MCKineticsObserver/jvrc1.yaml
-- Up-to-date: /home/arnaud/devel/install/lib/mc_observers/MCKineticsObserver/hrp5_p.yaml
-- Up-to-date: /home/arnaud/devel/install/lib/mc_observers/MCKineticsObserver/rhps1.yaml
-- Up-to-date: /home/arnaud/devel/install/lib/mc_observers/etc/MCKineticsObserver.yaml
-- Up-to-date: /home/arnaud/devel/install/lib/mc_observers/etc/Tilt.yaml
-- Up-to-date: /home/arnaud/devel/install/lib/mc_observers/etc/MCWaiko.yaml
-- Up-to-date: /home/arnaud/devel/install/lib/mc_observers/etc/MCValinor.yaml
-- Up-to-date: /home/arnaud/devel/install/lib/pkgconfig/mc_state_observation.pc
-- Installing: /home/arnaud/devel/install/share/ament_index/resource_index/packages/mc_state_observation
-- Installing: /home/arnaud/devel/install/share/mc_state_observation/hook/ament_prefix_path.dsv
-- Installing: /home/arnaud/devel/install/share/mc_state_observation/hook/python_path.dsv
-- Up-to-date: /home/arnaud/devel/install/lib/cmake/mc_state_observation/cxx-standard.cmake
-- Up-to-date: /home/arnaud/devel/install/lib/cmake/mc_state_observation/mc_state_observationConfig.cmake
-- Up-to-date: /home/arnaud/devel/install/lib/cmake/mc_state_observation/mc_state_observationConfigVersion.cmake
-- Up-to-date: /home/arnaud/devel/install/lib/cmake/mc_state_observation/mc_state_observationTargets.cmake
-- Up-to-date: /home/arnaud/devel/install/lib/cmake/mc_state_observation/mc_state_observationTargets-debug.cmake
