+ ros2 run test_state_obs_ros2 bin_to_rosbag_kinetics.py --bin /home/arnaud/devel/src/data_manipulation_tools/Projects/HRP5_MultiContact_1/output_data/kinetics_eval/logReplay_full.bin --out /home/arnaud/devel/src/data_manipulation_tools/Projects/HRP5_MultiContact_1/output_data/kinetics_eval/input_bag --force --robot hrp5_p --write-config /home/arnaud/devel/src/data_manipulation_tools/Projects/HRP5_MultiContact_1/output_data/kinetics_eval/resolved_config.yaml --require-exact --observer-prefix Observers_MainObserverPipeline_MCKineticsObserver --mc-rtc-config /tmp/mc_rtc_convert_xr4mg5jr/observers/MCKineticsObserver.yaml
[INFO] [1788345432.206359398] [rosbag2_storage]: Opened database '/home/arnaud/devel/src/data_manipulation_tools/Projects/HRP5_MultiContact_1/output_data/kinetics_eval/input_bag/input_bag_0.db3' for READ_WRITE.
Wrote 11151 Kinetics inputs to /home/arnaud/devel/src/data_manipulation_tools/Projects/HRP5_MultiContact_1/output_data/kinetics_eval/input_bag
HRP5_MultiContact_1: prepared /home/arnaud/devel/src/data_manipulation_tools/Projects/HRP5_MultiContact_1/output_data/kinetics_eval/input_bag
+ ros2 run test_state_obs_ros2 bin_to_rosbag_kinetics.py --bin /home/arnaud/devel/src/data_manipulation_tools/Projects/HRP5_MultiContact_2/output_data/kinetics_eval/logReplay_full.bin --out /home/arnaud/devel/src/data_manipulation_tools/Projects/HRP5_MultiContact_2/output_data/kinetics_eval/input_bag --force --robot hrp5_p --write-config /home/arnaud/devel/src/data_manipulation_tools/Projects/HRP5_MultiContact_2/output_data/kinetics_eval/resolved_config.yaml --require-exact --observer-prefix Observers_MainObserverPipeline_MCKineticsObserver --mc-rtc-config /tmp/mc_rtc_convert_pu_oe75b/observers/MCKineticsObserver.yaml
[INFO] [1788345436.612308960] [rosbag2_storage]: Opened database '/home/arnaud/devel/src/data_manipulation_tools/Projects/HRP5_MultiContact_2/output_data/kinetics_eval/input_bag/input_bag_0.db3' for READ_WRITE.
Wrote 10249 Kinetics inputs to /home/arnaud/devel/src/data_manipulation_tools/Projects/HRP5_MultiContact_2/output_data/kinetics_eval/input_bag
HRP5_MultiContact_2: prepared /home/arnaud/devel/src/data_manipulation_tools/Projects/HRP5_MultiContact_2/output_data/kinetics_eval/input_bag
+ ros2 run test_state_obs_ros2 bin_to_rosbag_kinetics.py --bin /home/arnaud/devel/src/data_manipulation_tools/Projects/HRP5_MultiContact_3/output_data/kinetics_eval/logReplay_full.bin --out /home/arnaud/devel/src/data_manipulation_tools/Projects/HRP5_MultiContact_3/output_data/kinetics_eval/input_bag --force --robot hrp5_p --write-config /home/arnaud/devel/src/data_manipulation_tools/Projects/HRP5_MultiContact_3/output_data/kinetics_eval/resolved_config.yaml --require-exact --observer-prefix Observers_MainObserverPipeline_MCKineticsObserver --mc-rtc-config /tmp/mc_rtc_convert_yyl7knhp/observers/MCKineticsObserver.yaml
[INFO] [1788345440.653701325] [rosbag2_storage]: Opened database '/home/arnaud/devel/src/data_manipulation_tools/Projects/HRP5_MultiContact_3/output_data/kinetics_eval/input_bag/input_bag_0.db3' for READ_WRITE.
Wrote 10581 Kinetics inputs to /home/arnaud/devel/src/data_manipulation_tools/Projects/HRP5_MultiContact_3/output_data/kinetics_eval/input_bag
HRP5_MultiContact_3: prepared /home/arnaud/devel/src/data_manipulation_tools/Projects/HRP5_MultiContact_3/output_data/kinetics_eval/input_bag
+ ros2 run test_state_obs_ros2 bin_to_rosbag_kinetics.py --bin /home/arnaud/devel/src/data_manipulation_tools/Projects/HRP5_MultiContact_4/output_data/kinetics_eval/logReplay_full.bin --out /home/arnaud/devel/src/data_manipulation_tools/Projects/HRP5_MultiContact_4/output_data/kinetics_eval/input_bag --force --robot hrp5_p --write-config /home/arnaud/devel/src/data_manipulation_tools/Projects/HRP5_MultiContact_4/output_data/kinetics_eval/resolved_config.yaml --require-exact --observer-prefix Observers_MainObserverPipeline_MCKineticsObserver --mc-rtc-config /tmp/mc_rtc_convert_ddz3x_4q/observers/MCKineticsObserver.yaml
[INFO] [1788345444.644640454] [rosbag2_storage]: Opened database '/home/arnaud/devel/src/data_manipulation_tools/Projects/HRP5_MultiContact_4/output_data/kinetics_eval/input_bag/input_bag_0.db3' for READ_WRITE.
Wrote 10438 Kinetics inputs to /home/arnaud/devel/src/data_manipulation_tools/Projects/HRP5_MultiContact_4/output_data/kinetics_eval/input_bag
HRP5_MultiContact_4: prepared /home/arnaud/devel/src/data_manipulation_tools/Projects/HRP5_MultiContact_4/output_data/kinetics_eval/input_bag
+ ros2 run test_state_obs_ros2 bin_to_rosbag_kinetics.py --bin /home/arnaud/devel/src/data_manipulation_tools/Projects/KO_TRO2024_RHPS1_1/output_data/kinetics_eval/logReplay_full.bin --out /home/arnaud/devel/src/data_manipulation_tools/Projects/KO_TRO2024_RHPS1_1/output_data/kinetics_eval/input_bag --force --robot rhps1 --write-config /home/arnaud/devel/src/data_manipulation_tools/Projects/KO_TRO2024_RHPS1_1/output_data/kinetics_eval/resolved_config.yaml --require-exact --observer-prefix Observers_MainObserverPipeline_MCKineticsObserver --mc-rtc-config /tmp/mc_rtc_convert__opgnnyn/observers/MCKineticsObserver.yaml
[INFO] [1788345461.808652058] [rosbag2_storage]: Opened database '/home/arnaud/devel/src/data_manipulation_tools/Projects/KO_TRO2024_RHPS1_1/output_data/kinetics_eval/input_bag/input_bag_0.db3' for READ_WRITE.
Wrote 81792 Kinetics inputs to /home/arnaud/devel/src/data_manipulation_tools/Projects/KO_TRO2024_RHPS1_1/output_data/kinetics_eval/input_bag
KO_TRO2024_RHPS1_1: prepared /home/arnaud/devel/src/data_manipulation_tools/Projects/KO_TRO2024_RHPS1_1/output_data/kinetics_eval/input_bag
+ ros2 run test_state_obs_ros2 bin_to_rosbag_kinetics.py --bin /home/arnaud/devel/src/data_manipulation_tools/Projects/KO_TRO2024_RHPS1_2/output_data/kinetics_eval/logReplay_full.bin --out /home/arnaud/devel/src/data_manipulation_tools/Projects/KO_TRO2024_RHPS1_2/output_data/kinetics_eval/input_bag --force --robot rhps1 --write-config /home/arnaud/devel/src/data_manipulation_tools/Projects/KO_TRO2024_RHPS1_2/output_data/kinetics_eval/resolved_config.yaml --require-exact --observer-prefix Observers_MainObserverPipeline_MCKineticsObserver --mc-rtc-config /tmp/mc_rtc_convert_0zadq3nf/observers/MCKineticsObserver.yaml
[INFO] [1788345490.392674975] [rosbag2_storage]: Opened database '/home/arnaud/devel/src/data_manipulation_tools/Projects/KO_TRO2024_RHPS1_2/output_data/kinetics_eval/input_bag/input_bag_0.db3' for READ_WRITE.
Wrote 104897 Kinetics inputs to /home/arnaud/devel/src/data_manipulation_tools/Projects/KO_TRO2024_RHPS1_2/output_data/kinetics_eval/input_bag
KO_TRO2024_RHPS1_2: prepared /home/arnaud/devel/src/data_manipulation_tools/Projects/KO_TRO2024_RHPS1_2/output_data/kinetics_eval/input_bag
+ ros2 run test_state_obs_ros2 bin_to_rosbag_kinetics.py --bin /home/arnaud/devel/src/data_manipulation_tools/Projects/KO_TRO2024_RHPS1_3/output_data/kinetics_eval/logReplay_full.bin --out /home/arnaud/devel/src/data_manipulation_tools/Projects/KO_TRO2024_RHPS1_3/output_data/kinetics_eval/input_bag --force --robot rhps1 --write-config /home/arnaud/devel/src/data_manipulation_tools/Projects/KO_TRO2024_RHPS1_3/output_data/kinetics_eval/resolved_config.yaml --require-exact --observer-prefix Observers_MainObserverPipeline_MCKineticsObserver --mc-rtc-config /tmp/mc_rtc_convert_oq45t8gj/observers/MCKineticsObserver.yaml
[INFO] [1788345515.905799604] [rosbag2_storage]: Opened database '/home/arnaud/devel/src/data_manipulation_tools/Projects/KO_TRO2024_RHPS1_3/output_data/kinetics_eval/input_bag/input_bag_0.db3' for READ_WRITE.
Wrote 80813 Kinetics inputs to /home/arnaud/devel/src/data_manipulation_tools/Projects/KO_TRO2024_RHPS1_3/output_data/kinetics_eval/input_bag
KO_TRO2024_RHPS1_3: prepared /home/arnaud/devel/src/data_manipulation_tools/Projects/KO_TRO2024_RHPS1_3/output_data/kinetics_eval/input_bag
+ ros2 run test_state_obs_ros2 bin_to_rosbag_kinetics.py --bin /home/arnaud/devel/src/data_manipulation_tools/Projects/KO_TRO2024_RHPS1_4/output_data/kinetics_eval/logReplay_full.bin --out /home/arnaud/devel/src/data_manipulation_tools/Projects/KO_TRO2024_RHPS1_4/output_data/kinetics_eval/input_bag --force --robot rhps1 --write-config /home/arnaud/devel/src/data_manipulation_tools/Projects/KO_TRO2024_RHPS1_4/output_data/kinetics_eval/resolved_config.yaml --require-exact --observer-prefix Observers_MainObserverPipeline_MCKineticsObserver --mc-rtc-config /tmp/mc_rtc_convert_7f9k95es/observers/MCKineticsObserver.yaml
[INFO] [1788345542.716489943] [rosbag2_storage]: Opened database '/home/arnaud/devel/src/data_manipulation_tools/Projects/KO_TRO2024_RHPS1_4/output_data/kinetics_eval/input_bag/input_bag_0.db3' for READ_WRITE.
Wrote 97257 Kinetics inputs to /home/arnaud/devel/src/data_manipulation_tools/Projects/KO_TRO2024_RHPS1_4/output_data/kinetics_eval/input_bag
KO_TRO2024_RHPS1_4: prepared /home/arnaud/devel/src/data_manipulation_tools/Projects/KO_TRO2024_RHPS1_4/output_data/kinetics_eval/input_bag
+ ros2 run test_state_obs_ros2 bin_to_rosbag_kinetics.py --bin /home/arnaud/devel/src/data_manipulation_tools/Projects/KO_TRO2024_RHPS1_5/output_data/kinetics_eval/logReplay_full.bin --out /home/arnaud/devel/src/data_manipulation_tools/Projects/KO_TRO2024_RHPS1_5/output_data/kinetics_eval/input_bag --force --robot rhps1 --write-config /home/arnaud/devel/src/data_manipulation_tools/Projects/KO_TRO2024_RHPS1_5/output_data/kinetics_eval/resolved_config.yaml --require-exact --observer-prefix Observers_MainObserverPipeline_MCKineticsObserver --mc-rtc-config /tmp/mc_rtc_convert_yjzx70tu/observers/MCKineticsObserver.yaml
[INFO] [1788345570.531362903] [rosbag2_storage]: Opened database '/home/arnaud/devel/src/data_manipulation_tools/Projects/KO_TRO2024_RHPS1_5/output_data/kinetics_eval/input_bag/input_bag_0.db3' for READ_WRITE.
Wrote 96021 Kinetics inputs to /home/arnaud/devel/src/data_manipulation_tools/Projects/KO_TRO2024_RHPS1_5/output_data/kinetics_eval/input_bag
KO_TRO2024_RHPS1_5: reference starts 207.370 s into the log (sample 41474 of a 5 ms grid)
KO_TRO2024_RHPS1_5: prepared /home/arnaud/devel/src/data_manipulation_tools/Projects/KO_TRO2024_RHPS1_5/output_data/kinetics_eval/input_bag
+ ros2 run test_state_obs_ros2 bin_to_rosbag_kinetics.py --bin /home/arnaud/devel/src/data_manipulation_tools/Projects/KO_TRO_2024_RHPS1_SLIPPAGE_1/output_data/kinetics_eval/logReplay_full.bin --out /home/arnaud/devel/src/data_manipulation_tools/Projects/KO_TRO_2024_RHPS1_SLIPPAGE_1/output_data/kinetics_eval/input_bag --force --robot rhps1 --write-config /home/arnaud/devel/src/data_manipulation_tools/Projects/KO_TRO_2024_RHPS1_SLIPPAGE_1/output_data/kinetics_eval/resolved_config.yaml --require-exact --observer-prefix Observers_MainObserverPipeline_MCKineticsObserver --mc-rtc-config /tmp/mc_rtc_convert_1s0pk8ft/observers/MCKineticsObserver.yaml
[INFO] [1788345581.456836121] [rosbag2_storage]: Opened database '/home/arnaud/devel/src/data_manipulation_tools/Projects/KO_TRO_2024_RHPS1_SLIPPAGE_1/output_data/kinetics_eval/input_bag/input_bag_0.db3' for READ_WRITE.
Wrote 20800 Kinetics inputs to /home/arnaud/devel/src/data_manipulation_tools/Projects/KO_TRO_2024_RHPS1_SLIPPAGE_1/output_data/kinetics_eval/input_bag
KO_TRO_2024_RHPS1_SLIPPAGE_1: prepared /home/arnaud/devel/src/data_manipulation_tools/Projects/KO_TRO_2024_RHPS1_SLIPPAGE_1/output_data/kinetics_eval/input_bag
+ ros2 run test_state_obs_ros2 bin_to_rosbag_kinetics.py --bin /home/arnaud/devel/src/data_manipulation_tools/Projects/KO_TRO_2024_RHPS1_SLIPPAGE_2/output_data/kinetics_eval/logReplay_full.bin --out /home/arnaud/devel/src/data_manipulation_tools/Projects/KO_TRO_2024_RHPS1_SLIPPAGE_2/output_data/kinetics_eval/input_bag --force --robot rhps1 --write-config /home/arnaud/devel/src/data_manipulation_tools/Projects/KO_TRO_2024_RHPS1_SLIPPAGE_2/output_data/kinetics_eval/resolved_config.yaml --require-exact --observer-prefix Observers_MainObserverPipeline_MCKineticsObserver --mc-rtc-config /tmp/mc_rtc_convert_wgt54d7o/observers/MCKineticsObserver.yaml
[INFO] [1788345587.887676709] [rosbag2_storage]: Opened database '/home/arnaud/devel/src/data_manipulation_tools/Projects/KO_TRO_2024_RHPS1_SLIPPAGE_2/output_data/kinetics_eval/input_bag/input_bag_0.db3' for READ_WRITE.
Wrote 22600 Kinetics inputs to /home/arnaud/devel/src/data_manipulation_tools/Projects/KO_TRO_2024_RHPS1_SLIPPAGE_2/output_data/kinetics_eval/input_bag
KO_TRO_2024_RHPS1_SLIPPAGE_2: prepared /home/arnaud/devel/src/data_manipulation_tools/Projects/KO_TRO_2024_RHPS1_SLIPPAGE_2/output_data/kinetics_eval/input_bag
+ ros2 run test_state_obs_ros2 bin_to_rosbag_kinetics.py --bin /home/arnaud/devel/src/data_manipulation_tools/Projects/KO_TRO_2024_RHPS1_SLIPPAGE_3/output_data/kinetics_eval/logReplay_full.bin --out /home/arnaud/devel/src/data_manipulation_tools/Projects/KO_TRO_2024_RHPS1_SLIPPAGE_3/output_data/kinetics_eval/input_bag --force --robot rhps1 --write-config /home/arnaud/devel/src/data_manipulation_tools/Projects/KO_TRO_2024_RHPS1_SLIPPAGE_3/output_data/kinetics_eval/resolved_config.yaml --require-exact --observer-prefix Observers_MainObserverPipeline_MCKineticsObserver --mc-rtc-config /tmp/mc_rtc_convert_x64aiwly/observers/MCKineticsObserver.yaml
[INFO] [1788345594.045257539] [rosbag2_storage]: Opened database '/home/arnaud/devel/src/data_manipulation_tools/Projects/KO_TRO_2024_RHPS1_SLIPPAGE_3/output_data/kinetics_eval/input_bag/input_bag_0.db3' for READ_WRITE.
Wrote 21200 Kinetics inputs to /home/arnaud/devel/src/data_manipulation_tools/Projects/KO_TRO_2024_RHPS1_SLIPPAGE_3/output_data/kinetics_eval/input_bag
KO_TRO_2024_RHPS1_SLIPPAGE_3: prepared /home/arnaud/devel/src/data_manipulation_tools/Projects/KO_TRO_2024_RHPS1_SLIPPAGE_3/output_data/kinetics_eval/input_bag
Editable tuning: None
