recycled 10 of 541 earlier points as seeds (best re-scores to J=+1.2612)
screening skipped: seeding the full phase with 14 points
phase full: 271 trials on 13 datasets, 8 workers
  [full 0006] ok J=+1.6581 geomean=1.066 worst=2.645 wins=30/78 (993s)
  [full 0000] ok J=+1.9132 geomean=1.057 worst=1.776 wins=29/78 (999s)
  [full 0003] ok J=+1.9557 geomean=1.059 worst=1.775 wins=27/78 (1013s)
  [full 0007] ok J=+1.9132 geomean=1.057 worst=1.776 wins=29/78 (1013s)
  [full 0004] ok J=+2.4392 geomean=1.070 worst=3.270 wins=26/78 (1015s)
  [full 0002] ok J=+1.9557 geomean=1.059 worst=1.775 wins=27/78 (1018s)
  [full 0001] failed J=+50.0000 geomean=nan worst=nan wins=0/1 (1020s)
  [full 0005] ok J=+2.9774 geomean=1.105 worst=2.863 wins=26/78 (1020s)
  [full 0008] ok J=+3.8449 geomean=1.128 worst=3.586 wins=26/78 (909s)
  [full 0010] ok J=+1.6348 geomean=1.060 worst=1.973 wins=29/78 (929s)
  [full 0011] ok J=+1.4946 geomean=1.049 worst=2.127 wins=34/78 (928s)
  [full 0013] ok J=+3.3419 geomean=1.164 worst=3.180 wins=21/78 (943s)
  [full 0014] ok J=+5.0266 geomean=1.348 worst=6.872 wins=15/78 (945s)
  [full 0015] ok J=+8.1094 geomean=1.745 worst=10.219 wins=10/78 (945s)
  [full 0012] ok J=+3.1041 geomean=1.094 worst=5.676 wins=26/78 (947s)
  [full 0016] ok J=+6.0919 geomean=1.352 worst=4.875 wins=15/78 (856s)
  [full 0009] failed J=+50.0000 geomean=nan worst=nan wins=0/1 (1810s)
  [full 0018] ok J=+8.3395 geomean=1.495 worst=13.441 wins=16/78 (877s)
  [full 0019] ok J=+3.0695 geomean=1.155 worst=3.175 wins=21/78 (870s)
  [full 0020] ok J=+6.9180 geomean=1.431 worst=10.577 wins=13/78 (882s)
  [full 0021] ok J=+4.6482 geomean=1.236 worst=4.908 wins=19/78 (884s)
  [full 0022] ok J=+4.6203 geomean=1.253 worst=2.639 wins=20/78 (889s)
  [full 0023] ok J=+2.8444 geomean=1.145 worst=3.033 wins=21/78 (846s)
  [full 0024] ok J=+5.0481 geomean=1.305 worst=4.324 wins=13/78 (861s)
  [full 0026] ok J=+7.7139 geomean=1.348 worst=10.455 wins=17/78 (856s)
  [full 0027] ok J=+5.1462 geomean=1.300 worst=3.099 wins=14/78 (838s)
  [full 0017] failed J=+50.0000 geomean=nan worst=nan wins=0/1 (1810s)
  [full 0028] ok J=+2.0284 geomean=1.136 worst=1.806 wins=27/78 (855s)
  [full 0029] ok J=+3.7912 geomean=1.155 worst=3.052 wins=21/78 (851s)
  [full 0030] ok J=+5.0723 geomean=1.321 worst=4.882 wins=13/78 (899s)
  [full 0031] ok J=+3.9433 geomean=1.252 worst=3.367 wins=18/78 (914s)
  [full 0025] failed J=+50.0000 geomean=nan worst=nan wins=0/1 (1811s)
  [full 0032] ok J=+3.7009 geomean=1.193 worst=3.385 wins=21/78 (965s)
  [full 0034] ok J=+4.2482 geomean=1.227 worst=3.762 wins=22/78 (949s)
  [full 0036] ok J=+6.0834 geomean=1.404 worst=8.327 wins=15/78 (970s)
  [full 0035] ok J=+3.1542 geomean=1.139 worst=2.845 wins=24/78 (970s)
  [full 0037] ok J=+4.1585 geomean=1.243 worst=2.148 wins=15/78 (845s)
  [full 0038] ok J=+5.2374 geomean=1.368 worst=9.200 wins=16/78 (849s)
  [full 0039] ok J=+7.0099 geomean=1.442 worst=4.284 wins=18/78 (849s)
  [full 0033] failed J=+50.0000 geomean=nan worst=nan wins=0/1 (1812s)
  [full 0040] ok J=+6.2861 geomean=1.340 worst=9.869 wins=16/78 (844s)
  [full 0042] ok J=+4.9722 geomean=1.286 worst=3.500 wins=17/78 (822s)
  [full 0043] ok J=+2.9916 geomean=1.123 worst=2.233 wins=23/78 (836s)
  [full 0044] ok J=+5.2102 geomean=1.336 worst=4.602 wins=22/78 (821s)
  [full 0045] ok J=+3.7902 geomean=1.204 worst=3.201 wins=20/78 (841s)
  [full 0046] ok J=+3.2868 geomean=1.198 worst=2.753 wins=22/78 (853s)
  [full 0047] ok J=+2.1795 geomean=1.153 worst=2.311 wins=22/78 (847s)
  [full 0048] ok J=+2.5665 geomean=1.129 worst=2.184 wins=24/78 (850s)
  [full 0050] ok J=+3.7764 geomean=1.172 worst=3.635 wins=22/78 (811s)
  [full 0041] failed J=+50.0000 geomean=nan worst=nan wins=0/1 (1810s)
  [full 0051] ok J=+2.7246 geomean=1.103 worst=2.226 wins=25/78 (889s)
  [full 0052] ok J=+4.0483 geomean=1.199 worst=3.168 wins=24/78 (905s)
  [full 0053] ok J=+3.2970 geomean=1.151 worst=3.068 wins=23/78 (928s)
  [full 0054] ok J=+3.6852 geomean=1.205 worst=2.766 wins=19/78 (944s)
  [full 0055] ok J=+3.3955 geomean=1.199 worst=3.592 wins=19/78 (954s)
  [full 0056] ok J=+3.2691 geomean=1.252 worst=3.542 wins=16/78 (950s)
  [full 0049] failed J=+50.0000 geomean=nan worst=nan wins=0/1 (1810s)
  [full 0058] ok J=+4.4843 geomean=1.324 worst=4.299 wins=15/78 (849s)
  [full 0059] ok J=+3.4238 geomean=1.265 worst=3.019 wins=16/78 (887s)
  [full 0060] ok J=+2.5420 geomean=1.154 worst=2.007 wins=23/78 (909s)
  [full 0061] ok J=+2.9486 geomean=1.156 worst=10.091 wins=23/78 (916s)
  [full 0062] ok J=+1.9946 geomean=1.104 worst=1.948 wins=26/78 (924s)
  [full 0063] ok J=+3.4488 geomean=1.162 worst=2.624 wins=22/78 (932s)
  [full 0064] ok J=+2.8964 geomean=1.162 worst=2.566 wins=23/78 (925s)
  [full 0057] failed J=+50.0000 geomean=nan worst=nan wins=0/1 (1811s)
  [full 0065] failed J=+50.0000 geomean=nan worst=nan wins=0/1 (948s)
  [full 0066] ok J=+2.4515 geomean=1.136 worst=2.346 wins=24/78 (941s)
  [full 0067] ok J=+2.4250 geomean=1.166 worst=2.492 wins=25/78 (972s)
  [full 0068] ok J=+2.0628 geomean=1.095 worst=1.857 wins=27/78 (988s)
  [full 0069] ok J=+1.7291 geomean=1.091 worst=1.927 wins=28/78 (984s)
  [full 0070] ok J=+2.2893 geomean=1.157 worst=2.123 wins=22/78 (992s)
  [full 0072] ok J=+2.6327 geomean=1.154 worst=2.146 wins=25/78 (989s)
  [full 0071] ok J=+4.0430 geomean=1.284 worst=3.947 wins=18/78 (1012s)
  [full 0073] ok J=+3.1016 geomean=1.125 worst=3.189 wins=23/78 (957s)
  [full 0074] ok J=+2.8027 geomean=1.167 worst=2.678 wins=26/78 (955s)
  [full 0075] ok J=+2.3732 geomean=1.137 worst=1.946 wins=24/78 (987s)
  [full 0076] ok J=+3.5716 geomean=1.280 worst=2.962 wins=14/78 (988s)
  [full 0077] ok J=+3.1625 geomean=1.227 worst=4.338 wins=19/78 (981s)
  [full 0078] ok J=+4.0639 geomean=1.191 worst=4.578 wins=22/78 (996s)
  [full 0079] ok J=+5.0780 geomean=1.310 worst=2.799 wins=20/78 (991s)
  [full 0080] ok J=+1.8574 geomean=1.059 worst=1.743 wins=25/78 (986s)
  [full 0081] ok J=+1.5697 geomean=1.094 worst=1.799 wins=29/78 (965s)
  [full 0082] ok J=+4.8074 geomean=1.206 worst=2.457 wins=21/78 (951s)
  [full 0083] ok J=+2.1224 geomean=1.111 worst=2.390 wins=25/78 (976s)
  [full 0084] ok J=+10.3123 geomean=1.680 worst=6.292 wins=13/78 (976s)
  [full 0085] ok J=+2.9441 geomean=1.179 worst=6.300 wins=19/78 (994s)
  [full 0086] ok J=+2.7908 geomean=1.148 worst=3.474 wins=24/78 (988s)
  [full 0087] ok J=+2.7421 geomean=1.223 worst=2.818 wins=21/78 (995s)
  [full 0088] ok J=+3.6321 geomean=1.158 worst=1.859 wins=20/78 (995s)
  [full 0089] ok J=+2.5760 geomean=1.174 worst=2.590 wins=25/78 (942s)
  [full 0090] ok J=+3.2778 geomean=1.164 worst=2.341 wins=23/78 (950s)
  [full 0091] ok J=+2.5829 geomean=1.166 worst=2.535 wins=23/78 (963s)
  [full 0092] ok J=+2.5353 geomean=1.108 worst=5.961 wins=24/78 (981s)
  [full 0093] ok J=+2.8679 geomean=1.112 worst=2.402 wins=24/78 (983s)
  [full 0094] ok J=+2.1331 geomean=1.142 worst=2.123 wins=27/78 (974s)
  [full 0096] ok J=+2.4360 geomean=1.153 worst=2.564 wins=22/78 (977s)
  [full 0095] ok J=+2.1944 geomean=1.166 worst=2.108 wins=19/78 (985s)
  [full 0097] ok J=+1.8360 geomean=1.086 worst=1.694 wins=27/78 (934s)
  [full 0098] ok J=+1.5999 geomean=1.069 worst=1.723 wins=29/78 (959s)
  [full 0099] ok J=+2.3384 geomean=1.129 worst=1.883 wins=26/78 (955s)
  [full 0100] ok J=+3.3512 geomean=1.121 worst=14.740 wins=22/78 (981s)
  [full 0101] ok J=+5.5683 geomean=1.279 worst=20.448 wins=17/78 (979s)
  [full 0102] ok J=+2.0919 geomean=1.099 worst=1.857 wins=24/78 (977s)
  [full 0104] ok J=+2.8456 geomean=1.188 worst=2.405 wins=19/78 (975s)
  [full 0103] ok J=+4.7172 geomean=1.235 worst=11.034 wins=20/78 (984s)
  [full 0105] ok J=+2.1350 geomean=1.138 worst=1.967 wins=24/78 (941s)
  [full 0106] ok J=+1.9123 geomean=1.115 worst=2.066 wins=27/78 (949s)
  [full 0107] ok J=+2.0038 geomean=1.128 worst=2.739 wins=25/78 (961s)
  [full 0108] ok J=+4.1570 geomean=1.230 worst=18.509 wins=22/78 (980s)
  [full 0109] ok J=+6.6774 geomean=1.433 worst=6.470 wins=16/78 (978s)
  [full 0110] ok J=+2.3064 geomean=1.131 worst=1.800 wins=24/78 (984s)
  [full 0111] ok J=+5.5639 geomean=1.290 worst=3.525 wins=19/78 (980s)
  [full 0112] ok J=+3.7905 geomean=1.192 worst=4.219 wins=20/78 (980s)
  [full 0113] ok J=+1.9195 geomean=1.129 worst=1.926 wins=25/78 (938s)
  [full 0114] ok J=+4.3714 geomean=1.247 worst=4.126 wins=14/78 (943s)
  [full 0115] ok J=+4.9886 geomean=1.353 worst=4.408 wins=14/78 (959s)
  [full 0116] ok J=+2.3892 geomean=1.152 worst=1.784 wins=18/78 (977s)
  [full 0117] ok J=+2.4522 geomean=1.174 worst=2.333 wins=23/78 (970s)
  [full 0118] ok J=+3.5504 geomean=1.160 worst=1.921 wins=18/78 (987s)
  [full 0120] ok J=+2.5002 geomean=1.124 worst=2.380 wins=26/78 (977s)
  [full 0119] ok J=+5.2239 geomean=1.290 worst=3.073 wins=19/78 (985s)
  [full 0121] ok J=+6.3120 geomean=1.423 worst=3.780 wins=14/78 (935s)
  [full 0122] ok J=+3.8550 geomean=1.204 worst=2.475 wins=16/78 (945s)
  [full 0123] ok J=+1.4222 geomean=1.078 worst=1.760 wins=28/78 (959s)
  [full 0124] ok J=+2.1978 geomean=1.092 worst=5.049 wins=29/78 (975s)
  [full 0125] ok J=+3.4071 geomean=1.193 worst=3.821 wins=22/78 (974s)
  [full 0126] ok J=+2.2188 geomean=1.148 worst=2.069 wins=24/78 (977s)
  [full 0128] ok J=+4.6866 geomean=1.266 worst=2.858 wins=19/78 (982s)
  [full 0127] ok J=+2.1316 geomean=1.183 worst=2.271 wins=21/78 (989s)
  [full 0129] ok J=+2.2846 geomean=1.082 worst=2.096 wins=24/78 (959s)
  [full 0130] ok J=+2.4429 geomean=1.133 worst=2.488 wins=25/78 (950s)
  [full 0131] ok J=+5.5166 geomean=1.243 worst=3.027 wins=21/78 (953s)
  [full 0132] ok J=+4.5485 geomean=1.239 worst=2.516 wins=17/78 (969s)
  [full 0133] ok J=+2.8708 geomean=1.127 worst=2.446 wins=23/78 (974s)
  [full 0134] ok J=+2.8078 geomean=1.180 worst=2.547 wins=20/78 (970s)
  [full 0135] ok J=+2.9565 geomean=1.250 worst=5.329 wins=21/78 (978s)
  [full 0136] ok J=+2.4658 geomean=1.170 worst=8.302 wins=21/78 (976s)
  [full 0137] ok J=+3.3572 geomean=1.226 worst=23.097 wins=23/78 (946s)
  [full 0138] ok J=+1.4478 geomean=1.084 worst=1.930 wins=30/78 (947s)
  [full 0139] ok J=+2.7297 geomean=1.145 worst=3.506 wins=19/78 (957s)
  [full 0140] ok J=+1.8032 geomean=1.088 worst=2.389 wins=25/78 (973s)
  [full 0141] ok J=+2.6731 geomean=1.158 worst=9.825 wins=25/78 (970s)
  [full 0142] ok J=+3.6013 geomean=1.281 worst=7.399 wins=23/78 (983s)
  [full 0143] ok J=+1.8388 geomean=1.108 worst=2.123 wins=27/78 (977s)
  [full 0144] ok J=+2.1011 geomean=1.119 worst=2.280 wins=28/78 (977s)
  [full 0145] ok J=+2.1756 geomean=1.157 worst=2.936 wins=24/78 (947s)
  [full 0146] ok J=+3.1678 geomean=1.235 worst=5.210 wins=20/78 (940s)
  [full 0147] ok J=+2.1083 geomean=1.090 worst=2.209 wins=25/78 (963s)
  [full 0148] ok J=+2.8559 geomean=1.155 worst=3.173 wins=22/78 (977s)
  [full 0149] ok J=+1.8477 geomean=1.105 worst=1.981 wins=26/78 (962s)
  [full 0150] ok J=+1.6065 geomean=1.047 worst=1.794 wins=30/78 (982s)
  [full 0152] ok J=+2.0572 geomean=1.087 worst=2.175 wins=22/78 (978s)
  [full 0151] ok J=+1.9770 geomean=1.102 worst=1.961 wins=27/78 (988s)
  [full 0153] ok J=+2.7986 geomean=1.215 worst=2.610 wins=20/78 (961s)
  [full 0154] ok J=+1.9715 geomean=1.069 worst=2.319 wins=26/78 (936s)
  [full 0155] ok J=+1.9810 geomean=1.107 worst=2.246 wins=27/78 (945s)
  [full 0156] ok J=+1.5938 geomean=1.098 worst=1.999 wins=28/78 (973s)
  [full 0157] ok J=+1.8461 geomean=1.129 worst=1.740 wins=26/78 (971s)
  [full 0158] ok J=+2.3194 geomean=1.169 worst=2.420 wins=25/78 (984s)
  [full 0159] ok J=+2.2536 geomean=1.166 worst=4.127 wins=25/78 (979s)
  [full 0160] ok J=+3.4841 geomean=1.193 worst=4.270 wins=26/78 (982s)
  [full 0161] ok J=+1.4614 geomean=1.064 worst=2.566 wins=30/78 (955s)
  [full 0162] ok J=+2.0719 geomean=1.121 worst=2.636 wins=23/78 (952s)
  [full 0163] ok J=+2.3829 geomean=1.119 worst=2.373 wins=28/78 (942s)
  [full 0165] ok J=+1.7494 geomean=1.062 worst=1.790 wins=26/78 (958s)
  [full 0164] ok J=+1.6486 geomean=1.079 worst=1.885 wins=27/78 (985s)
  [full 0166] ok J=+2.2876 geomean=1.101 worst=2.277 wins=27/78 (974s)
  [full 0167] ok J=+2.3879 geomean=1.187 worst=1.937 wins=20/78 (987s)
  [full 0168] ok J=+2.2735 geomean=1.092 worst=2.298 wins=28/78 (985s)
  [full 0169] ok J=+1.8906 geomean=1.074 worst=1.833 wins=24/78 (961s)
  [full 0170] ok J=+1.7967 geomean=1.056 worst=1.914 wins=27/78 (945s)
  [full 0171] ok J=+2.3135 geomean=1.070 worst=2.354 wins=29/78 (955s)
  [full 0172] ok J=+1.8480 geomean=1.106 worst=1.818 wins=28/78 (960s)
  [full 0173] ok J=+2.1330 geomean=1.095 worst=2.067 wins=26/78 (968s)
  [full 0174] ok J=+2.6017 geomean=1.161 worst=1.964 wins=23/78 (975s)
  [full 0176] ok J=+1.6441 geomean=1.074 worst=1.898 wins=27/78 (974s)
  [full 0175] ok J=+2.9518 geomean=1.124 worst=7.448 wins=22/78 (981s)
  [full 0177] ok J=+1.9711 geomean=1.066 worst=1.991 wins=26/78 (972s)
  [full 0178] ok J=+1.9083 geomean=1.100 worst=2.106 wins=25/78 (952s)
  [full 0179] ok J=+2.2463 geomean=1.103 worst=2.422 wins=22/78 (944s)
  [full 0180] ok J=+2.3426 geomean=1.164 worst=2.031 wins=26/78 (977s)
  [full 0181] ok J=+2.5978 geomean=1.127 worst=2.311 wins=24/78 (959s)
  [full 0182] ok J=+2.1084 geomean=1.087 worst=1.776 wins=25/78 (972s)
  [full 0183] ok J=+1.5227 geomean=1.057 worst=1.731 wins=29/78 (984s)
  [full 0184] ok J=+2.7772 geomean=1.126 worst=2.354 wins=25/78 (986s)
  [full 0185] ok J=+2.0983 geomean=1.093 worst=1.962 wins=24/78 (973s)
  [full 0186] ok J=+5.9555 geomean=1.294 worst=7.746 wins=22/78 (953s)
  [full 0187] ok J=+2.3465 geomean=1.136 worst=7.665 wins=26/78 (932s)
  [full 0188] ok J=+2.5607 geomean=1.215 worst=2.495 wins=22/78 (959s)
  [full 0189] ok J=+2.6620 geomean=1.142 worst=3.778 wins=24/78 (965s)
  [full 0190] ok J=+1.7710 geomean=1.053 worst=1.977 wins=27/78 (971s)
  [full 0191] ok J=+2.4865 geomean=1.138 worst=1.938 wins=22/78 (968s)
  [full 0192] ok J=+1.5188 geomean=1.053 worst=1.759 wins=27/78 (980s)
  [full 0193] ok J=+2.7730 geomean=1.164 worst=9.380 wins=23/78 (984s)
  [full 0194] ok J=+1.8327 geomean=1.047 worst=1.820 wins=28/78 (970s)
  [full 0195] ok J=+2.6151 geomean=1.183 worst=3.449 wins=20/78 (931s)
  [full 0196] ok J=+2.0074 geomean=1.138 worst=2.222 wins=24/78 (949s)
  [full 0197] ok J=+2.7938 geomean=1.160 worst=2.491 wins=21/78 (963s)
  [full 0198] ok J=+4.1641 geomean=1.275 worst=8.835 wins=18/78 (987s)
  [full 0199] ok J=+2.3417 geomean=1.108 worst=3.202 wins=29/78 (984s)
  [full 0200] ok J=+4.0339 geomean=1.223 worst=4.465 wins=24/78 (978s)
  [full 0201] ok J=+2.4496 geomean=1.126 worst=4.870 wins=23/78 (979s)
  [full 0202] ok J=+1.8271 geomean=1.107 worst=2.159 wins=24/78 (980s)
  [full 0203] ok J=+2.0559 geomean=1.094 worst=2.133 wins=25/78 (933s)
  [full 0204] ok J=+2.4980 geomean=1.150 worst=2.724 wins=24/78 (952s)
  [full 0205] ok J=+4.6181 geomean=1.240 worst=4.917 wins=23/78 (964s)
  [full 0206] ok J=+2.2717 geomean=1.133 worst=2.387 wins=28/78 (968s)
  [full 0207] ok J=+1.9685 geomean=1.076 worst=1.887 wins=25/78 (982s)
  [full 0208] ok J=+1.8559 geomean=1.102 worst=1.794 wins=22/78 (979s)
  [full 0209] ok J=+1.7424 geomean=1.095 worst=2.634 wins=27/78 (966s)
  [full 0210] ok J=+4.0501 geomean=1.166 worst=4.500 wins=25/78 (968s)
  [full 0211] ok J=+1.9739 geomean=1.087 worst=1.791 wins=27/78 (939s)
  [full 0212] ok J=+2.2576 geomean=1.148 worst=1.998 wins=21/78 (962s)
  [full 0213] ok J=+1.8134 geomean=1.096 worst=1.689 wins=28/78 (962s)
  [full 0214] ok J=+2.1507 geomean=1.108 worst=2.419 wins=27/78 (977s)
  [full 0215] ok J=+2.7002 geomean=1.181 worst=6.980 wins=19/78 (983s)
  [full 0216] ok J=+1.9983 geomean=1.108 worst=1.698 wins=24/78 (982s)
  [full 0217] ok J=+2.5085 geomean=1.085 worst=2.440 wins=27/78 (978s)
  [full 0218] ok J=+1.7566 geomean=1.103 worst=1.699 wins=25/78 (969s)
  [full 0219] ok J=+6.9443 geomean=1.297 worst=11.992 wins=24/78 (936s)
  [full 0220] ok J=+1.5462 geomean=1.019 worst=1.778 wins=30/78 (963s)
  [full 0221] ok J=+2.2029 geomean=1.093 worst=1.843 wins=24/78 (964s)
  [full 0222] ok J=+1.9283 geomean=1.048 worst=1.883 wins=24/78 (966s)
  [full 0223] ok J=+2.9960 geomean=1.162 worst=2.185 wins=20/78 (978s)
  [full 0224] ok J=+1.6210 geomean=1.099 worst=2.235 wins=28/78 (980s)
  [full 0225] ok J=+2.3844 geomean=1.158 worst=3.171 wins=23/78 (979s)
  [full 0226] ok J=+1.7490 geomean=1.071 worst=1.698 wins=24/78 (971s)
  [full 0227] ok J=+2.2504 geomean=1.148 worst=4.684 wins=25/78 (954s)
  [full 0228] ok J=+1.5417 geomean=1.047 worst=1.765 wins=32/78 (955s)
  [full 0229] ok J=+1.7984 geomean=1.068 worst=1.689 wins=26/78 (965s)
  [full 0230] ok J=+2.7297 geomean=1.132 worst=3.147 wins=27/78 (984s)
  [full 0231] ok J=+2.6464 geomean=1.168 worst=3.857 wins=21/78 (972s)
  [full 0232] ok J=+2.4710 geomean=1.137 worst=3.477 wins=25/78 (989s)
  [full 0233] ok J=+2.2868 geomean=1.139 worst=1.868 wins=22/78 (981s)
  [full 0234] ok J=+2.2403 geomean=1.148 worst=2.592 wins=22/78 (971s)
  [full 0235] ok J=+1.7174 geomean=1.082 worst=1.889 wins=23/78 (953s)
  [full 0236] ok J=+1.6239 geomean=1.056 worst=1.714 wins=27/78 (948s)
  [full 0237] ok J=+2.2050 geomean=1.144 worst=2.696 wins=22/78 (965s)
  [full 0238] ok J=+2.0651 geomean=1.115 worst=2.289 wins=25/78 (965s)
  [full 0239] ok J=+3.2554 geomean=1.272 worst=7.772 wins=19/78 (974s)
  [full 0240] ok J=+1.5582 geomean=1.079 worst=1.814 wins=27/78 (985s)
  [full 0241] ok J=+1.7815 geomean=1.106 worst=1.976 wins=25/78 (983s)
  [full 0242] ok J=+1.7577 geomean=1.089 worst=1.942 wins=27/78 (971s)
  [full 0243] ok J=+1.9209 geomean=1.107 worst=2.443 wins=23/78 (951s)
  [full 0244] ok J=+2.0031 geomean=1.126 worst=1.942 wins=25/78 (946s)
  [full 0245] ok J=+3.7501 geomean=1.293 worst=14.388 wins=21/78 (958s)
  [full 0246] ok J=+1.4221 geomean=1.020 worst=1.808 wins=28/78 (963s)
  [full 0247] ok J=+1.6989 geomean=1.050 worst=1.720 wins=24/78 (983s)
  [full 0249] ok J=+2.1008 geomean=1.145 worst=2.255 wins=25/78 (981s)
  [full 0248] ok J=+1.7383 geomean=1.066 worst=1.837 wins=26/78 (989s)
  [full 0250] ok J=+1.8579 geomean=1.075 worst=1.743 wins=25/78 (973s)
  [full 0251] ok J=+11.5138 geomean=1.703 worst=39.634 wins=19/78 (966s)
  [full 0252] ok J=+2.3933 geomean=1.125 worst=1.985 wins=22/78 (940s)
  [full 0253] ok J=+3.9517 geomean=1.237 worst=4.088 wins=18/78 (955s)
  [full 0254] ok J=+6.3789 geomean=1.297 worst=9.710 wins=23/78 (969s)
  [full 0255] ok J=+4.4350 geomean=1.259 worst=4.797 wins=17/78 (978s)
  [full 0257] ok J=+1.5630 geomean=1.066 worst=1.770 wins=30/78 (980s)
  [full 0256] ok J=+2.3519 geomean=1.134 worst=2.350 wins=23/78 (990s)
  [full 0258] ok J=+6.7701 geomean=1.395 worst=4.936 wins=13/78 (987s)
  [full 0259] ok J=+2.5140 geomean=1.139 worst=2.442 wins=24/78 (957s)
  [full 0260] ok J=+1.3694 geomean=1.023 worst=1.794 wins=30/78 (934s)
  [full 0261] ok J=+1.4947 geomean=1.089 worst=1.825 wins=27/78 (954s)
  [full 0262] ok J=+1.9845 geomean=1.139 worst=2.273 wins=22/78 (968s)
  [full 0263] ok J=+1.9379 geomean=1.111 worst=1.817 wins=24/78 (985s)
  [full 0264] ok J=+2.6117 geomean=1.157 worst=2.555 wins=23/78 (982s)
  [full 0265] ok J=+3.2793 geomean=1.148 worst=2.572 wins=21/78 (985s)
  [full 0266] ok J=+5.0894 geomean=1.301 worst=5.728 wins=19/78 (980s)
  [full 0267] ok J=+1.6635 geomean=1.070 worst=1.801 wins=24/78 (965s)
  [full 0268] ok J=+2.4688 geomean=1.128 worst=2.191 wins=19/78 (836s)
  [full 0269] ok J=+2.7609 geomean=1.116 worst=1.891 wins=21/78 (819s)
  [full 0270] ok J=+2.7011 geomean=1.120 worst=2.969 wins=17/78 (707s)
phase full done: best J=+1.3694
re-running the winner and the baseline on all datasets
  [best 0271] ok J=+1.3694 geomean=1.023 worst=1.794 wins=30/78 (542s)
  [base 0272] ok J=+1.9557 geomean=1.059 worst=1.775 wins=27/78 (554s)
Traceback (most recent call last):
  File "/home/arnaud/devel/src/data_manipulation_tools/scripts/kinetics_tune.py", line 1139, in <module>
    say(f"\nreport:  {args.tracking / 'report.md'}")
    ^^^^^^
  File "/home/arnaud/devel/src/data_manipulation_tools/scripts/kinetics_tune.py", line 1132, in main
    
  File "/home/arnaud/devel/src/data_manipulation_tools/scripts/kinetics_tune.py", line 1007, in write_report
    lines = [
              
NameError: name 'HARD_METRICS' is not defined. Did you mean: 'POSE_METRICS'?
