screening skipped: seeding the full phase with 4 points
/home/arnaud/devel/src/data_manipulation_tools/scripts/kinetics_tune.py:731: FutureWarning: `restart_strategy` has been deprecated in v4.4.0. This feature will be removed in v6.0.0. See https://github.com/optuna/optuna/releases/tag/v4.4.0. From v4.4.0 onward, `restart_strategy` automatically falls back to `None`. `restart_strategy` will be supported in OptunaHub.
  sampler=self.optuna.samplers.CmaEsSampler(seed=SEED, restart_strategy="ipop"),
phase full: 300 trials on 13 datasets, 8 workers
  [full 0000] ok J=+1.6890 geomean=1.059 worst=1.775 wins=27/78 (1006s)
  [full 0006] ok J=+1.6465 geomean=1.057 worst=1.776 wins=29/78 (1005s)
  [full 0002] ok J=+1.6890 geomean=1.059 worst=1.775 wins=27/78 (1013s)
  [full 0005] ok J=+8.3200 geomean=1.601 worst=14.929 wins=13/78 (1012s)
  [full 0007] ok J=+20.9450 geomean=3.565 worst=18.409 wins=2/78 (1019s)
  [full 0003] ok J=+11.3962 geomean=1.786 worst=8.978 wins=11/78 (1022s)
  [full 0004] ok J=+15.8254 geomean=2.295 worst=40.505 wins=8/78 (1018s)
  [full 0001] ok J=+1.6465 geomean=1.057 worst=1.776 wins=29/78 (1025s)
  [full 0008] ok J=+4.8829 geomean=1.283 worst=3.661 wins=21/78 (1001s)
  [full 0009] ok J=+7.4804 geomean=1.483 worst=8.514 wins=15/78 (1000s)
  [full 0012] ok J=+5.1563 geomean=1.264 worst=6.341 wins=20/78 (979s)
  [full 0011] ok J=+3.7757 geomean=1.198 worst=4.613 wins=19/78 (997s)
  [full 0014] ok J=+4.7212 geomean=1.356 worst=3.914 wins=14/78 (1007s)
  [full 0013] ok J=+4.3647 geomean=1.255 worst=3.429 wins=16/78 (1014s)
  [full 0015] ok J=+2.3971 geomean=1.075 worst=4.662 wins=24/78 (1018s)
  [full 0016] ok J=+4.5740 geomean=1.235 worst=6.528 wins=19/78 (880s)
  [full 0019] ok J=+4.6220 geomean=1.259 worst=3.183 wins=24/78 (865s)
  [full 0017] ok J=+5.9568 geomean=1.387 worst=7.345 wins=16/78 (877s)
  [full 0020] ok J=+3.6879 geomean=1.263 worst=2.876 wins=18/78 (866s)
  [full 0021] ok J=+5.8156 geomean=1.371 worst=8.452 wins=12/78 (853s)
  [full 0022] ok J=+4.2518 geomean=1.252 worst=3.367 wins=17/78 (862s)
Traceback (most recent call last):
  File "/home/arnaud/devel/src/data_manipulation_tools/scripts/kinetics_tune.py", line 768, in evaluate
    ratios.update(velocity_ratios(directory, projects, self.velocities))
                  ^^^^^^^^^^^^^^^^^^^^^^^^^^^^^^^^^^^^^^^^^^^^^^^^^^^^^
  File "/home/arnaud/devel/src/data_manipulation_tools/scripts/kinetics_tune.py", line 514, in velocity_ratios
    local = estimated_local_velocity(pose, velocity, grid, settings)
            ^^^^^^^^^^^^^^^^^^^^^^^^^^^^^^^^^^^^^^^^^^^^^^^^^^^^^^^^
  File "/home/arnaud/devel/src/data_manipulation_tools/scripts/kinetics_tune.py", line 489, in estimated_local_velocity
    rotation = Slerp(pose[:, 0], Rotation.from_quat(pose[:, 4:8]))(np.clip(grid, pose[0, 0], pose[-1, 0]))
               ^^^^^^^^^^^^^^^^^^^^^^^^^^^^^^^^^^^^^^^^^^^^^^^^^^^
  File "_rotation.pyx", line 3694, in scipy.spatial.transform._rotation.Slerp.__init__
ValueError: Times must be in strictly increasing order.

During handling of the above exception, another exception occurred:

Traceback (most recent call last):
  File "/home/arnaud/devel/src/data_manipulation_tools/scripts/kinetics_tune.py", line 993, in <module>
    main()
  File "/home/arnaud/devel/src/data_manipulation_tools/scripts/kinetics_tune.py", line 967, in main
    full = search.phase("full", datasets, args.full_trials, seeds=promoted)
           ^^^^^^^^^^^^^^^^^^^^^^^^^^^^^^^^^^^^^^^^^^^^^^^^^^^^^^^^^^^^^^^^
  File "/home/arnaud/devel/src/data_manipulation_tools/scripts/kinetics_tune.py", line 823, in phase
    list(pool.map(one, range(remaining)))
  File "/usr/lib/python3.12/concurrent/futures/_base.py", line 619, in result_iterator
    yield _result_or_cancel(fs.pop())
          ^^^^^^^^^^^^^^^^^^^^^^^^^^^
  File "/usr/lib/python3.12/concurrent/futures/_base.py", line 317, in _result_or_cancel
    return fut.result(timeout)
           ^^^^^^^^^^^^^^^^^^^
  File "/usr/lib/python3.12/concurrent/futures/_base.py", line 456, in result
    return self.__get_result()
           ^^^^^^^^^^^^^^^^^^^
  File "/usr/lib/python3.12/concurrent/futures/_base.py", line 401, in __get_result
    raise self._exception
  File "/usr/lib/python3.12/concurrent/futures/thread.py", line 58, in run
    result = self.fn(*self.args, **self.kwargs)
             ^^^^^^^^^^^^^^^^^^^^^^^^^^^^^^^^^^
  File "/home/arnaud/devel/src/data_manipulation_tools/scripts/kinetics_tune.py", line 818, in one
    value = self.evaluate(dict(trial.params), projects, name)
            ^^^^^^^^^^^^^^^^^^^^^^^^^^^^^^^^^^^^^^^^^^^^^^^^^
  File "/home/arnaud/devel/src/data_manipulation_tools/scripts/kinetics_tune.py", line 779, in evaluate
    value, ratios = FAILURE_OBJECTIVE, {}
                    ^^^^^^^^^^^^^^^^^
NameError: name 'FAILURE_OBJECTIVE' is not defined
