recycled 8 of 21 earlier points as seeds (best re-scores to J=+1.9132)
screening skipped: seeding the full phase with 12 points
/home/arnaud/devel/src/data_manipulation_tools/scripts/kinetics_tune.py:731: FutureWarning: `restart_strategy` has been deprecated in v4.4.0. This feature will be removed in v6.0.0. See https://github.com/optuna/optuna/releases/tag/v4.4.0. From v4.4.0 onward, `restart_strategy` automatically falls back to `None`. `restart_strategy` will be supported in OptunaHub.
  sampler=self.optuna.samplers.CmaEsSampler(seed=SEED, restart_strategy="ipop"),
phase full: 300 trials on 13 datasets, 8 workers
  [full 0000] ok J=+1.9132 geomean=1.057 worst=1.776 wins=29/78 (982s)
  [full 0007] ok J=+1.9132 geomean=1.057 worst=1.776 wins=29/78 (997s)
  [full 0002] ok J=+1.9557 geomean=1.059 worst=1.775 wins=27/78 (1015s)
  [full 0006] ok J=+3.9546 geomean=1.263 worst=2.876 wins=18/78 (1017s)
  [full 0004] ok J=+2.7972 geomean=1.075 worst=4.662 wins=24/78 (1021s)
  [full 0003] ok J=+1.9557 geomean=1.059 worst=1.775 wins=27/78 (1020s)
  [full 0005] ok J=+1.9557 geomean=1.059 worst=1.775 wins=27/78 (1021s)
  [full 0008] ok J=+4.0425 geomean=1.198 worst=4.613 wins=19/78 (896s)
  [full 0010] ok J=+2.5657 geomean=1.122 worst=1.878 wins=24/78 (918s)
  [full 0011] ok J=+6.4395 geomean=1.382 worst=4.164 wins=17/78 (910s)
  [full 0013] ok J=+4.6261 geomean=1.272 worst=3.228 wins=15/78 (933s)
  [full 0012] ok J=+3.6388 geomean=1.214 worst=3.275 wins=16/78 (934s)
  [full 0015] ok J=+7.0410 geomean=1.437 worst=9.504 wins=16/78 (934s)
  [full 0014] ok J=+4.9181 geomean=1.268 worst=3.165 wins=17/78 (935s)
Traceback (most recent call last):
  File "/home/arnaud/devel/src/data_manipulation_tools/scripts/kinetics_tune.py", line 768, in evaluate
    ratios.update(velocity_ratios(directory, projects, self.velocities))
                  ^^^^^^^^^^^^^^^^^^^^^^^^^^^^^^^^^^^^^^^^^^^^^^^^^^^^^
  File "/home/arnaud/devel/src/data_manipulation_tools/scripts/kinetics_tune.py", line 514, in velocity_ratios
    local = estimated_local_velocity(pose, velocity, grid, settings)
            ^^^^^^^^^^^^^^^^^^^^^^^^^^^^^^^^^^^^^^^^^^^^^^^^^^^^^^^^
  File "/home/arnaud/devel/src/data_manipulation_tools/scripts/kinetics_tune.py", line 489, in estimated_local_velocity
    rotation = Slerp(pose[:, 0], Rotation.from_quat(pose[:, 4:8]))(np.clip(grid, pose[0, 0], pose[-1, 0]))
               ^^^^^^^^^^^^^^^^^^^^^^^^^^^^^^^^^^^^^^^^^^^^^^^^^^^
  File "_rotation.pyx", line 3694, in scipy.spatial.transform._rotation.Slerp.__init__
ValueError: Times must be in strictly increasing order.

During handling of the above exception, another exception occurred:

Traceback (most recent call last):
  File "/home/arnaud/devel/src/data_manipulation_tools/scripts/kinetics_tune.py", line 1033, in <module>
    main()
  File "/home/arnaud/devel/src/data_manipulation_tools/scripts/kinetics_tune.py", line 1007, in main
    full = search.phase("full", datasets, args.full_trials, seeds=promoted)
           ^^^^^^^^^^^^^^^^^^^^^^^^^^^^^^^^^^^^^^^^^^^^^^^^^^^^^^^^^^^^^^^^
  File "/home/arnaud/devel/src/data_manipulation_tools/scripts/kinetics_tune.py", line 826, in phase
    list(pool.map(one, range(remaining)))
  File "/usr/lib/python3.12/concurrent/futures/_base.py", line 619, in result_iterator
    yield _result_or_cancel(fs.pop())
          ^^^^^^^^^^^^^^^^^^^^^^^^^^^
  File "/usr/lib/python3.12/concurrent/futures/_base.py", line 317, in _result_or_cancel
    return fut.result(timeout)
           ^^^^^^^^^^^^^^^^^^^
  File "/usr/lib/python3.12/concurrent/futures/_base.py", line 449, in result
    return self.__get_result()
           ^^^^^^^^^^^^^^^^^^^
  File "/usr/lib/python3.12/concurrent/futures/_base.py", line 401, in __get_result
    raise self._exception
  File "/usr/lib/python3.12/concurrent/futures/thread.py", line 58, in run
    result = self.fn(*self.args, **self.kwargs)
             ^^^^^^^^^^^^^^^^^^^^^^^^^^^^^^^^^^
  File "/home/arnaud/devel/src/data_manipulation_tools/scripts/kinetics_tune.py", line 822, in one
    value = self.evaluate(dict(trial.params), projects, name)
            ^^^^^^^^^^^^^^^^^^^^^^^^^^^^^^^^^^^^^^^^^^^^^^^^^
  File "/home/arnaud/devel/src/data_manipulation_tools/scripts/kinetics_tune.py", line 779, in evaluate
    value, ratios = FAILURE_OBJECTIVE, {}
                    ^^^^^^^^^^^^^^^^^
NameError: name 'FAILURE_OBJECTIVE' is not defined
