recycled 12 of 403 earlier points as seeds (best re-scores to J=+1.3694)
screening skipped: seeding the full phase with 16 points
phase full: 260 trials on 13 datasets, 12 workers
  [full 0003] ok J=+2.0860 geomean=1.115 worst=2.205 wins=24/78 (1144s)
  [full 0009] ok J=+1.6063 geomean=1.085 worst=2.180 wins=23/78 (1149s)
  [full 0011] ok J=+2.0993 geomean=1.122 worst=2.284 wins=24/78 (1153s)
  [full 0001] ok J=+1.9132 geomean=1.057 worst=1.776 wins=29/78 (1155s)
  [full 0000] ok J=+1.6063 geomean=1.085 worst=2.180 wins=23/78 (1163s)
  [full 0011] crashed: ValueError: Cannot tell a COMPLETE trial.
  [full 0008] ok J=+1.9557 geomean=1.059 worst=1.775 wins=27/78 (1166s)
  [full 0005] ok J=+4.0388 geomean=1.179 worst=3.593 wins=21/78 (1167s)
  [full 0004] ok J=+1.9132 geomean=1.057 worst=1.776 wins=29/78 (1168s)
  [full 0010] ok J=+1.6220 geomean=1.061 worst=1.784 wins=31/78 (1171s)
  [full 0002] ok J=+1.9557 geomean=1.059 worst=1.775 wins=27/78 (1175s)
  [full 0007] ok J=+4.0388 geomean=1.179 worst=3.593 wins=21/78 (1180s)
  [full 0010] crashed: ValueError: Cannot tell a COMPLETE trial.
  [full 0006] ok J=+4.2679 geomean=1.172 worst=4.163 wins=22/78 (1185s)
  [full 0012] ok J=+1.8409 geomean=1.061 worst=3.015 wins=29/78 (1112s)
  [full 0013] ok J=+2.6827 geomean=1.133 worst=2.282 wins=26/78 (1145s)
  [full 0014] ok J=+1.7765 geomean=1.068 worst=2.588 wins=26/78 (1139s)
  [full 0019] ok J=+5.0757 geomean=1.307 worst=5.016 wins=17/78 (1128s)
  [full 0021] ok J=+7.7423 geomean=1.697 worst=8.159 wins=8/78 (1151s)
  [full 0023] ok J=+5.0317 geomean=1.356 worst=4.092 wins=11/78 (1157s)
  [full 0020] ok J=+9.7517 geomean=1.753 worst=19.711 wins=13/78 (1159s)
  [full 0015] failed J=+50.0000 geomean=nan worst=nan wins=0/1 (1174s)
  [full 0016] ok J=+8.3668 geomean=1.599 worst=14.919 wins=8/78 (1164s)
  [full 0022] ok J=+5.5231 geomean=1.338 worst=3.133 wins=15/78 (1160s)
  [full 0018] ok J=+6.3156 geomean=1.312 worst=8.035 wins=20/78 (1168s)
  [full 0017] ok J=+3.9910 geomean=1.187 worst=4.577 wins=18/78 (1174s)
  [full 0024] ok J=+4.1359 geomean=1.214 worst=2.900 wins=20/78 (1093s)
  [full 0025] ok J=+5.4615 geomean=1.312 worst=4.630 wins=14/78 (1090s)
  [full 0026] ok J=+6.2711 geomean=1.360 worst=3.143 wins=15/78 (1091s)
  [full 0028] ok J=+4.6174 geomean=1.288 worst=3.710 wins=19/78 (1079s)
  [full 0032] ok J=+6.7900 geomean=1.412 worst=4.327 wins=17/78 (1107s)
  [full 0030] ok J=+5.9439 geomean=1.226 worst=7.058 wins=23/78 (1125s)
  [full 0029] ok J=+5.2897 geomean=1.218 worst=5.046 wins=21/78 (1130s)
  [full 0035] ok J=+4.9743 geomean=1.344 worst=8.756 wins=20/78 (1126s)
  [full 0031] ok J=+6.8675 geomean=1.397 worst=6.819 wins=16/78 (1129s)
  [full 0034] ok J=+7.4022 geomean=1.405 worst=3.136 wins=13/78 (1137s)
  [full 0033] ok J=+7.1860 geomean=1.435 worst=3.072 wins=12/78 (1137s)
  [full 0027] failed J=+50.0000 geomean=nan worst=nan wins=0/1 (1810s)
  [full 0036] ok J=+4.8030 geomean=1.253 worst=4.179 wins=17/78 (1037s)
  [full 0037] ok J=+3.9870 geomean=1.181 worst=3.360 wins=24/78 (1074s)
  [full 0038] ok J=+4.3554 geomean=1.295 worst=6.730 wins=17/78 (1060s)
  [full 0040] ok J=+6.8300 geomean=1.372 worst=3.880 wins=14/78 (1090s)
  [full 0041] ok J=+7.0923 geomean=1.392 worst=3.913 wins=13/78 (1081s)
  [full 0042] ok J=+7.6425 geomean=1.471 worst=4.372 wins=14/78 (1087s)
  [full 0046] ok J=+8.1420 geomean=1.526 worst=8.517 wins=9/78 (1084s)
  [full 0045] ok J=+3.0593 geomean=1.147 worst=1.952 wins=20/78 (1098s)
  [full 0044] ok J=+3.7486 geomean=1.163 worst=3.740 wins=23/78 (1111s)
  [full 0043] ok J=+6.0311 geomean=1.356 worst=6.335 wins=18/78 (1120s)
  [full 0047] ok J=+4.3237 geomean=1.210 worst=8.131 wins=17/78 (1050s)
  [full 0039] failed J=+50.0000 geomean=nan worst=nan wins=0/1 (1811s)
  [full 0048] ok J=+8.5931 geomean=1.587 worst=6.265 wins=9/78 (1143s)
  [full 0049] ok J=+3.8407 geomean=1.229 worst=2.489 wins=19/78 (1135s)
  [full 0050] ok J=+5.5187 geomean=1.313 worst=7.105 wins=15/78 (1141s)
  [full 0052] ok J=+4.0678 geomean=1.214 worst=2.786 wins=20/78 (1144s)
  [full 0053] ok J=+2.9742 geomean=1.131 worst=1.969 wins=20/78 (1121s)
  [full 0056] ok J=+4.5541 geomean=1.246 worst=4.647 wins=21/78 (1119s)
  [full 0054] ok J=+6.9158 geomean=1.408 worst=8.274 wins=13/78 (1145s)
  [full 0055] ok J=+2.4970 geomean=1.132 worst=1.870 wins=23/78 (1141s)
  [full 0057] ok J=+4.3774 geomean=1.279 worst=8.871 wins=14/78 (1130s)
  [full 0058] ok J=+5.4359 geomean=1.294 worst=3.767 wins=17/78 (1076s)
  [full 0059] ok J=+5.5845 geomean=1.368 worst=4.623 wins=13/78 (1093s)
  [full 0051] failed J=+50.0000 geomean=nan worst=nan wins=0/1 (1810s)
  [full 0060] ok J=+8.7467 geomean=1.493 worst=4.897 wins=17/78 (1107s)
  [full 0061] ok J=+3.8327 geomean=1.173 worst=3.840 wins=19/78 (1091s)
  [full 0062] ok J=+3.2763 geomean=1.145 worst=3.087 wins=23/78 (1099s)
  [full 0064] ok J=+4.3087 geomean=1.196 worst=5.582 wins=20/78 (1099s)
  [full 0065] ok J=+2.8523 geomean=1.120 worst=2.110 wins=25/78 (1095s)
  [full 0067] ok J=+4.1226 geomean=1.190 worst=3.007 wins=20/78 (1088s)
  [full 0066] ok J=+2.9745 geomean=1.136 worst=3.554 wins=22/78 (1111s)
  [full 0068] ok J=+2.7971 geomean=1.130 worst=3.616 wins=22/78 (1105s)
  [full 0069] failed J=+50.0000 geomean=nan worst=nan wins=0/1 (939s)
  [full 0072] failed J=+50.0000 geomean=nan worst=nan wins=0/1 (579s)
