/home/arnaud/devel/src/data_manipulation_tools/scripts/kinetics_tune.py:597: ExperimentalWarning: Argument ``multivariate`` is an experimental feature. The interface can change in the future.
  sampler = self.optuna.samplers.TPESampler(seed=SEED, n_startup_trials=self.args.startup,
/home/arnaud/devel/src/data_manipulation_tools/scripts/kinetics_tune.py:597: ExperimentalWarning: Argument ``group`` is an experimental feature. The interface can change in the future.
  sampler = self.optuna.samplers.TPESampler(seed=SEED, n_startup_trials=self.args.startup,
phase screen done: best J=+0.5190 over 200 trials; promoting 13 points
/home/arnaud/devel/src/data_manipulation_tools/scripts/kinetics_tune.py:595: FutureWarning: `restart_strategy` has been deprecated in v4.4.0. This feature will be removed in v6.0.0. See https://github.com/optuna/optuna/releases/tag/v4.4.0. From v4.4.0 onward, `restart_strategy` automatically falls back to `None`. `restart_strategy` will be supported in OptunaHub.
  sampler=self.optuna.samplers.CmaEsSampler(seed=SEED, restart_strategy="ipop"),
phase full: 70 trials on 13 datasets, 8 workers
  [full 0206] ok J=+5.0770 geomean=1.988 worst=29.967 wins=14/78 (1003s)
  [full 0200] ok J=+8.1121 geomean=3.228 worst=183.880 wins=14/78 (1009s)
  [full 0207] ok J=+4.1350 geomean=1.575 worst=17.958 wins=19/78 (1019s)
  [full 0202] ok J=+8.2041 geomean=3.967 worst=147.433 wins=7/78 (1029s)
  [full 0203] ok J=+5.2799 geomean=1.625 worst=45.081 wins=23/78 (1032s)
  [full 0201] failed J=+5.0000 geomean=nan worst=nan wins=0/1 (1032s)
  [full 0205] ok J=+1.8773 geomean=1.282 worst=4.007 wins=23/78 (1031s)
  [full 0204] ok J=+3.2045 geomean=1.344 worst=10.964 wins=24/78 (1036s)
  [full 0211] failed J=+5.0000 geomean=nan worst=nan wins=0/1 (903s)
  [full 0209] failed J=+5.0000 geomean=nan worst=nan wins=0/1 (942s)
  [full 0213] failed J=+5.0000 geomean=nan worst=nan wins=0/1 (894s)
  [full 0210] failed J=+5.0000 geomean=nan worst=nan wins=0/1 (936s)
  [full 0212] failed J=+5.0000 geomean=nan worst=nan wins=0/1 (895s)
  [full 0215] failed J=+5.0000 geomean=nan worst=nan wins=0/1 (895s)
  [full 0208] failed J=+5.0000 geomean=nan worst=nan wins=0/1 (951s)
  [full 0214] failed J=+5.0000 geomean=nan worst=nan wins=0/1 (895s)
