recycled 12 of 467 earlier points as seeds (best re-scores to J=+1.3694)
screening skipped: seeding the full phase with 16 points
/home/arnaud/devel/src/data_manipulation_tools/scripts/kinetics_tune.py:860: FutureWarning: `x0` has been deprecated in v4.9.0. This feature will be removed in v6.0.0. See https://github.com/optuna/optuna/releases/tag/v4.9.0.
  sampler=self.optuna.samplers.CmaEsSampler(
/home/arnaud/devel/src/data_manipulation_tools/scripts/kinetics_tune.py:860: FutureWarning: `sigma0` has been deprecated in v4.9.0. This feature will be removed in v6.0.0. See https://github.com/optuna/optuna/releases/tag/v4.9.0.
  sampler=self.optuna.samplers.CmaEsSampler(
phase full: 260 trials on 13 datasets, 12 workers
  [full 0000] ok J=+1.9557 geomean=1.059 worst=1.775 wins=27/78 (1131s)
  [full 0005] ok J=+1.9132 geomean=1.057 worst=1.776 wins=29/78 (1145s)
  [full 0001] ok J=+1.9557 geomean=1.059 worst=1.775 wins=27/78 (1149s)
  [full 0007] ok J=+1.6170 geomean=1.087 worst=1.704 wins=26/78 (1152s)
  [full 0011] ok J=+1.9132 geomean=1.057 worst=1.776 wins=29/78 (1156s)
  [full 0003] ok J=+2.5954 geomean=1.146 worst=2.101 wins=24/78 (1161s)
  [full 0010] ok J=+1.9723 geomean=1.092 worst=2.119 wins=26/78 (1159s)
  [full 0002] ok J=+3.7216 geomean=1.148 worst=3.583 wins=23/78 (1166s)
  [full 0008] ok J=+3.6615 geomean=1.139 worst=3.136 wins=23/78 (1170s)
  [full 0009] ok J=+1.7438 geomean=1.094 worst=2.195 wins=27/78 (1171s)
  [full 0004] ok J=+1.3775 geomean=1.046 worst=2.423 wins=28/78 (1174s)
  [full 0006] ok J=+1.5540 geomean=1.034 worst=2.617 wins=32/78 (1181s)
  [full 0012] ok J=+1.5450 geomean=1.048 worst=2.421 wins=29/78 (1090s)
  [full 0013] ok J=+11.4207 geomean=1.952 worst=10.394 wins=9/78 (1081s)
  [full 0014] ok J=+18.5610 geomean=2.989 worst=66.845 wins=4/78 (1087s)
  [full 0016] ok J=+12.2664 geomean=2.216 worst=25.425 wins=10/78 (1095s)
  [full 0020] ok J=+3.2578 geomean=1.185 worst=2.931 wins=25/78 (1096s)
  [full 0017] ok J=+6.0810 geomean=1.298 worst=4.023 wins=24/78 (1105s)
  [full 0021] ok J=+15.3234 geomean=2.594 worst=129.217 wins=11/78 (1108s)
  [full 0018] ok J=+32.2900 geomean=7.807 worst=464.407 wins=2/78 (1117s)
  [full 0019] ok J=+5.9582 geomean=1.634 worst=36.065 wins=7/78 (1115s)
  [full 0023] ok J=+8.5898 geomean=1.614 worst=19.931 wins=21/78 (1137s)
  [full 0022] ok J=+19.2153 geomean=2.868 worst=120.134 wins=3/78 (1136s)
  [full 0015] failed J=+50.0000 geomean=nan worst=nan wins=0/1 (1810s)
  [full 0024] ok J=+35.9880 geomean=9.815 worst=128.358 wins=0/78 (1086s)
  [full 0025] ok J=+11.9103 geomean=2.633 worst=99.945 wins=6/78 (1081s)
  [full 0026] ok J=+9.4012 geomean=1.770 worst=25.814 wins=8/78 (1096s)
  [full 0028] ok J=+15.3213 geomean=2.332 worst=50.442 wins=8/78 (1091s)
  [full 0029] ok J=+25.1538 geomean=4.806 worst=58.624 wins=2/78 (1099s)
  [full 0031] ok J=+7.6760 geomean=1.657 worst=13.942 wins=3/78 (1089s)
  [full 0032] ok J=+28.9579 geomean=5.438 worst=322.712 wins=7/78 (1089s)
  [full 0030] ok J=+4.1277 geomean=1.238 worst=3.865 wins=19/78 (1096s)
  [full 0033] ok J=+2.8909 geomean=1.109 worst=2.046 wins=25/78 (1087s)
  [full 0034] ok J=+16.5135 geomean=2.473 worst=25.471 wins=6/78 (1090s)
  [full 0035] ok J=+6.3944 geomean=1.306 worst=13.637 wins=15/78 (1045s)
  [full 0027] failed J=+50.0000 geomean=nan worst=nan wins=0/1 (1810s)
  [full 0036] ok J=+10.2688 geomean=1.823 worst=26.044 wins=9/78 (1077s)
  [full 0037] ok J=+4.9856 geomean=1.292 worst=4.514 wins=20/78 (1093s)
  [full 0038] ok J=+25.7647 geomean=4.905 worst=37.131 wins=0/78 (1110s)
  [full 0040] ok J=+4.5859 geomean=1.288 worst=4.020 wins=13/78 (1100s)
  [full 0042] ok J=+14.6229 geomean=3.223 worst=341.391 wins=5/78 (1096s)
  [full 0041] ok J=+13.0899 geomean=2.352 worst=42.419 wins=5/78 (1112s)
  [full 0044] ok J=+10.5523 geomean=1.942 worst=28.874 wins=12/78 (1104s)
  [full 0045] ok J=+11.3198 geomean=2.147 worst=32.553 wins=6/78 (1106s)
  [full 0043] ok J=+9.0501 geomean=1.749 worst=13.944 wins=6/78 (1117s)
  [full 0046] ok J=+27.0152 geomean=5.356 worst=190.989 wins=5/78 (1075s)
  [full 0047] ok J=+14.4877 geomean=2.295 worst=30.941 wins=5/78 (1109s)
  [full 0039] failed J=+50.0000 geomean=nan worst=nan wins=0/1 (1811s)
  [full 0048] ok J=+11.9897 geomean=1.758 worst=13.851 wins=13/78 (1133s)
  [full 0049] ok J=+18.0357 geomean=4.122 worst=61.758 wins=0/78 (1147s)
  [full 0050] ok J=+14.6999 geomean=1.958 worst=52.797 wins=20/78 (1170s)
  [full 0052] ok J=+4.4936 geomean=1.254 worst=4.132 wins=21/78 (1164s)
  [full 0053] ok J=+15.6594 geomean=2.323 worst=51.315 wins=10/78 (1159s)
  [full 0055] ok J=+10.4175 geomean=1.979 worst=20.031 wins=12/78 (1157s)
  [full 0056] ok J=+11.4906 geomean=2.063 worst=4.239 wins=0/78 (1165s)
  [full 0054] ok J=+8.2445 geomean=1.761 worst=38.736 wins=10/78 (1178s)
  [full 0057] ok J=+11.8449 geomean=2.316 worst=21.895 wins=9/78 (1051s)
  [full 0059] ok J=+7.6193 geomean=1.600 worst=12.766 wins=6/78 (1082s)
  [full 0058] ok J=+17.3426 geomean=2.836 worst=24.678 wins=5/78 (1097s)
  [full 0051] failed J=+50.0000 geomean=nan worst=nan wins=0/1 (1810s)
  [full 0060] ok J=+12.8772 geomean=1.901 worst=16.854 wins=10/78 (1050s)
  [full 0061] ok J=+9.1722 geomean=1.689 worst=16.425 wins=10/78 (1067s)
  [full 0062] ok J=+11.2562 geomean=1.593 worst=12.342 wins=18/78 (1050s)
  [full 0064] ok J=+6.5663 geomean=1.388 worst=13.698 wins=12/78 (1044s)
  [full 0067] ok J=+15.8448 geomean=2.895 worst=16.135 wins=3/78 (1035s)
  [full 0066] ok J=+16.6648 geomean=3.562 worst=77.597 wins=2/78 (1051s)
  [full 0068] ok J=+14.7224 geomean=2.711 worst=40.844 wins=2/78 (1070s)
  [full 0069] ok J=+23.6593 geomean=3.173 worst=140.236 wins=13/78 (1099s)
  [full 0070] ok J=+19.0970 geomean=3.044 worst=21.663 wins=0/78 (1097s)
  [full 0071] ok J=+9.2175 geomean=1.491 worst=7.175 wins=10/78 (1100s)
  [full 0063] failed J=+50.0000 geomean=nan worst=nan wins=0/1 (1811s)
  [full 0065] failed J=+50.0000 geomean=nan worst=nan wins=0/1 (1811s)
  [full 0072] ok J=+7.7401 geomean=1.514 worst=30.308 wins=10/78 (1107s)
  [full 0073] ok J=+3.6490 geomean=1.204 worst=2.442 wins=18/78 (1115s)
  [full 0074] ok J=+5.8806 geomean=1.448 worst=4.115 wins=12/78 (1118s)
  [full 0076] ok J=+4.4482 geomean=1.309 worst=4.581 wins=18/78 (1157s)
  [full 0077] failed J=+50.0000 geomean=nan worst=nan wins=0/1 (1352s)
  [full 0078] ok J=+28.2098 geomean=5.442 worst=224.880 wins=0/78 (1089s)
  [full 0080] ok J=+7.3809 geomean=1.537 worst=7.639 wins=15/78 (1072s)
  [full 0079] ok J=+14.1207 geomean=2.559 worst=22.861 wins=4/78 (1093s)
  [full 0081] ok J=+8.6389 geomean=1.910 worst=47.015 wins=8/78 (1067s)
  [full 0075] failed J=+50.0000 geomean=nan worst=nan wins=0/1 (1810s)
  [full 0082] ok J=+6.3863 geomean=1.437 worst=8.595 wins=15/78 (1105s)
  [full 0083] ok J=+20.3729 geomean=3.601 worst=27.349 wins=1/78 (1098s)
  [full 0084] ok J=+6.1439 geomean=1.386 worst=4.353 wins=15/78 (1108s)
  [full 0085] ok J=+7.6560 geomean=1.417 worst=4.462 wins=12/78 (1106s)
  [full 0086] ok J=+10.8325 geomean=1.910 worst=24.161 wins=7/78 (1119s)
  [full 0088] ok J=+20.1653 geomean=3.662 worst=342.809 wins=1/78 (1101s)
  [full 0087] failed J=+50.0000 geomean=nan worst=nan wins=0/1 (1356s)
  [full 0089] ok J=+9.2032 geomean=1.823 worst=8.579 wins=7/78 (1133s)
  [full 0090] ok J=+6.7081 geomean=1.419 worst=4.565 wins=12/78 (1136s)
  [full 0091] ok J=+14.2639 geomean=1.862 worst=10.228 wins=14/78 (1135s)
  [full 0092] ok J=+13.2683 geomean=1.866 worst=49.617 wins=16/78 (1142s)
  [full 0093] ok J=+5.3860 geomean=1.286 worst=5.441 wins=20/78 (1122s)
  [full 0094] ok J=+8.4885 geomean=1.727 worst=34.170 wins=5/78 (1123s)
  [full 0095] ok J=+17.6446 geomean=2.458 worst=34.665 wins=10/78 (1147s)
  [full 0096] ok J=+4.0893 geomean=1.226 worst=4.057 wins=18/78 (1124s)
  [full 0097] ok J=+14.2739 geomean=2.590 worst=32.552 wins=8/78 (1112s)
  [full 0098] ok J=+6.4440 geomean=1.483 worst=7.200 wins=14/78 (1105s)
  [full 0100] ok J=+5.0171 geomean=1.331 worst=3.538 wins=17/78 (1098s)
  [full 0101] ok J=+10.1437 geomean=1.709 worst=12.927 wins=12/78 (1057s)
  [full 0103] ok J=+4.0669 geomean=1.216 worst=2.562 wins=21/78 (1079s)
  [full 0102] ok J=+7.4300 geomean=1.513 worst=9.638 wins=13/78 (1090s)
  [full 0104] ok J=+11.6140 geomean=1.892 worst=20.279 wins=12/78 (1070s)
  [full 0105] ok J=+9.2989 geomean=1.550 worst=24.234 wins=21/78 (1092s)
  [full 0106] ok J=+9.6234 geomean=1.830 worst=12.468 wins=10/78 (1073s)
  [full 0107] ok J=+21.4937 geomean=4.026 worst=24.704 wins=1/78 (1099s)
  [full 0108] ok J=+21.9790 geomean=3.757 worst=20.095 wins=0/78 (1086s)
  [full 0109] ok J=+9.3844 geomean=1.476 worst=10.022 wins=16/78 (1071s)
  [full 0099] failed J=+50.0000 geomean=nan worst=nan wins=0/1 (1810s)
  [full 0110] ok J=+14.6692 geomean=2.386 worst=60.092 wins=1/78 (1061s)
  [full 0112] ok J=+10.9386 geomean=2.062 worst=35.417 wins=14/78 (1055s)
  [full 0114] ok J=+5.4048 geomean=1.279 worst=3.702 wins=22/78 (1082s)
  [full 0113] ok J=+8.6404 geomean=1.787 worst=34.224 wins=6/78 (1096s)
  [full 0115] ok J=+7.2703 geomean=1.497 worst=4.148 wins=16/78 (1100s)
  [full 0119] failed J=+50.0000 geomean=nan worst=nan wins=0/1 (905s)
  [full 0120] failed J=+50.0000 geomean=nan worst=nan wins=0/1 (865s)
