/home/arnaud/devel/src/data_manipulation_tools/scripts/kinetics_tune.py:431: ExperimentalWarning: Argument ``multivariate`` is an experimental feature. The interface can change in the future.
  sampler = self.optuna.samplers.TPESampler(seed=SEED, n_startup_trials=self.args.startup,
/home/arnaud/devel/src/data_manipulation_tools/scripts/kinetics_tune.py:431: ExperimentalWarning: Argument ``group`` is an experimental feature. The interface can change in the future.
  sampler = self.optuna.samplers.TPESampler(seed=SEED, n_startup_trials=self.args.startup,
phase screen: 140 trials on 5 datasets, 6 workers
  [screen 0000] ok J=+0.1420 geomean=1.080 worst=1.585 wins=10/30 (103s)
  [screen 0002] ok J=+0.1145 geomean=1.071 worst=1.580 wins=11/30 (107s)
  [screen 0003] ok J=+0.1420 geomean=1.080 worst=1.585 wins=10/30 (108s)
  [screen 0004] ok J=+4.9014 geomean=3.711 worst=22.264 wins=1/30 (110s)
  [screen 0001] ok J=+0.1145 geomean=1.071 worst=1.580 wins=11/30 (110s)
  [screen 0005] ok J=+1.6903 geomean=1.536 worst=3.250 wins=5/30 (110s)
  [screen 0006] ok J=+1.1588 geomean=1.513 worst=2.349 wins=4/30 (99s)
  [screen 0007] ok J=+3.5106 geomean=2.254 worst=10.700 wins=0/30 (101s)
  [screen 0008] ok J=+4.1678 geomean=2.147 worst=17.343 wins=3/30 (103s)
  [screen 0010] ok J=+2.5653 geomean=2.132 worst=5.593 wins=1/30 (104s)
  [screen 0009] ok J=+2.1208 geomean=2.190 worst=5.355 wins=2/30 (105s)
  [screen 0011] ok J=+2.7536 geomean=1.846 worst=6.737 wins=2/30 (107s)
  [screen 0012] ok J=+0.7011 geomean=1.390 worst=5.818 wins=8/30 (101s)
  [screen 0013] ok J=+6.1542 geomean=3.067 worst=62.789 wins=4/30 (101s)
  [screen 0014] ok J=+0.9108 geomean=1.336 worst=2.164 wins=3/30 (100s)
  [screen 0016] ok J=+3.7659 geomean=2.495 worst=12.180 wins=0/30 (103s)
  [screen 0015] ok J=+4.3163 geomean=5.459 worst=12.485 wins=0/30 (104s)
  [screen 0017] ok J=+2.2122 geomean=1.612 worst=4.818 wins=3/30 (103s)
  [screen 0018] ok J=+0.8311 geomean=1.244 worst=3.096 wins=7/30 (100s)
  [screen 0020] ok J=+3.4647 geomean=2.021 worst=10.981 wins=2/30 (100s)
  [screen 0019] ok J=+2.3576 geomean=3.441 worst=43.248 wins=1/30 (106s)
  [screen 0021] ok J=+2.9676 geomean=3.210 worst=13.942 wins=0/30 (102s)
  [screen 0023] ok J=+1.9308 geomean=1.801 worst=3.608 wins=3/30 (101s)
  [screen 0022] ok J=+2.1481 geomean=1.699 worst=4.677 wins=5/30 (108s)
  [screen 0024] ok J=+2.2403 geomean=1.465 worst=5.368 wins=5/30 (100s)
  [screen 0025] ok J=+3.0200 geomean=1.832 worst=8.458 wins=2/30 (105s)
  [screen 0026] ok J=+4.0875 geomean=3.687 worst=11.929 wins=0/30 (102s)
  [screen 0027] ok J=+5.6120 geomean=4.821 worst=33.386 wins=0/30 (101s)
  [screen 0028] ok J=+1.2237 geomean=1.607 worst=3.862 wins=3/30 (101s)
  [screen 0029] ok J=+2.8434 geomean=2.735 worst=6.053 wins=1/30 (100s)
  [screen 0030] ok J=+0.9422 geomean=1.536 worst=9.115 wins=6/30 (98s)
  [screen 0031] ok J=+2.1117 geomean=2.665 worst=10.180 wins=0/30 (101s)
  [screen 0032] ok J=+1.8704 geomean=2.688 worst=30.326 wins=3/30 (104s)
  [screen 0033] ok J=+1.6214 geomean=1.854 worst=4.698 wins=4/30 (102s)
  [screen 0034] ok J=+2.2643 geomean=2.137 worst=7.028 wins=3/30 (102s)
  [screen 0035] ok J=+0.5235 geomean=1.283 worst=4.455 wins=7/30 (101s)
  [screen 0036] ok J=+6.3764 geomean=5.056 worst=110.109 wins=0/30 (100s)
  [screen 0037] ok J=+0.1970 geomean=1.121 worst=2.029 wins=7/30 (100s)
  [screen 0038] ok J=+0.3914 geomean=1.222 worst=3.206 wins=9/30 (104s)
  [screen 0040] ok J=+0.1815 geomean=1.131 worst=1.763 wins=9/30 (100s)
  [screen 0039] ok J=+0.4077 geomean=1.089 worst=1.517 wins=9/30 (104s)
  [screen 0041] ok J=+0.6619 geomean=1.113 worst=1.917 wins=8/30 (104s)
  [screen 0042] ok J=+1.0390 geomean=1.551 worst=10.366 wins=3/30 (101s)
  [screen 0043] ok J=+0.2324 geomean=1.035 worst=1.509 wins=10/30 (100s)
  [screen 0045] ok J=+0.9446 geomean=1.449 worst=9.617 wins=7/30 (100s)
  [screen 0044] ok J=+2.7974 geomean=2.401 worst=7.984 wins=2/30 (102s)
  [screen 0047] ok J=+0.1425 geomean=1.104 worst=1.627 wins=9/30 (102s)
  [screen 0046] ok J=+0.2471 geomean=1.170 worst=2.357 wins=10/30 (106s)
  [screen 0048] ok J=+0.1773 geomean=1.132 worst=1.899 wins=10/30 (100s)
  [screen 0049] ok J=+0.1538 geomean=1.095 worst=1.718 wins=9/30 (99s)
  [screen 0050] ok J=+3.0227 geomean=2.268 worst=8.494 wins=3/30 (100s)
  [screen 0051] ok J=+1.2843 geomean=1.427 worst=2.699 wins=3/30 (100s)
  [screen 0053] ok J=+0.3894 geomean=1.160 worst=2.428 wins=8/30 (101s)
  [screen 0052] ok J=+0.9723 geomean=1.549 worst=8.320 wins=5/30 (101s)
  [screen 0054] ok J=+0.1355 geomean=1.075 worst=1.611 wins=7/30 (104s)
  [screen 0055] ok J=+0.9229 geomean=1.450 worst=9.423 wins=7/30 (98s)
  [screen 0057] ok J=+1.3272 geomean=1.613 worst=3.922 wins=4/30 (99s)
  [screen 0056] ok J=+0.4463 geomean=1.251 worst=2.302 wins=6/30 (102s)
  [screen 0058] ok J=+0.6842 geomean=1.200 worst=2.848 wins=8/30 (99s)
  [screen 0059] ok J=+0.2620 geomean=1.093 worst=1.513 wins=8/30 (99s)
  [screen 0060] ok J=+0.2111 geomean=1.114 worst=1.797 wins=7/30 (100s)
  [screen 0061] ok J=+0.4061 geomean=1.198 worst=2.584 wins=7/30 (101s)
  [screen 0062] ok J=+0.2787 geomean=1.134 worst=1.671 wins=9/30 (101s)
  [screen 0063] ok J=+0.1657 geomean=1.110 worst=1.640 wins=9/30 (102s)
  [screen 0065] ok J=+0.2247 geomean=1.094 worst=1.578 wins=8/30 (100s)
  [screen 0064] ok J=+0.1707 geomean=1.110 worst=1.734 wins=9/30 (100s)
  [screen 0066] ok J=+0.1361 geomean=1.064 worst=1.714 wins=11/30 (100s)
  [screen 0067] ok J=+0.4763 geomean=1.300 worst=2.812 wins=7/30 (100s)
  [screen 0068] ok J=+0.4544 geomean=1.255 worst=2.629 wins=7/30 (99s)
  [screen 0069] ok J=+0.1208 geomean=1.076 worst=1.578 wins=11/30 (98s)
  [screen 0070] ok J=+0.8572 geomean=1.294 worst=2.023 wins=4/30 (99s)
  [screen 0071] ok J=+1.4281 geomean=1.643 worst=3.089 wins=1/30 (100s)
  [screen 0072] ok J=+0.2942 geomean=1.206 worst=2.203 wins=7/30 (105s)
  [screen 0073] ok J=+0.1326 geomean=1.057 worst=1.584 wins=9/30 (99s)
  [screen 0074] ok J=+2.4787 geomean=1.612 worst=6.177 wins=1/30 (101s)
  [screen 0075] ok J=+1.3864 geomean=1.664 worst=2.999 wins=2/30 (100s)
  [screen 0076] ok J=+0.6954 geomean=1.131 worst=1.889 wins=7/30 (98s)
  [screen 0077] ok J=+0.1797 geomean=1.078 worst=1.502 wins=13/30 (97s)
  [screen 0078] ok J=+0.3226 geomean=1.191 worst=1.961 wins=8/30 (99s)
  [screen 0079] ok J=+0.3195 geomean=1.134 worst=1.518 wins=7/30 (101s)
  [screen 0081] ok J=+0.8393 geomean=1.325 worst=9.083 wins=9/30 (100s)
  [screen 0080] ok J=+0.7016 geomean=1.438 worst=5.618 wins=9/30 (102s)
  [screen 0083] ok J=+0.5779 geomean=1.223 worst=5.151 wins=10/30 (100s)
  [screen 0082] ok J=+0.3353 geomean=1.195 worst=2.804 wins=8/30 (104s)
  [screen 0084] ok J=+0.2648 geomean=1.103 worst=1.573 wins=12/30 (100s)
  [screen 0085] ok J=+0.6000 geomean=1.324 worst=5.033 wins=8/30 (104s)
  [screen 0087] ok J=+0.2113 geomean=1.109 worst=2.165 wins=10/30 (100s)
  [screen 0086] ok J=+0.3191 geomean=1.185 worst=2.734 wins=9/30 (102s)
  [screen 0089] ok J=+0.6780 geomean=1.364 worst=5.589 wins=6/30 (98s)
  [screen 0088] ok J=+0.1485 geomean=1.089 worst=1.771 wins=8/30 (103s)
  [screen 0090] ok J=+0.1676 geomean=1.073 worst=1.539 wins=9/30 (99s)
  [screen 0091] ok J=+0.2627 geomean=1.103 worst=1.696 wins=9/30 (100s)
  [screen 0093] ok J=+0.3124 geomean=1.173 worst=1.828 wins=7/30 (99s)
  [screen 0092] ok J=+0.2783 geomean=1.198 worst=2.566 wins=8/30 (102s)
  [screen 0095] ok J=+0.1789 geomean=1.089 worst=1.513 wins=8/30 (100s)
  [screen 0094] ok J=+0.4529 geomean=1.092 worst=1.649 wins=9/30 (104s)
  [screen 0096] ok J=+0.5157 geomean=1.351 worst=3.462 wins=6/30 (102s)
  [screen 0097] ok J=+0.3099 geomean=1.067 worst=1.522 wins=7/30 (99s)
  [screen 0098] ok J=+0.4979 geomean=1.251 worst=4.099 wins=8/30 (100s)
  [screen 0099] ok J=+0.5989 geomean=1.320 worst=5.006 wins=8/30 (100s)
  [screen 0100] ok J=+0.2401 geomean=1.111 worst=2.272 wins=9/30 (99s)
  [screen 0101] ok J=+0.2285 geomean=1.105 worst=2.355 wins=12/30 (100s)
  [screen 0102] ok J=+0.4984 geomean=1.258 worst=4.160 wins=7/30 (99s)
  [screen 0103] ok J=+0.7769 geomean=1.345 worst=7.270 wins=6/30 (98s)
  [screen 0104] ok J=+0.6522 geomean=1.250 worst=6.143 wins=7/30 (100s)
  [screen 0105] ok J=+0.1594 geomean=1.109 worst=1.584 wins=6/30 (101s)
  [screen 0106] ok J=+0.4321 geomean=1.276 worst=2.943 wins=6/30 (99s)
  [screen 0107] ok J=+0.4748 geomean=1.324 worst=2.047 wins=2/30 (98s)
  [screen 0108] ok J=+0.4185 geomean=1.256 worst=3.237 wins=8/30 (101s)
  [screen 0109] ok J=+0.2224 geomean=1.144 worst=1.950 wins=6/30 (102s)
  [screen 0110] ok J=+0.6198 geomean=1.302 worst=5.449 wins=8/30 (100s)
  [screen 0111] ok J=+0.4636 geomean=1.129 worst=1.709 wins=8/30 (99s)
  [screen 0112] ok J=+0.2387 geomean=1.141 worst=1.802 wins=6/30 (100s)
  [screen 0113] ok J=+0.5059 geomean=1.238 worst=4.053 wins=8/30 (99s)
  [screen 0114] ok J=+0.4532 geomean=1.233 worst=3.527 wins=7/30 (97s)
  [screen 0115] ok J=+0.5948 geomean=1.197 worst=1.840 wins=7/30 (104s)
  [screen 0116] ok J=+0.1965 geomean=1.101 worst=1.714 wins=10/30 (102s)
  [screen 0117] ok J=+0.1769 geomean=1.114 worst=1.731 wins=8/30 (101s)
  [screen 0118] ok J=+0.2039 geomean=1.149 worst=2.067 wins=9/30 (99s)
  [screen 0119] ok J=+0.1788 geomean=1.122 worst=1.891 wins=8/30 (101s)
  [screen 0120] ok J=+0.3291 geomean=1.217 worst=2.070 wins=7/30 (102s)
  [screen 0121] ok J=+0.1325 geomean=1.046 worst=1.534 wins=10/30 (103s)
  [screen 0123] ok J=+0.3333 geomean=1.122 worst=1.531 wins=9/30 (100s)
  [screen 0122] ok J=+0.2000 geomean=1.156 worst=1.874 wins=8/30 (100s)
  [screen 0124] ok J=+0.3058 geomean=1.184 worst=2.101 wins=8/30 (100s)
  [screen 0125] ok J=+0.3977 geomean=1.275 worst=3.091 wins=7/30 (99s)
  [screen 0127] ok J=+2.0958 geomean=2.032 worst=9.930 wins=3/30 (96s)
  [screen 0128] ok J=+0.1282 geomean=1.062 worst=1.565 wins=8/30 (99s)
  [screen 0129] ok J=+0.1034 geomean=1.034 worst=1.499 wins=11/30 (99s)
  [screen 0131] ok J=+0.4812 geomean=1.191 worst=2.627 wins=7/30 (100s)
  [screen 0130] ok J=+0.5943 geomean=1.171 worst=2.017 wins=6/30 (104s)
  [screen 0133] ok J=+0.4598 geomean=1.179 worst=1.610 wins=5/30 (95s)
  [screen 0134] ok J=+0.1885 geomean=1.068 worst=1.607 wins=11/30 (96s)
  [screen 0135] ok J=+1.4661 geomean=1.713 worst=3.477 wins=1/30 (95s)
  [screen 0136] ok J=+0.3140 geomean=1.114 worst=1.599 wins=7/30 (100s)
  [screen 0137] ok J=+0.9952 geomean=1.653 worst=8.123 wins=4/30 (86s)
  [screen 0139] ok J=+0.1820 geomean=1.126 worst=1.808 wins=8/30 (89s)
  [screen 0126] failed J=+5.0000 geomean=nan worst=nan wins=0/1 (3600s)
  [screen 0132] failed J=+5.0000 geomean=nan worst=nan wins=0/1 (3600s)
  [screen 0138] failed J=+5.0000 geomean=nan worst=nan wins=0/1 (3600s)
phase screen done: best J=+0.1034 over 140 trials; promoting 13 points
/home/arnaud/devel/src/data_manipulation_tools/scripts/kinetics_tune.py:431: ExperimentalWarning: Argument ``multivariate`` is an experimental feature. The interface can change in the future.
  sampler = self.optuna.samplers.TPESampler(seed=SEED, n_startup_trials=self.args.startup,
/home/arnaud/devel/src/data_manipulation_tools/scripts/kinetics_tune.py:431: ExperimentalWarning: Argument ``group`` is an experimental feature. The interface can change in the future.
  sampler = self.optuna.samplers.TPESampler(seed=SEED, n_startup_trials=self.args.startup,
phase full: 70 trials on 13 datasets, 6 workers
  [full 0141] ok J=+0.1367 geomean=1.037 worst=1.780 wins=29/78 (882s)
  [full 0143] ok J=+0.3425 geomean=1.071 worst=4.101 wins=24/78 (886s)
  [full 0145] ok J=+0.1776 geomean=1.036 worst=1.832 wins=30/78 (896s)
  [full 0140] failed J=+5.0000 geomean=nan worst=nan wins=0/1 (903s)
  [full 0142] ok J=+0.1343 geomean=1.057 worst=1.776 wins=29/78 (904s)
  [full 0146] ok J=+0.1518 geomean=1.038 worst=2.179 wins=27/78 (826s)
  [full 0147] ok J=+0.1848 geomean=1.062 worst=2.486 wins=23/78 (826s)
  [full 0148] ok J=+0.1596 geomean=1.060 worst=1.930 wins=27/78 (829s)
  [full 0149] ok J=+0.1390 geomean=1.059 worst=1.775 wins=27/78 (836s)
  [full 0151] ok J=+6.4486 geomean=3.781 worst=89.876 wins=4/78 (821s)
  [full 0152] ok J=+2.7570 geomean=1.500 worst=8.626 wins=15/78 (830s)
  [full 0153] ok J=+1.1485 geomean=1.438 worst=3.920 wins=17/78 (828s)
  [full 0154] ok J=+4.2628 geomean=2.260 worst=21.589 wins=2/78 (824s)
  [full 0155] ok J=+5.4110 geomean=2.116 worst=53.207 wins=9/78 (773s)
  [full 0157] ok J=+4.6784 geomean=2.200 worst=32.979 wins=4/78 (784s)
  [full 0158] ok J=+6.2798 geomean=2.058 worst=121.906 wins=9/78 (770s)
  [full 0144] failed J=+5.0000 geomean=nan worst=nan wins=0/1 (3600s)
  [full 0159] ok J=+0.7710 geomean=1.386 worst=7.850 wins=22/78 (786s)
  [full 0160] ok J=+7.9146 geomean=3.199 worst=280.022 wins=10/78 (764s)
  [full 0161] ok J=+0.7913 geomean=1.252 worst=2.419 wins=15/78 (778s)
  [full 0150] failed J=+5.0000 geomean=nan worst=nan wins=0/1 (3600s)
  [full 0163] ok J=+7.6529 geomean=2.679 worst=297.921 wins=4/78 (800s)
  [full 0164] ok J=+3.5071 geomean=1.589 worst=15.186 wins=9/78 (812s)
  [full 0165] ok J=+1.0994 geomean=1.208 worst=4.325 wins=21/78 (802s)
  [full 0166] ok J=+6.4658 geomean=4.633 worst=152.291 wins=4/78 (763s)
  [full 0167] ok J=+5.9038 geomean=2.008 worst=87.803 wins=8/78 (779s)
  [full 0169] ok J=+2.7086 geomean=1.590 worst=8.324 wins=16/78 (773s)
  [full 0170] ok J=+2.2292 geomean=1.689 worst=5.266 wins=9/78 (726s)
  [full 0156] failed J=+5.0000 geomean=nan worst=nan wins=0/1 (3600s)
  [full 0171] ok J=+6.2986 geomean=1.521 worst=155.168 wins=15/78 (777s)
  [full 0172] ok J=+5.8802 geomean=1.993 worst=89.928 wins=5/78 (784s)
  [full 0173] ok J=+7.4829 geomean=3.752 worst=213.066 wins=2/78 (728s)
  [full 0162] failed J=+5.0000 geomean=nan worst=nan wins=0/1 (3600s)
  [full 0175] ok J=+0.4833 geomean=1.308 worst=3.877 wins=21/78 (775s)
  [full 0176] ok J=+2.8231 geomean=1.718 worst=9.262 wins=12/78 (762s)
  [full 0177] ok J=+0.6519 geomean=1.167 worst=8.286 wins=23/78 (752s)
  [full 0178] ok J=+0.3312 geomean=1.127 worst=3.741 wins=26/78 (778s)
  [full 0179] ok J=+0.8785 geomean=1.340 worst=10.608 wins=22/78 (760s)
  [full 0181] ok J=+0.3040 geomean=1.159 worst=2.913 wins=27/78 (734s)
  [full 0168] failed J=+5.0000 geomean=nan worst=nan wins=0/1 (3600s)
  [full 0182] ok J=+3.4838 geomean=2.312 worst=13.646 wins=11/78 (782s)
  [full 0183] ok J=+0.3674 geomean=1.202 worst=3.203 wins=22/78 (797s)
  [full 0184] ok J=+0.4172 geomean=1.221 worst=3.814 wins=26/78 (747s)
  [full 0185] ok J=+2.8862 geomean=1.244 worst=11.878 wins=19/78 (762s)
  [full 0187] ok J=+0.1676 geomean=1.055 worst=2.392 wins=29/78 (773s)
  [full 0188] ok J=+0.2878 geomean=1.119 worst=2.437 wins=23/78 (744s)
  [full 0174] failed J=+5.0000 geomean=nan worst=nan wins=0/1 (3600s)
  [full 0189] ok J=+0.2507 geomean=1.069 worst=2.573 wins=27/78 (758s)
  [full 0190] ok J=+0.4375 geomean=1.231 worst=4.138 wins=22/78 (754s)
  [full 0191] ok J=+0.7133 geomean=1.350 worst=7.175 wins=18/78 (770s)
  [full 0193] ok J=+0.7451 geomean=1.138 worst=2.164 wins=25/78 (759s)
  [full 0180] failed J=+5.0000 geomean=nan worst=nan wins=0/1 (3600s)
  [full 0194] ok J=+1.0687 geomean=1.288 worst=3.360 wins=20/78 (769s)
  [full 0195] ok J=+0.5428 geomean=1.167 worst=5.926 wins=25/78 (768s)
  [full 0196] ok J=+0.8458 geomean=1.287 worst=10.655 wins=24/78 (777s)
  [full 0197] ok J=+0.3386 geomean=1.083 worst=2.393 wins=28/78 (786s)
  [full 0199] ok J=+0.6516 geomean=1.140 worst=8.915 wins=26/78 (760s)
  [full 0186] failed J=+5.0000 geomean=nan worst=nan wins=0/1 (3600s)
  [full 0200] ok J=+0.1918 geomean=1.040 worst=2.467 wins=28/78 (762s)
  [full 0201] ok J=+1.0322 geomean=1.246 worst=4.705 wins=19/78 (766s)
  [full 0202] ok J=+0.5573 geomean=1.215 worst=5.834 wins=26/78 (769s)
  [full 0203] ok J=+0.3188 geomean=1.143 worst=2.679 wins=26/78 (770s)
  [full 0205] ok J=+0.3162 geomean=1.140 worst=3.108 wins=23/78 (758s)
  [full 0192] failed J=+5.0000 geomean=nan worst=nan wins=0/1 (3600s)
  [full 0206] ok J=+0.3272 geomean=1.170 worst=3.023 wins=26/78 (761s)
  [full 0207] ok J=+0.2649 geomean=1.143 worst=2.136 wins=25/78 (781s)
  [full 0208] ok J=+0.1491 geomean=1.049 worst=1.895 wins=27/78 (768s)
  [full 0209] ok J=+3.2247 geomean=1.335 worst=20.332 wins=24/78 (737s)
  [full 0198] failed J=+5.0000 geomean=nan worst=nan wins=0/1 (3600s)
  [full 0204] failed J=+5.0000 geomean=nan worst=nan wins=0/1 (3600s)
phase full done: best J=+0.1343
re-running the winner and the baseline on all datasets
  [best 0210] failed J=+5.0000 geomean=nan worst=nan wins=0/1 (3600s)
  [base 0211] ok J=+0.1390 geomean=1.059 worst=1.775 wins=27/78 (601s)
Traceback (most recent call last):
  File "/home/arnaud/devel/src/data_manipulation_tools/scripts/kinetics_tune.py", line 667, in <module>
    main()
  File "/home/arnaud/devel/src/data_manipulation_tools/scripts/kinetics_tune.py", line 660, in main
    write_report(search, best_point, best_ratios, base_ratios, args.tracking / "report.md")
  File "/home/arnaud/devel/src/data_manipulation_tools/scripts/kinetics_tune.py", line 573, in write_report
    f"- Tuned objective: `{objective(best_ratios):+.4f}`", "",
                           ^^^^^^^^^^^^^^^^^^^^^^
  File "/home/arnaud/devel/src/data_manipulation_tools/scripts/kinetics_tune.py", line 267, in objective
    mean = sum(costs) / len(costs)
           ~~~~~~~~~~~^~~~~~~~~~~~
ZeroDivisionError: division by zero
