recycled 8 of 35 earlier points as seeds (best re-scores to J=+1.9132)
screening skipped: seeding the full phase with 12 points
phase full: 300 trials on 13 datasets, 8 workers
  [full 0002] ok J=+1.9557 geomean=1.059 worst=1.775 wins=27/78 (983s)
  [full 0007] ok J=+1.9132 geomean=1.057 worst=1.776 wins=29/78 (1007s)
  [full 0004] ok J=+1.9557 geomean=1.059 worst=1.775 wins=27/78 (1008s)
  [full 0003] ok J=+1.9132 geomean=1.057 worst=1.776 wins=29/78 (1011s)
  [full 0005] ok J=+10.0569 geomean=1.615 worst=42.200 wins=7/78 (1011s)
  [full 0001] ok J=+1.9557 geomean=1.059 worst=1.775 wins=27/78 (1013s)
  [full 0009] ok J=+7.8804 geomean=1.483 worst=8.514 wins=15/78 (824s)
  [full 0010] ok J=+4.2306 geomean=1.198 worst=3.034 wins=21/78 (832s)
  [full 0012] ok J=+5.4230 geomean=1.264 worst=6.341 wins=20/78 (832s)
  [full 0013] ok J=+4.6314 geomean=1.255 worst=3.429 wins=16/78 (834s)
  [full 0011] ok J=+4.0425 geomean=1.198 worst=4.613 wins=19/78 (836s)
  [full 0015] ok J=+2.7972 geomean=1.075 worst=4.662 wins=24/78 (589s)
Traceback (most recent call last):
  File "/home/arnaud/devel/src/data_manipulation_tools/scripts/kinetics_tune.py", line 1038, in <module>
    main()
  File "/home/arnaud/devel/src/data_manipulation_tools/scripts/kinetics_tune.py", line 1012, in main
    full = search.phase("full", datasets, args.full_trials, seeds=promoted)
           ^^^^^^^^^^^^^^^^^^^^^^^^^^^^^^^^^^^^^^^^^^^^^^^^^^^^^^^^^^^^^^^^
  File "/home/arnaud/devel/src/data_manipulation_tools/scripts/kinetics_tune.py", line 831, in phase
    list(pool.map(one, range(remaining)))
  File "/usr/lib/python3.12/concurrent/futures/_base.py", line 619, in result_iterator
    yield _result_or_cancel(fs.pop())
          ^^^^^^^^^^^^^^^^^^^^^^^^^^^
  File "/usr/lib/python3.12/concurrent/futures/_base.py", line 317, in _result_or_cancel
    return fut.result(timeout)
           ^^^^^^^^^^^^^^^^^^^
  File "/usr/lib/python3.12/concurrent/futures/_base.py", line 456, in result
    return self.__get_result()
           ^^^^^^^^^^^^^^^^^^^
  File "/usr/lib/python3.12/concurrent/futures/_base.py", line 401, in __get_result
    raise self._exception
  File "/usr/lib/python3.12/concurrent/futures/thread.py", line 58, in run
    result = self.fn(*self.args, **self.kwargs)
             ^^^^^^^^^^^^^^^^^^^^^^^^^^^^^^^^^^
  File "/home/arnaud/devel/src/data_manipulation_tools/scripts/kinetics_tune.py", line 827, in one
    value = self.evaluate(dict(trial.params), projects, name)
            ^^^^^^^^^^^^^^^^^^^^^^^^^^^^^^^^^^^^^^^^^^^^^^^^^
  File "/home/arnaud/devel/src/data_manipulation_tools/scripts/kinetics_tune.py", line 766, in evaluate
    value, ratios = FAILURE_OBJECTIVE, {}
                    ^^^^^^^^^^^^^^^^^
NameError: name 'FAILURE_OBJECTIVE' is not defined
