/home/arnaud/devel/src/data_manipulation_tools/scripts/kinetics_tune.py:567: ExperimentalWarning: Argument ``multivariate`` is an experimental feature. The interface can change in the future.
  sampler = self.optuna.samplers.TPESampler(seed=SEED, n_startup_trials=self.args.startup,
/home/arnaud/devel/src/data_manipulation_tools/scripts/kinetics_tune.py:567: ExperimentalWarning: Argument ``group`` is an experimental feature. The interface can change in the future.
  sampler = self.optuna.samplers.TPESampler(seed=SEED, n_startup_trials=self.args.startup,
phase screen: 200 trials on 5 datasets, 6 workers
  [screen 0000] ok J=+0.5843 geomean=1.080 worst=1.585 wins=10/30 (103s)
  [screen 0001] ok J=+0.5669 geomean=1.071 worst=1.580 wins=11/30 (107s)
  [screen 0004] ok J=+0.5843 geomean=1.080 worst=1.585 wins=10/30 (110s)
  [screen 0005] ok J=+4.8114 geomean=1.584 worst=30.836 wins=9/30 (111s)
  [screen 0002] ok J=+7.6169 geomean=3.210 worst=113.878 wins=6/30 (114s)
  [screen 0003] ok J=+0.5669 geomean=1.071 worst=1.580 wins=11/30 (116s)
  [screen 0006] ok J=+2.9064 geomean=1.378 worst=7.949 wins=9/30 (108s)
  [screen 0007] ok J=+1.8226 geomean=1.299 worst=3.598 wins=7/30 (107s)
  [screen 0008] ok J=+4.2018 geomean=2.550 worst=9.803 wins=2/30 (105s)
  [screen 0009] ok J=+8.3633 geomean=4.461 worst=135.351 wins=2/30 (110s)
  [screen 0010] ok J=+3.7520 geomean=1.541 worst=13.293 wins=7/30 (108s)
  [screen 0011] ok J=+4.5253 geomean=1.978 worst=18.306 wins=5/30 (106s)
  [screen 0012] ok J=+2.9891 geomean=1.687 worst=6.238 wins=5/30 (104s)
  [screen 0013] ok J=+1.5269 geomean=1.355 worst=2.605 wins=6/30 (106s)
  [screen 0014] ok J=+3.5648 geomean=1.433 worst=12.741 wins=6/30 (106s)
  [screen 0015] ok J=+9.8761 geomean=4.499 worst=472.999 wins=2/30 (106s)
  [screen 0016] ok J=+1.9356 geomean=1.312 worst=3.814 wins=6/30 (108s)
  [screen 0017] ok J=+1.3970 geomean=1.278 worst=2.628 wins=5/30 (111s)
  [screen 0018] ok J=+4.5610 geomean=1.575 worst=26.687 wins=6/30 (108s)
  [screen 0020] ok J=+5.2151 geomean=1.849 worst=36.537 wins=7/30 (106s)
  [screen 0019] ok J=+2.1802 geomean=1.245 worst=5.138 wins=9/30 (107s)
  [screen 0021] ok J=+2.0062 geomean=1.390 worst=3.741 wins=6/30 (104s)
  [screen 0022] ok J=+1.4385 geomean=1.212 worst=2.800 wins=9/30 (104s)
  [screen 0023] ok J=+4.3234 geomean=1.694 worst=20.053 wins=4/30 (104s)
  [screen 0024] ok J=+2.1134 geomean=1.286 worst=4.705 wins=6/30 (105s)
  [screen 0025] ok J=+1.4029 geomean=1.210 worst=2.774 wins=9/30 (104s)
  [screen 0026] ok J=+8.3078 geomean=2.788 worst=257.544 wins=6/30 (108s)
  [screen 0027] ok J=+2.7500 geomean=1.283 worst=7.715 wins=9/30 (105s)
  [screen 0028] ok J=+2.7948 geomean=1.409 worst=7.160 wins=5/30 (105s)
  [screen 0029] ok J=+7.2675 geomean=2.632 worst=115.952 wins=3/30 (106s)
  [screen 0030] ok J=+2.0491 geomean=1.341 worst=4.040 wins=5/30 (104s)
  [screen 0031] ok J=+1.3402 geomean=1.225 worst=2.600 wins=7/30 (105s)
  [screen 0033] ok J=+8.5378 geomean=3.288 worst=244.475 wins=3/30 (103s)
  [screen 0032] ok J=+2.6728 geomean=1.659 worst=4.975 wins=5/30 (107s)
  [screen 0034] ok J=+3.1809 geomean=1.372 worst=10.470 wins=6/30 (106s)
  [screen 0035] ok J=+0.5190 geomean=1.080 worst=1.521 wins=7/30 (108s)
  [screen 0038] ok J=+0.7782 geomean=1.171 worst=1.701 wins=8/30 (106s)
  [screen 0036] ok J=+1.6059 geomean=1.242 worst=3.082 wins=9/30 (114s)
  [screen 0037] ok J=+1.7123 geomean=1.180 worst=3.716 wins=9/30 (111s)
  [screen 0039] ok J=+0.7046 geomean=1.111 worst=1.676 wins=7/30 (110s)
  [screen 0040] ok J=+0.5706 geomean=1.089 worst=1.570 wins=11/30 (108s)
  [screen 0041] ok J=+3.5836 geomean=1.572 worst=12.018 wins=2/30 (103s)
  [screen 0042] ok J=+1.9389 geomean=1.306 worst=3.923 wins=7/30 (104s)
  [screen 0043] ok J=+0.9450 geomean=1.164 worst=2.027 wins=7/30 (106s)
  [screen 0044] ok J=+1.6484 geomean=1.225 worst=3.417 wins=8/30 (107s)
  [screen 0047] ok J=+0.7682 geomean=1.128 worst=1.770 wins=6/30 (107s)
  [screen 0046] ok J=+2.6990 geomean=1.675 worst=4.943 wins=3/30 (109s)
  [screen 0045] ok J=+0.8518 geomean=1.184 worst=1.760 wins=10/30 (111s)
  [screen 0048] ok J=+4.7098 geomean=1.644 worst=27.619 wins=6/30 (104s)
  [screen 0050] ok J=+1.0162 geomean=1.195 worst=2.111 wins=6/30 (107s)
  [screen 0049] ok J=+0.9486 geomean=1.144 worst=2.069 wins=9/30 (108s)
  [screen 0053] ok J=+0.9215 geomean=1.165 worst=1.934 wins=7/30 (107s)
  [screen 0051] ok J=+1.6249 geomean=1.358 worst=2.905 wins=6/30 (109s)
  [screen 0052] ok J=+1.5630 geomean=1.312 worst=2.883 wins=6/30 (110s)
  [screen 0054] ok J=+2.8679 geomean=1.349 worst=7.921 wins=9/30 (100s)
  [screen 0055] ok J=+2.3401 geomean=1.278 worst=5.510 wins=9/30 (106s)
  [screen 0056] ok J=+1.1647 geomean=1.244 worst=2.185 wins=7/30 (108s)
  [screen 0057] ok J=+0.8005 geomean=1.170 worst=1.711 wins=8/30 (105s)
  [screen 0058] ok J=+1.1292 geomean=1.150 worst=2.386 wins=8/30 (106s)
  [screen 0059] ok J=+3.9777 geomean=1.571 worst=16.414 wins=3/30 (106s)
  [screen 0060] ok J=+1.4545 geomean=1.323 worst=2.511 wins=7/30 (103s)
  [screen 0061] ok J=+5.2747 geomean=2.934 worst=18.730 wins=0/30 (105s)
  [screen 0062] ok J=+2.6811 geomean=1.260 worst=7.463 wins=8/30 (106s)
  [screen 0063] ok J=+0.8062 geomean=1.126 worst=1.830 wins=10/30 (105s)
  [screen 0064] ok J=+1.2927 geomean=1.251 worst=2.495 wins=5/30 (110s)
  [screen 0065] ok J=+0.5390 geomean=1.077 worst=1.514 wins=10/30 (112s)
  [screen 0066] ok J=+0.6877 geomean=1.097 worst=1.756 wins=7/30 (105s)
  [screen 0067] ok J=+0.8686 geomean=1.153 worst=1.904 wins=10/30 (104s)
  [screen 0068] ok J=+1.4414 geomean=1.215 worst=2.819 wins=9/30 (105s)
  [screen 0069] ok J=+3.7198 geomean=1.467 worst=14.188 wins=9/30 (104s)
  [screen 0070] ok J=+1.9589 geomean=1.210 worst=4.394 wins=11/30 (106s)
  [screen 0071] ok J=+0.9254 geomean=1.175 worst=1.921 wins=8/30 (104s)
  [screen 0072] ok J=+0.7365 geomean=1.092 worst=1.831 wins=8/30 (107s)
  [screen 0073] ok J=+0.8502 geomean=1.157 worst=1.916 wins=9/30 (107s)
  [screen 0074] ok J=+1.0199 geomean=1.222 worst=1.989 wins=4/30 (104s)
  [screen 0075] ok J=+0.7310 geomean=1.143 worst=1.690 wins=9/30 (103s)
  [screen 0077] ok J=+0.8811 geomean=1.149 worst=1.933 wins=8/30 (107s)
  [screen 0076] ok J=+1.1496 geomean=1.274 worst=2.123 wins=6/30 (109s)
  [screen 0078] ok J=+5.5219 geomean=1.987 worst=41.405 wins=5/30 (103s)
  [screen 0080] ok J=+0.9732 geomean=1.183 worst=2.001 wins=7/30 (103s)
  [screen 0079] ok J=+1.4724 geomean=1.300 worst=2.640 wins=6/30 (108s)
  [screen 0081] ok J=+0.8548 geomean=1.185 worst=1.710 wins=9/30 (105s)
  [screen 0082] ok J=+1.2721 geomean=1.228 worst=2.488 wins=7/30 (106s)
  [screen 0083] ok J=+1.8544 geomean=1.196 worst=4.103 wins=7/30 (106s)
  [screen 0084] ok J=+3.9590 geomean=1.603 worst=15.766 wins=3/30 (103s)
  [screen 0085] ok J=+2.9459 geomean=1.585 worst=6.841 wins=2/30 (107s)
  [screen 0086] ok J=+1.1864 geomean=1.206 worst=2.222 wins=6/30 (107s)
  [screen 0087] ok J=+0.7245 geomean=1.126 worst=1.757 wins=9/30 (107s)
  [screen 0089] ok J=+1.4167 geomean=1.248 worst=2.797 wins=4/30 (103s)
  [screen 0088] ok J=+3.6717 geomean=1.506 worst=13.333 wins=6/30 (105s)
  [screen 0090] ok J=+0.6428 geomean=1.104 worst=1.671 wins=8/30 (104s)
  [screen 0091] ok J=+0.8430 geomean=1.200 worst=1.764 wins=6/30 (100s)
  [screen 0092] ok J=+1.5611 geomean=1.298 worst=2.904 wins=5/30 (102s)
  [screen 0093] ok J=+0.9111 geomean=1.195 worst=1.912 wins=7/30 (108s)
  [screen 0094] ok J=+1.4052 geomean=1.165 worst=2.912 wins=8/30 (104s)
  [screen 0095] ok J=+2.1035 geomean=1.263 worst=4.738 wins=9/30 (104s)
  [screen 0096] ok J=+3.7515 geomean=1.773 worst=11.091 wins=4/30 (103s)
  [screen 0097] ok J=+1.2561 geomean=1.161 worst=2.500 wins=9/30 (104s)
  [screen 0098] ok J=+1.5598 geomean=1.233 worst=2.945 wins=8/30 (102s)
  [screen 0099] ok J=+0.9538 geomean=1.177 worst=2.024 wins=8/30 (102s)
  [screen 0100] ok J=+3.4247 geomean=1.443 worst=11.429 wins=8/30 (103s)
  [screen 0101] ok J=+1.7750 geomean=1.326 worst=3.341 wins=1/30 (107s)
  [screen 0102] ok J=+1.3800 geomean=1.283 worst=2.505 wins=5/30 (105s)
  [screen 0103] ok J=+1.1099 geomean=1.244 worst=2.129 wins=8/30 (106s)
  [screen 0104] ok J=+1.1636 geomean=1.281 worst=2.040 wins=5/30 (102s)
  [screen 0105] ok J=+7.6934 geomean=2.621 worst=165.286 wins=6/30 (106s)
  [screen 0106] ok J=+6.8253 geomean=2.299 worst=98.154 wins=6/30 (103s)
  [screen 0107] ok J=+3.1794 geomean=1.405 worst=9.669 wins=10/30 (103s)
  [screen 0108] ok J=+0.7653 geomean=1.168 worst=1.698 wins=9/30 (110s)
  [screen 0109] ok J=+1.0360 geomean=1.179 worst=2.080 wins=9/30 (101s)
  [screen 0110] ok J=+0.9262 geomean=1.211 worst=1.828 wins=5/30 (107s)
  [screen 0111] ok J=+1.1550 geomean=1.186 worst=2.236 wins=8/30 (101s)
  [screen 0112] ok J=+6.4596 geomean=2.077 worst=85.931 wins=8/30 (105s)
  [screen 0113] ok J=+1.0430 geomean=1.183 worst=2.096 wins=6/30 (103s)
  [screen 0114] ok J=+0.9801 geomean=1.112 worst=2.208 wins=11/30 (102s)
  [screen 0115] ok J=+2.2151 geomean=1.288 worst=5.001 wins=7/30 (103s)
  [screen 0116] ok J=+1.1032 geomean=1.136 worst=2.312 wins=8/30 (106s)
  [screen 0117] ok J=+3.0209 geomean=1.405 worst=8.786 wins=7/30 (103s)
  [screen 0118] ok J=+0.5315 geomean=1.085 worst=1.507 wins=7/30 (104s)
  [screen 0119] ok J=+2.9027 geomean=1.498 worst=7.228 wins=8/30 (101s)
  [screen 0120] ok J=+3.2877 geomean=1.315 worst=11.800 wins=8/30 (111s)
  [screen 0121] ok J=+0.9029 geomean=1.153 worst=1.972 wins=7/30 (104s)
  [screen 0123] ok J=+1.0019 geomean=1.181 worst=2.077 wins=7/30 (104s)
  [screen 0122] ok J=+3.3172 geomean=1.565 worst=9.677 wins=5/30 (105s)
  [screen 0124] ok J=+1.2063 geomean=1.215 worst=2.431 wins=6/30 (102s)
  [screen 0125] ok J=+0.5899 geomean=1.085 worst=1.607 wins=7/30 (102s)
  [screen 0127] ok J=+0.8785 geomean=1.143 worst=1.937 wins=7/30 (104s)
  [screen 0126] ok J=+0.7331 geomean=1.120 worst=1.711 wins=10/30 (109s)
  [screen 0129] ok J=+1.9135 geomean=1.256 worst=4.050 wins=9/30 (102s)
  [screen 0128] ok J=+1.7510 geomean=1.250 worst=3.636 wins=6/30 (107s)
  [screen 0130] ok J=+3.3592 geomean=1.350 worst=12.192 wins=7/30 (104s)
  [screen 0131] ok J=+0.8382 geomean=1.120 worst=1.878 wins=11/30 (104s)
  [screen 0132] ok J=+3.6874 geomean=1.456 worst=13.899 wins=6/30 (104s)
  [screen 0133] ok J=+2.4789 geomean=1.300 worst=6.082 wins=6/30 (105s)
  [screen 0134] ok J=+0.7663 geomean=1.186 worst=1.631 wins=6/30 (105s)
  [screen 0135] ok J=+2.4367 geomean=1.264 worst=6.186 wins=6/30 (103s)
  [screen 0137] ok J=+0.5726 geomean=1.088 worst=1.567 wins=11/30 (104s)
  [screen 0136] ok J=+2.3091 geomean=1.257 worst=5.637 wins=7/30 (106s)
  [screen 0139] ok J=+0.8948 geomean=1.178 worst=1.955 wins=8/30 (105s)
  [screen 0138] ok J=+2.2255 geomean=1.297 worst=4.985 wins=6/30 (109s)
  [screen 0140] ok J=+1.1858 geomean=1.125 worst=2.541 wins=9/30 (105s)
  [screen 0141] ok J=+0.6027 geomean=1.117 worst=1.534 wins=7/30 (104s)
  [screen 0143] ok J=+0.8527 geomean=1.131 worst=1.889 wins=6/30 (103s)
  [screen 0142] ok J=+1.4584 geomean=1.157 worst=3.124 wins=7/30 (106s)
  [screen 0144] ok J=+1.1629 geomean=1.203 worst=2.386 wins=6/30 (106s)
  [screen 0145] ok J=+0.9755 geomean=1.140 worst=2.094 wins=10/30 (107s)
  [screen 0146] ok J=+2.7855 geomean=1.411 worst=7.238 wins=5/30 (105s)
  [screen 0147] ok J=+1.0320 geomean=1.140 worst=2.220 wins=10/30 (104s)
  [screen 0149] ok J=+4.1457 geomean=1.661 worst=17.688 wins=5/30 (105s)
  [screen 0148] ok J=+3.9058 geomean=2.034 worst=10.460 wins=3/30 (108s)
  [screen 0151] ok J=+1.2389 geomean=1.176 worst=2.539 wins=9/30 (106s)
  [screen 0150] ok J=+2.1727 geomean=1.514 worst=3.894 wins=4/30 (109s)
  [screen 0152] ok J=+5.0559 geomean=1.837 worst=31.415 wins=6/30 (106s)
  [screen 0153] ok J=+1.2333 geomean=1.193 worst=2.500 wins=8/30 (106s)
  [screen 0155] ok J=+1.2210 geomean=1.202 worst=2.454 wins=7/30 (105s)
  [screen 0154] ok J=+1.9636 geomean=1.507 worst=3.283 wins=5/30 (109s)
