recycled 12 of 1143 earlier points as seeds (4 reserved for slippage robustness, best re-scores to J=+6.5689)
screening skipped: seeding the full phase with 16 points
/home/arnaud/devel/src/data_manipulation_tools/scripts/kinetics_tune.py:939: FutureWarning: `x0` has been deprecated in v4.9.0. This feature will be removed in v6.0.0. See https://github.com/optuna/optuna/releases/tag/v4.9.0.
  sampler=self.optuna.samplers.CmaEsSampler(
/home/arnaud/devel/src/data_manipulation_tools/scripts/kinetics_tune.py:939: FutureWarning: `sigma0` has been deprecated in v4.9.0. This feature will be removed in v6.0.0. See https://github.com/optuna/optuna/releases/tag/v4.9.0.
  sampler=self.optuna.samplers.CmaEsSampler(
phase full: 240 trials on 13 datasets, 12 workers
  [full 0002] ok J=+14.6850 geomean=1.323 worst=5.195 wins=18/78 (1156s)
  [full 0000] ok J=+7.2550 geomean=1.033 worst=4.337 wins=30/78 (1157s)
  [full 0007] ok J=+7.0583 geomean=1.039 worst=4.339 wins=30/78 (1158s)
  [full 0010] ok J=+42.5874 geomean=3.483 worst=78.912 wins=2/78 (1173s)
  [full 0009] ok J=+7.0583 geomean=1.039 worst=4.339 wins=30/78 (1180s)
  [full 0011] ok J=+37.9948 geomean=2.622 worst=174.701 wins=5/78 (1184s)
  [full 0008] ok J=+7.0583 geomean=1.039 worst=4.339 wins=30/78 (1183s)
  [full 0003] ok J=+7.2550 geomean=1.033 worst=4.337 wins=30/78 (1185s)
  [full 0005] ok J=+16.1217 geomean=1.117 worst=2.228 wins=28/78 (1184s)
  [full 0006] ok J=+7.2550 geomean=1.033 worst=4.337 wins=30/78 (1184s)
  [full 0001] crashed: ValueError: Cannot tell a COMPLETE trial.
  [full 0001] ok J=+15.8283 geomean=1.064 worst=6.296 wins=26/78 (1190s)
  [full 0004] ok J=+7.2550 geomean=1.033 worst=4.337 wins=30/78 (1198s)
  [full 0012] ok J=+15.1118 geomean=1.057 worst=2.769 wins=27/78 (1122s)
  [full 0014] ok J=+8.1564 geomean=1.222 worst=5.229 wins=20/78 (1146s)
  [full 0013] ok J=+15.6466 geomean=1.145 worst=2.352 wins=24/78 (1157s)
  [full 0019] ok J=+35.5884 geomean=2.370 worst=177.824 wins=5/78 (1140s)
  [full 0018] ok J=+29.5028 geomean=1.910 worst=95.944 wins=7/78 (1145s)
  [full 0022] ok J=+36.0788 geomean=1.544 worst=11.862 wins=12/78 (1151s)
  [full 0023] ok J=+40.6054 geomean=2.169 worst=37.289 wins=11/78 (1151s)
  [full 0017] ok J=+14.4815 geomean=1.265 worst=3.665 wins=22/78 (1155s)
  [full 0015] ok J=+17.5057 geomean=1.165 worst=8.482 wins=22/78 (1167s)
  [full 0021] ok J=+19.6821 geomean=1.322 worst=9.420 wins=13/78 (1172s)
  [full 0016] ok J=+8.6488 geomean=1.345 worst=7.801 wins=17/78 (1173s)
  [full 0020] ok J=+37.2404 geomean=2.484 worst=173.459 wins=5/78 (1175s)
  [full 0024] ok J=+42.5324 geomean=2.688 worst=193.077 wins=5/78 (1130s)
  [full 0025] ok J=+39.8525 geomean=2.565 worst=56.571 wins=10/78 (1099s)
  [full 0026] ok J=+36.9923 geomean=2.459 worst=94.324 wins=5/78 (1122s)
  [full 0027] ok J=+48.9536 geomean=2.111 worst=54.881 wins=7/78 (1122s)
  [full 0028] ok J=+26.0381 geomean=2.015 worst=8.662 wins=5/78 (1149s)
  [full 0029] ok J=+36.0429 geomean=2.077 worst=85.613 wins=7/78 (1141s)
  [full 0033] ok J=+49.0564 geomean=2.326 worst=44.009 wins=8/78 (1142s)
  [full 0032] ok J=+17.5187 geomean=1.367 worst=5.463 wins=17/78 (1144s)
  [full 0031] ok J=+27.4220 geomean=1.632 worst=8.812 wins=14/78 (1150s)
  [full 0034] ok J=+26.4484 geomean=1.660 worst=13.203 wins=17/78 (1160s)
  [full 0030] ok J=+30.7535 geomean=2.206 worst=7.892 wins=11/78 (1171s)
  [full 0035] ok J=+26.9768 geomean=1.564 worst=15.011 wins=14/78 (1174s)
  [full 0036] ok J=+27.2721 geomean=1.889 worst=38.688 wins=13/78 (1146s)
  [full 0037] ok J=+34.6841 geomean=2.397 worst=272.407 wins=7/78 (1137s)
  [full 0038] ok J=+31.7340 geomean=1.413 worst=10.605 wins=19/78 (1159s)
  [full 0039] ok J=+20.1309 geomean=1.492 worst=7.280 wins=15/78 (1122s)
  [full 0040] ok J=+19.5386 geomean=1.604 worst=3.923 wins=11/78 (1140s)
  [full 0041] ok J=+45.6503 geomean=3.191 worst=75.186 wins=6/78 (1145s)
  [full 0043] ok J=+22.7907 geomean=1.693 worst=6.654 wins=10/78 (1135s)
  [full 0042] ok J=+17.6942 geomean=1.404 worst=5.088 wins=16/78 (1151s)
  [full 0045] ok J=+21.7172 geomean=1.374 worst=5.514 wins=19/78 (1135s)
  [full 0044] ok J=+28.6080 geomean=1.485 worst=6.307 wins=15/78 (1158s)
  [full 0046] ok J=+42.8780 geomean=1.710 worst=14.605 wins=13/78 (1155s)
  [full 0047] ok J=+51.3566 geomean=2.481 worst=65.342 wins=7/78 (1157s)
  [full 0048] ok J=+19.7945 geomean=1.388 worst=20.664 wins=16/78 (1133s)
  [full 0049] ok J=+17.8075 geomean=1.554 worst=5.604 wins=14/78 (1169s)
  [full 0050] ok J=+19.4113 geomean=1.322 worst=3.710 wins=18/78 (1132s)
  [full 0051] ok J=+32.8006 geomean=1.426 worst=9.497 wins=17/78 (1149s)
  [full 0052] ok J=+15.7496 geomean=1.356 worst=5.303 wins=19/78 (1137s)
  [full 0053] ok J=+18.1606 geomean=1.216 worst=2.929 wins=25/78 (1127s)
  [full 0054] ok J=+27.7911 geomean=2.017 worst=21.214 wins=9/78 (1150s)
  [full 0055] ok J=+36.9108 geomean=1.848 worst=43.210 wins=5/78 (1154s)
  [full 0057] ok J=+29.2300 geomean=1.955 worst=29.135 wins=8/78 (1157s)
  [full 0056] ok J=+17.6495 geomean=1.548 worst=14.375 wins=15/78 (1170s)
  [full 0059] ok J=+19.5593 geomean=1.431 worst=9.978 wins=15/78 (1158s)
  [full 0058] ok J=+40.3931 geomean=2.414 worst=73.220 wins=10/78 (1162s)
  [full 0060] ok J=+26.1025 geomean=1.556 worst=7.249 wins=15/78 (1126s)
  [full 0061] ok J=+17.4966 geomean=1.710 worst=4.243 wins=8/78 (1121s)
  [full 0063] ok J=+19.2876 geomean=1.720 worst=21.507 wins=19/78 (1126s)
  [full 0062] ok J=+20.0362 geomean=1.625 worst=6.627 wins=8/78 (1159s)
  [full 0064] ok J=+28.3657 geomean=1.928 worst=32.393 wins=10/78 (1129s)
  [full 0065] ok J=+37.8769 geomean=2.109 worst=33.868 wins=8/78 (1136s)
  [full 0066] ok J=+23.0760 geomean=1.329 worst=5.680 wins=20/78 (1137s)
  [full 0067] ok J=+13.8839 geomean=1.139 worst=3.383 wins=22/78 (1183s)
  [full 0070] ok J=+20.7165 geomean=1.673 worst=18.598 wins=16/78 (1134s)
  [full 0068] ok J=+17.7546 geomean=1.382 worst=3.658 wins=17/78 (1166s)
  [full 0069] ok J=+16.1995 geomean=1.191 worst=3.309 wins=25/78 (1156s)
  [full 0071] ok J=+16.9578 geomean=1.363 worst=4.925 wins=20/78 (1143s)
  [full 0072] ok J=+13.8660 geomean=1.375 worst=4.035 wins=20/78 (1138s)
  [full 0073] ok J=+26.2796 geomean=1.548 worst=26.903 wins=15/78 (1136s)
  [full 0074] ok J=+17.8092 geomean=1.481 worst=15.385 wins=24/78 (1121s)
  [full 0075] ok J=+24.8543 geomean=2.106 worst=29.951 wins=9/78 (1153s)
  [full 0076] ok J=+24.8720 geomean=1.853 worst=6.375 wins=8/78 (1107s)
  [full 0077] ok J=+35.4686 geomean=1.925 worst=32.507 wins=11/78 (1134s)
  [full 0078] ok J=+19.2492 geomean=1.340 worst=6.362 wins=18/78 (1119s)
  [full 0079] ok J=+15.7828 geomean=1.233 worst=3.928 wins=23/78 (1141s)
  [full 0082] ok J=+20.1825 geomean=1.290 worst=4.744 wins=19/78 (1135s)
  [full 0080] ok J=+14.2584 geomean=1.325 worst=6.630 wins=22/78 (1146s)
  [full 0083] ok J=+15.1464 geomean=1.314 worst=5.923 wins=24/78 (1138s)
  [full 0081] ok J=+22.8444 geomean=1.664 worst=28.153 wins=14/78 (1160s)
  [full 0084] ok J=+38.5034 geomean=1.766 worst=30.241 wins=14/78 (1148s)
  [full 0085] ok J=+18.3094 geomean=1.276 worst=2.666 wins=21/78 (1141s)
  [full 0086] ok J=+14.3698 geomean=1.251 worst=4.685 wins=20/78 (1124s)
  [full 0087] ok J=+14.7852 geomean=1.342 worst=10.260 wins=21/78 (1122s)
  [full 0088] ok J=+23.1609 geomean=2.124 worst=26.939 wins=10/78 (1162s)
  [full 0089] ok J=+18.1991 geomean=1.323 worst=4.652 wins=22/78 (1127s)
  [full 0090] ok J=+17.8871 geomean=1.435 worst=9.254 wins=16/78 (1132s)
  [full 0091] ok J=+15.0409 geomean=1.356 worst=7.909 wins=21/78 (1141s)
  [full 0092] ok J=+20.8183 geomean=1.395 worst=8.971 wins=19/78 (1137s)
  [full 0094] ok J=+21.3624 geomean=1.478 worst=9.902 wins=17/78 (1142s)
  [full 0093] ok J=+20.8110 geomean=1.571 worst=25.376 wins=22/78 (1154s)
  [full 0095] ok J=+17.2544 geomean=1.156 worst=2.673 wins=24/78 (1150s)
  [full 0096] ok J=+16.9276 geomean=1.143 worst=3.335 wins=25/78 (1130s)
  [full 0098] ok J=+19.1748 geomean=1.359 worst=5.153 wins=20/78 (1135s)
  [full 0097] ok J=+20.7415 geomean=2.294 worst=10.232 wins=5/78 (1147s)
  [full 0099] ok J=+21.6699 geomean=1.558 worst=5.959 wins=13/78 (1133s)
  [full 0100] ok J=+16.8239 geomean=1.233 worst=8.663 wins=22/78 (1130s)
  [full 0101] ok J=+29.3636 geomean=1.590 worst=11.767 wins=16/78 (1132s)
  [full 0102] ok J=+22.0774 geomean=1.374 worst=8.700 wins=19/78 (1134s)
  [full 0103] ok J=+31.1430 geomean=2.775 worst=22.240 wins=11/78 (1149s)
  [full 0104] ok J=+15.3123 geomean=1.323 worst=5.227 wins=23/78 (1151s)
  [full 0106] ok J=+15.8605 geomean=1.429 worst=10.712 wins=22/78 (1121s)
  [full 0105] ok J=+18.9554 geomean=1.237 worst=3.063 wins=21/78 (1146s)
  [full 0107] ok J=+14.5926 geomean=1.277 worst=5.468 wins=22/78 (1143s)
  [full 0108] ok J=+17.0975 geomean=1.492 worst=5.487 wins=15/78 (1174s)
  [full 0109] ok J=+39.8518 geomean=1.816 worst=19.562 wins=10/78 (1142s)
  [full 0110] ok J=+15.0459 geomean=1.253 worst=4.931 wins=23/78 (1142s)
  [full 0111] ok J=+17.7340 geomean=1.485 worst=7.398 wins=20/78 (1137s)
  [full 0112] ok J=+16.8296 geomean=1.637 worst=36.234 wins=22/78 (1154s)
  [full 0113] ok J=+14.9092 geomean=1.238 worst=5.867 wins=19/78 (1147s)
  [full 0114] ok J=+14.9583 geomean=1.384 worst=4.383 wins=18/78 (1123s)
  [full 0115] ok J=+14.9455 geomean=1.309 worst=8.577 wins=17/78 (1135s)
  [full 0116] ok J=+18.1640 geomean=1.314 worst=4.761 wins=20/78 (1143s)
  [full 0119] ok J=+18.0018 geomean=1.225 worst=4.275 wins=21/78 (1133s)
  [full 0117] ok J=+16.6384 geomean=1.365 worst=9.063 wins=12/78 (1149s)
  [full 0118] ok J=+14.7680 geomean=1.224 worst=3.157 wins=22/78 (1144s)
  [full 0120] ok J=+12.9592 geomean=1.199 worst=3.134 wins=21/78 (1157s)
  [full 0121] ok J=+14.9583 geomean=1.418 worst=4.756 wins=18/78 (1139s)
  [full 0122] ok J=+17.6603 geomean=1.251 worst=9.512 wins=23/78 (1143s)
  [full 0123] ok J=+20.9112 geomean=1.618 worst=27.906 wins=18/78 (1157s)
  [full 0125] ok J=+19.6773 geomean=1.234 worst=5.170 wins=22/78 (1122s)
  [full 0124] ok J=+19.8292 geomean=1.270 worst=4.393 wins=24/78 (1138s)
  [full 0126] ok J=+19.6265 geomean=1.520 worst=14.036 wins=17/78 (1150s)
  [full 0127] ok J=+18.4250 geomean=1.570 worst=9.556 wins=20/78 (1165s)
  [full 0128] ok J=+29.8411 geomean=2.067 worst=46.959 wins=10/78 (1140s)
  [full 0129] ok J=+20.4016 geomean=1.424 worst=18.685 wins=18/78 (1122s)
  [full 0131] ok J=+16.5861 geomean=1.439 worst=6.358 wins=14/78 (1146s)
  [full 0130] ok J=+16.5628 geomean=1.483 worst=9.035 wins=20/78 (1152s)
  [full 0134] ok J=+39.3196 geomean=2.967 worst=64.577 wins=9/78 (1152s)
  [full 0132] ok J=+13.9017 geomean=1.258 worst=5.418 wins=15/78 (1166s)
  [full 0133] ok J=+15.7585 geomean=1.325 worst=3.117 wins=18/78 (1167s)
  [full 0135] ok J=+16.6905 geomean=1.214 worst=9.404 wins=23/78 (1152s)
  [full 0136] ok J=+29.6675 geomean=1.613 worst=4.594 wins=12/78 (1157s)
  [full 0138] ok J=+15.2263 geomean=1.321 worst=2.682 wins=19/78 (1131s)
  [full 0137] ok J=+16.4308 geomean=1.289 worst=5.484 wins=17/78 (1162s)
  [full 0139] ok J=+20.5110 geomean=1.804 worst=61.615 wins=12/78 (1110s)
  [full 0141] ok J=+22.7614 geomean=2.033 worst=5.655 wins=8/78 (1122s)
  [full 0140] ok J=+18.1323 geomean=1.478 worst=8.841 wins=19/78 (1135s)
  [full 0143] ok J=+14.8172 geomean=1.266 worst=3.817 wins=21/78 (1120s)
  [full 0142] ok J=+34.3620 geomean=2.146 worst=13.974 wins=9/78 (1139s)
  [full 0144] ok J=+14.1932 geomean=1.143 worst=7.353 wins=26/78 (1149s)
  [full 0146] ok J=+14.4470 geomean=1.256 worst=3.374 wins=24/78 (1160s)
  [full 0145] ok J=+16.1168 geomean=1.428 worst=9.840 wins=19/78 (1178s)
  [full 0147] ok J=+16.4759 geomean=1.533 worst=19.448 wins=19/78 (1177s)
  [full 0148] ok J=+17.2635 geomean=1.243 worst=5.715 wins=24/78 (1137s)
  [full 0150] ok J=+22.7437 geomean=1.474 worst=9.929 wins=14/78 (1148s)
  [full 0149] ok J=+19.3699 geomean=1.353 worst=7.844 wins=21/78 (1155s)
  [full 0151] ok J=+14.9412 geomean=1.331 worst=7.620 wins=21/78 (1161s)
  [full 0153] ok J=+29.9549 geomean=1.676 worst=14.110 wins=12/78 (1128s)
  [full 0152] ok J=+17.9195 geomean=1.324 worst=9.164 wins=22/78 (1139s)
  [full 0154] ok J=+15.6453 geomean=1.374 worst=4.964 wins=19/78 (1133s)
  [full 0155] ok J=+20.1238 geomean=1.626 worst=6.116 wins=12/78 (1123s)
  [full 0156] ok J=+17.1246 geomean=1.760 worst=18.438 wins=15/78 (1138s)
  [full 0157] ok J=+15.5988 geomean=1.348 worst=9.838 wins=20/78 (1135s)
  [full 0158] ok J=+19.3587 geomean=1.512 worst=33.552 wins=18/78 (1128s)
  [full 0159] ok J=+23.0049 geomean=1.982 worst=36.720 wins=7/78 (1150s)
  [full 0160] ok J=+13.9494 geomean=1.491 worst=5.919 wins=23/78 (1151s)
  [full 0161] ok J=+21.5831 geomean=1.752 worst=7.640 wins=11/78 (1130s)
  [full 0162] ok J=+31.6562 geomean=1.631 worst=27.708 wins=12/78 (1167s)
  [full 0163] ok J=+16.5000 geomean=1.236 worst=5.433 wins=20/78 (1159s)
  [full 0167] ok J=+14.8421 geomean=1.184 worst=2.898 wins=23/78 (1126s)
  [full 0166] ok J=+21.3830 geomean=1.098 worst=3.750 wins=30/78 (1134s)
  [full 0165] ok J=+17.2141 geomean=1.629 worst=21.381 wins=21/78 (1161s)
  [full 0164] ok J=+26.7504 geomean=2.218 worst=20.963 wins=5/78 (1163s)
  [full 0168] ok J=+15.2645 geomean=1.222 worst=2.671 wins=19/78 (1132s)
  [full 0170] ok J=+13.4943 geomean=1.180 worst=4.273 wins=22/78 (1130s)
  [full 0169] ok J=+18.6279 geomean=1.463 worst=6.594 wins=15/78 (1147s)
  [full 0171] ok J=+13.9204 geomean=1.173 worst=2.984 wins=22/78 (1127s)
  [full 0172] ok J=+15.6615 geomean=1.233 worst=3.431 wins=18/78 (1133s)
  [full 0173] ok J=+22.6123 geomean=1.520 worst=13.966 wins=10/78 (1147s)
  [full 0174] ok J=+15.2329 geomean=1.318 worst=4.443 wins=21/78 (1145s)
  [full 0175] ok J=+16.9283 geomean=1.227 worst=4.918 wins=22/78 (1123s)
  [full 0176] ok J=+14.1363 geomean=1.222 worst=4.239 wins=17/78 (1141s)
  [full 0178] ok J=+22.2193 geomean=1.640 worst=45.602 wins=15/78 (1142s)
  [full 0179] ok J=+15.0417 geomean=1.398 worst=3.885 wins=21/78 (1152s)
  [full 0177] ok J=+14.8542 geomean=1.235 worst=5.828 wins=22/78 (1155s)
  [full 0180] ok J=+14.8273 geomean=1.356 worst=7.234 wins=23/78 (1151s)
  [full 0182] ok J=+14.2919 geomean=1.238 worst=4.018 wins=20/78 (1141s)
  [full 0181] ok J=+23.8374 geomean=1.719 worst=14.057 wins=7/78 (1160s)
  [full 0183] ok J=+14.1299 geomean=1.223 worst=3.087 wins=21/78 (1151s)
  [full 0184] ok J=+15.4506 geomean=1.478 worst=12.086 wins=21/78 (1139s)
  [full 0185] ok J=+16.5789 geomean=1.266 worst=4.630 wins=17/78 (1154s)
  [full 0186] ok J=+17.2066 geomean=1.177 worst=3.883 wins=21/78 (1135s)
  [full 0187] ok J=+14.3466 geomean=1.187 worst=2.792 wins=23/78 (1165s)
  [full 0188] ok J=+21.2225 geomean=1.623 worst=16.874 wins=13/78 (1142s)
  [full 0189] ok J=+18.5583 geomean=1.276 worst=3.673 wins=18/78 (1143s)
  [full 0191] ok J=+14.5428 geomean=1.305 worst=7.845 wins=21/78 (1129s)
  [full 0190] ok J=+16.5138 geomean=1.255 worst=2.882 wins=22/78 (1133s)
  [full 0192] ok J=+21.0086 geomean=1.749 worst=45.092 wins=11/78 (1149s)
  [full 0193] ok J=+19.6428 geomean=1.345 worst=3.192 wins=19/78 (1131s)
  [full 0194] ok J=+29.1111 geomean=2.687 worst=22.087 wins=5/78 (1158s)
  [full 0195] ok J=+19.6422 geomean=1.569 worst=6.644 wins=11/78 (1161s)
  [full 0196] ok J=+18.0536 geomean=1.298 worst=3.748 wins=15/78 (1155s)
  [full 0197] ok J=+15.9191 geomean=1.343 worst=4.763 wins=15/78 (1144s)
  [full 0198] ok J=+13.2185 geomean=1.133 worst=3.317 wins=26/78 (1135s)
  [full 0199] ok J=+14.3315 geomean=1.356 worst=3.875 wins=14/78 (1144s)
  [full 0200] ok J=+14.3217 geomean=1.285 worst=3.187 wins=21/78 (1143s)
  [full 0201] ok J=+14.0724 geomean=1.217 worst=4.451 wins=25/78 (1151s)
  [full 0202] ok J=+15.1417 geomean=1.328 worst=4.615 wins=18/78 (1155s)
  [full 0203] ok J=+15.8654 geomean=1.625 worst=7.768 wins=15/78 (1158s)
  [full 0204] ok J=+14.3113 geomean=1.034 worst=2.850 wins=29/78 (1162s)
  [full 0205] ok J=+18.4037 geomean=1.396 worst=7.805 wins=13/78 (1133s)
  [full 0207] ok J=+35.2055 geomean=1.484 worst=15.079 wins=17/78 (1116s)
  [full 0206] ok J=+17.6283 geomean=1.225 worst=5.282 wins=22/78 (1149s)
  [full 0210] ok J=+18.7497 geomean=1.528 worst=11.600 wins=15/78 (1120s)
  [full 0208] ok J=+16.8681 geomean=1.362 worst=5.117 wins=16/78 (1149s)
  [full 0209] ok J=+21.2321 geomean=1.433 worst=4.504 wins=15/78 (1153s)
  [full 0211] ok J=+19.3536 geomean=1.505 worst=14.442 wins=14/78 (1159s)
  [full 0212] ok J=+22.7402 geomean=1.689 worst=6.430 wins=9/78 (1143s)
  [full 0213] ok J=+15.9401 geomean=1.268 worst=4.149 wins=21/78 (1124s)
  [full 0214] ok J=+20.3840 geomean=1.576 worst=4.202 wins=9/78 (1140s)
  [full 0215] ok J=+15.8022 geomean=1.457 worst=8.424 wins=20/78 (1140s)
  [full 0216] ok J=+16.5426 geomean=1.520 worst=15.381 wins=19/78 (1137s)
  [full 0217] ok J=+22.0581 geomean=1.456 worst=7.344 wins=12/78 (1139s)
  [full 0218] ok J=+14.7781 geomean=1.250 worst=3.977 wins=21/78 (1122s)
  [full 0219] ok J=+19.0541 geomean=1.517 worst=5.239 wins=10/78 (1156s)
  [full 0220] ok J=+14.6059 geomean=1.304 worst=13.745 wins=20/78 (1151s)
  [full 0221] ok J=+17.0501 geomean=1.318 worst=4.058 wins=16/78 (1159s)
  [full 0222] ok J=+18.3714 geomean=1.328 worst=16.140 wins=15/78 (1165s)
  [full 0224] ok J=+17.5709 geomean=1.382 worst=4.349 wins=19/78 (1151s)
  [full 0223] ok J=+18.0260 geomean=1.454 worst=23.664 wins=26/78 (1159s)
  [full 0225] ok J=+18.0809 geomean=1.245 worst=3.932 wins=21/78 (1149s)
  [full 0227] ok J=+17.9879 geomean=1.290 worst=2.866 wins=15/78 (1125s)
  [full 0226] ok J=+14.9512 geomean=1.327 worst=4.820 wins=16/78 (1134s)
  [full 0228] ok J=+15.1456 geomean=1.316 worst=7.207 wins=17/78 (1130s)
  [full 0229] ok J=+19.8585 geomean=1.254 worst=3.827 wins=26/78 (1148s)
  [full 0230] ok J=+25.6555 geomean=2.132 worst=19.395 wins=9/78 (1139s)
  [full 0231] ok J=+19.1561 geomean=1.565 worst=7.753 wins=15/78 (1138s)
  [full 0232] ok J=+19.9428 geomean=1.516 worst=3.827 wins=18/78 (1137s)
  [full 0233] ok J=+23.8024 geomean=1.254 worst=3.413 wins=18/78 (1132s)
  [full 0234] ok J=+15.0688 geomean=1.663 worst=7.035 wins=14/78 (1124s)
  [full 0236] ok J=+17.5430 geomean=1.187 worst=2.726 wins=22/78 (1077s)
  [full 0238] ok J=+18.3663 geomean=1.341 worst=3.662 wins=19/78 (1058s)
  [full 0235] ok J=+15.9780 geomean=1.184 worst=4.344 wins=24/78 (1094s)
  [full 0237] ok J=+14.9999 geomean=1.348 worst=4.913 wins=23/78 (1089s)
  [full 0239] ok J=+19.1811 geomean=1.118 worst=6.039 wins=23/78 (1064s)
phase full done: best J=+7.0583
re-running the winner and the baseline on all datasets
  [best 0240] ok J=+7.0583 geomean=1.039 worst=4.339 wins=30/78 (549s)
  [base 0241] ok J=+7.2550 geomean=1.033 worst=4.337 wins=30/78 (551s)

report:  /home/arnaud/devel/src/data_manipulation_tools/results/kinetics-cell-20260905/report.md
overlay: /home/arnaud/devel/src/data_manipulation_tools/results/kinetics-cell-20260905/best-overlay.yaml
config:  /home/arnaud/devel/src/data_manipulation_tools/results/kinetics-cell-20260905/MCKineticsObserver.yaml
