recycled 12 of 572 earlier points as seeds (best re-scores to J=+1.3694)
screening skipped: seeding the full phase with 16 points
/home/arnaud/devel/src/data_manipulation_tools/scripts/kinetics_tune.py:867: FutureWarning: `x0` has been deprecated in v4.9.0. This feature will be removed in v6.0.0. See https://github.com/optuna/optuna/releases/tag/v4.9.0.
  sampler=self.optuna.samplers.CmaEsSampler(
/home/arnaud/devel/src/data_manipulation_tools/scripts/kinetics_tune.py:867: FutureWarning: `sigma0` has been deprecated in v4.9.0. This feature will be removed in v6.0.0. See https://github.com/optuna/optuna/releases/tag/v4.9.0.
  sampler=self.optuna.samplers.CmaEsSampler(
phase full: 260 trials on 13 datasets, 12 workers
  [full 0005] ok J=+1.9557 geomean=1.059 worst=1.775 wins=27/78 (1136s)
  [full 0009] ok J=+1.9557 geomean=1.059 worst=1.775 wins=27/78 (1144s)
  [full 0000] ok J=+1.6170 geomean=1.087 worst=1.704 wins=26/78 (1155s)
  [full 0003] ok J=+3.7216 geomean=1.148 worst=3.583 wins=23/78 (1160s)
  [full 0008] ok J=+2.5954 geomean=1.146 worst=2.101 wins=24/78 (1165s)
  [full 0010] ok J=+1.7441 geomean=1.095 worst=2.195 wins=28/78 (1165s)
  [full 0004] ok J=+1.3775 geomean=1.046 worst=2.423 wins=28/78 (1165s)
  [full 0002] ok J=+1.9723 geomean=1.092 worst=2.119 wins=26/78 (1172s)
  [full 0001] failed J=+50.0000 geomean=nan worst=nan wins=0/1 (1174s)
  [full 0011] ok J=+1.5540 geomean=1.034 worst=2.617 wins=32/78 (1174s)
  [full 0006] ok J=+1.9132 geomean=1.057 worst=1.776 wins=29/78 (1174s)
  [full 0007] ok J=+1.9132 geomean=1.057 worst=1.776 wins=29/78 (1179s)
  [full 0012] ok J=+3.7099 geomean=1.198 worst=12.480 wins=21/78 (1090s)
  [full 0014] ok J=+3.5470 geomean=1.280 worst=5.519 wins=13/78 (1090s)
  [full 0018] ok J=+6.5379 geomean=1.489 worst=14.833 wins=14/78 (1096s)
  [full 0015] ok J=+1.8841 geomean=1.102 worst=2.366 wins=23/78 (1118s)
  [full 0019] ok J=+6.8091 geomean=1.346 worst=9.377 wins=23/78 (1112s)
  [full 0016] ok J=+10.2794 geomean=1.510 worst=25.537 wins=21/78 (1121s)
  [full 0021] ok J=+4.8043 geomean=1.272 worst=4.344 wins=19/78 (1120s)
  [full 0020] ok J=+3.2542 geomean=1.126 worst=3.122 wins=22/78 (1121s)
  [full 0017] ok J=+1.7809 geomean=1.103 worst=3.007 wins=29/78 (1130s)
  [full 0023] ok J=+10.3713 geomean=1.772 worst=33.561 wins=18/78 (1129s)
  [full 0022] ok J=+2.4031 geomean=1.089 worst=4.689 wins=29/78 (1130s)
  [full 0013] failed J=+50.0000 geomean=nan worst=nan wins=0/1 (1810s)
  [full 0024] ok J=+9.9585 geomean=1.520 worst=32.561 wins=23/78 (1058s)
  [full 0026] ok J=+3.0356 geomean=1.127 worst=3.060 wins=23/78 (1084s)
  [full 0027] ok J=+5.3347 geomean=1.195 worst=4.991 wins=23/78 (1093s)
  [full 0028] ok J=+4.2834 geomean=1.159 worst=4.329 wins=23/78 (1104s)
  [full 0029] ok J=+3.7559 geomean=1.215 worst=2.917 wins=23/78 (1093s)
  [full 0030] ok J=+4.2809 geomean=1.323 worst=5.195 wins=18/78 (1108s)
  [full 0032] ok J=+4.3628 geomean=1.218 worst=4.805 wins=24/78 (1105s)
  [full 0031] ok J=+1.9239 geomean=1.020 worst=2.607 wins=28/78 (1110s)
  [full 0034] ok J=+4.2948 geomean=1.206 worst=5.069 wins=27/78 (1107s)
  [full 0033] ok J=+4.4074 geomean=1.200 worst=3.891 wins=22/78 (1117s)
  [full 0035] ok J=+7.6916 geomean=1.672 worst=19.578 wins=15/78 (1026s)
  [full 0025] failed J=+50.0000 geomean=nan worst=nan wins=0/1 (1810s)
  [full 0036] ok J=+5.6771 geomean=1.440 worst=6.019 wins=16/78 (1064s)
  [full 0038] ok J=+3.8037 geomean=1.192 worst=3.327 wins=25/78 (1102s)
  [full 0039] ok J=+2.5563 geomean=1.130 worst=2.637 wins=23/78 (1084s)
  [full 0040] ok J=+3.7955 geomean=1.199 worst=4.222 wins=21/78 (1090s)
  [full 0041] ok J=+5.5511 geomean=1.275 worst=5.068 wins=18/78 (1091s)
  [full 0044] ok J=+5.0123 geomean=1.222 worst=6.121 wins=20/78 (1101s)
  [full 0045] ok J=+4.4126 geomean=1.174 worst=5.408 wins=23/78 (1107s)
  [full 0043] ok J=+5.3915 geomean=1.220 worst=7.165 wins=24/78 (1112s)
  [full 0042] ok J=+3.7568 geomean=1.159 worst=2.747 wins=21/78 (1113s)
  [full 0046] ok J=+6.8290 geomean=1.355 worst=9.282 wins=22/78 (1043s)
  [full 0047] ok J=+4.0109 geomean=1.167 worst=3.765 wins=25/78 (1073s)
  [full 0037] failed J=+50.0000 geomean=nan worst=nan wins=0/1 (1811s)
  [full 0048] ok J=+5.8703 geomean=1.246 worst=8.615 wins=22/78 (1130s)
  [full 0050] ok J=+5.8385 geomean=1.344 worst=6.769 wins=20/78 (1146s)
  [full 0051] ok J=+3.3345 geomean=1.166 worst=3.987 wins=20/78 (1142s)
  [full 0052] ok J=+2.2685 geomean=1.111 worst=3.080 wins=22/78 (1136s)
  [full 0053] ok J=+5.6236 geomean=1.259 worst=7.562 wins=22/78 (1116s)
  [full 0055] ok J=+4.2676 geomean=1.173 worst=4.377 wins=22/78 (1117s)
  [full 0054] ok J=+2.7446 geomean=1.121 worst=3.080 wins=24/78 (1131s)
  [full 0056] ok J=+4.0423 geomean=1.188 worst=3.715 wins=19/78 (1142s)
  [full 0057] ok J=+2.5723 geomean=1.118 worst=3.243 wins=26/78 (1085s)
  [full 0058] ok J=+5.6633 geomean=1.335 worst=5.805 wins=16/78 (1099s)
  [full 0059] ok J=+2.4592 geomean=1.107 worst=3.130 wins=24/78 (1090s)
  [full 0049] failed J=+50.0000 geomean=nan worst=nan wins=0/1 (1810s)
  [full 0060] ok J=+4.5268 geomean=1.197 worst=4.232 wins=24/78 (1113s)
  [full 0062] ok J=+2.0761 geomean=1.045 worst=2.575 wins=27/78 (1108s)
  [full 0063] ok J=+6.8887 geomean=1.346 worst=11.999 wins=23/78 (1113s)
  [full 0064] ok J=+2.9964 geomean=1.152 worst=3.518 wins=24/78 (1121s)
  [full 0065] ok J=+4.0971 geomean=1.331 worst=4.264 wins=9/78 (1108s)
  [full 0066] ok J=+3.2086 geomean=1.119 worst=3.982 wins=23/78 (1115s)
  [full 0067] ok J=+10.7135 geomean=1.600 worst=17.234 wins=14/78 (1118s)
  [full 0068] ok J=+3.0630 geomean=1.127 worst=2.745 wins=23/78 (1141s)
  [full 0069] ok J=+3.1951 geomean=1.190 worst=3.425 wins=21/78 (1155s)
  [full 0070] ok J=+2.4529 geomean=1.132 worst=3.907 wins=26/78 (1124s)
  [full 0071] ok J=+3.7399 geomean=1.224 worst=3.451 wins=21/78 (1125s)
  [full 0061] failed J=+50.0000 geomean=nan worst=nan wins=0/1 (1811s)
  [full 0072] ok J=+2.5170 geomean=1.163 worst=3.029 wins=18/78 (1132s)
  [full 0074] ok J=+2.9519 geomean=1.121 worst=3.188 wins=27/78 (1142s)
  [full 0075] ok J=+12.1951 geomean=1.736 worst=14.327 wins=15/78 (1160s)
  [full 0076] ok J=+3.1670 geomean=1.237 worst=4.846 wins=16/78 (1153s)
  [full 0077] ok J=+4.6844 geomean=1.272 worst=5.769 wins=20/78 (1134s)
  [full 0078] ok J=+3.3774 geomean=1.127 worst=2.973 wins=24/78 (1137s)
  [full 0079] ok J=+3.6001 geomean=1.188 worst=3.253 wins=24/78 (1091s)
  [full 0080] ok J=+8.6872 geomean=1.439 worst=25.012 wins=26/78 (1121s)
  [full 0081] ok J=+7.6818 geomean=1.479 worst=7.095 wins=9/78 (1115s)
  [full 0082] ok J=+3.4193 geomean=1.129 worst=2.808 wins=24/78 (1119s)
  [full 0083] ok J=+4.7574 geomean=1.278 worst=7.445 wins=19/78 (1107s)
  [full 0073] failed J=+50.0000 geomean=nan worst=nan wins=0/1 (1810s)
  [full 0084] ok J=+4.8598 geomean=1.317 worst=4.316 wins=18/78 (1067s)
  [full 0086] ok J=+5.7550 geomean=1.237 worst=7.769 wins=27/78 (1058s)
  [full 0088] ok J=+3.5443 geomean=1.198 worst=8.029 wins=18/78 (1072s)
  [full 0087] ok J=+2.7648 geomean=1.107 worst=3.092 wins=19/78 (1078s)
  [full 0089] ok J=+3.9331 geomean=1.172 worst=3.155 wins=26/78 (1073s)
  [full 0090] ok J=+1.9145 geomean=1.049 worst=2.445 wins=29/78 (1059s)
  [full 0091] ok J=+9.8794 geomean=1.759 worst=24.613 wins=11/78 (1071s)
  [full 0092] ok J=+3.4494 geomean=1.179 worst=2.645 wins=21/78 (1094s)
  [full 0093] ok J=+3.0288 geomean=1.125 worst=7.153 wins=19/78 (1093s)
  [full 0094] ok J=+4.8800 geomean=1.238 worst=5.322 wins=23/78 (1091s)
  [full 0095] ok J=+2.2878 geomean=1.174 worst=3.538 wins=22/78 (1082s)
  [full 0085] failed J=+50.0000 geomean=nan worst=nan wins=0/1 (1810s)
  [full 0096] ok J=+3.9131 geomean=1.135 worst=3.063 wins=25/78 (1047s)
  [full 0098] ok J=+1.5481 geomean=1.035 worst=2.296 wins=25/78 (1065s)
  [full 0099] ok J=+3.0678 geomean=1.164 worst=2.564 wins=21/78 (1054s)
  [full 0100] ok J=+4.3562 geomean=1.170 worst=3.808 wins=27/78 (1060s)
  [full 0101] ok J=+3.5345 geomean=1.211 worst=13.548 wins=19/78 (1062s)
  [full 0102] ok J=+2.2569 geomean=1.123 worst=3.440 wins=29/78 (1068s)
  [full 0103] ok J=+3.9756 geomean=1.173 worst=4.112 wins=22/78 (1081s)
  [full 0105] ok J=+2.6570 geomean=1.101 worst=2.958 wins=23/78 (1069s)
  [full 0104] ok J=+4.4543 geomean=1.242 worst=3.941 wins=20/78 (1093s)
  [full 0106] ok J=+5.0373 geomean=1.214 worst=5.743 wins=21/78 (1104s)
  [full 0107] ok J=+5.1495 geomean=1.197 worst=5.501 wins=24/78 (1070s)
  [full 0097] failed J=+50.0000 geomean=nan worst=nan wins=0/1 (1810s)
  [full 0108] ok J=+3.5148 geomean=1.199 worst=8.175 wins=22/78 (1074s)
  [full 0110] ok J=+4.1554 geomean=1.188 worst=4.579 wins=23/78 (1057s)
  [full 0111] ok J=+3.1451 geomean=1.157 worst=3.073 wins=25/78 (1068s)
  [full 0112] ok J=+4.1187 geomean=1.169 worst=9.900 wins=19/78 (1061s)
  [full 0113] ok J=+3.2773 geomean=1.114 worst=2.883 wins=21/78 (1049s)
  [full 0114] ok J=+2.5068 geomean=1.179 worst=4.143 wins=20/78 (1080s)
  [full 0115] ok J=+2.6953 geomean=1.110 worst=2.471 wins=20/78 (1096s)
  [full 0116] ok J=+6.0490 geomean=1.435 worst=6.533 wins=20/78 (1092s)
  [full 0117] ok J=+6.8724 geomean=1.395 worst=3.984 wins=16/78 (1078s)
  [full 0118] ok J=+4.9174 geomean=1.230 worst=5.501 wins=18/78 (1100s)
  [full 0120] ok J=+5.2109 geomean=1.199 worst=6.302 wins=24/78 (1060s)
  [full 0119] ok J=+3.6277 geomean=1.143 worst=3.241 wins=21/78 (1092s)
  [full 0109] failed J=+50.0000 geomean=nan worst=nan wins=0/1 (1810s)
  [full 0122] ok J=+3.1646 geomean=1.186 worst=4.292 wins=20/78 (1038s)
  [full 0123] ok J=+3.6700 geomean=1.114 worst=3.988 wins=25/78 (1047s)
  [full 0124] ok J=+3.4878 geomean=1.141 worst=7.153 wins=23/78 (1049s)
  [full 0125] ok J=+4.5184 geomean=1.260 worst=40.432 wins=24/78 (1068s)
  [full 0127] ok J=+3.1618 geomean=1.087 worst=3.708 wins=25/78 (1098s)
  [full 0126] ok J=+14.9025 geomean=2.642 worst=10.657 wins=8/78 (1103s)
  [full 0128] ok J=+3.3604 geomean=1.144 worst=3.051 wins=20/78 (1100s)
  [full 0131] ok J=+2.9985 geomean=1.185 worst=2.546 wins=19/78 (1071s)
  [full 0121] failed J=+50.0000 geomean=nan worst=nan wins=0/1 (1811s)
  [full 0129] ok J=+1.9241 geomean=1.135 worst=3.152 wins=25/78 (1099s)
  [full 0130] ok J=+4.7035 geomean=1.256 worst=3.446 wins=19/78 (1099s)
  [full 0132] ok J=+3.2139 geomean=1.201 worst=2.891 wins=20/78 (1092s)
  [full 0134] ok J=+3.3455 geomean=1.135 worst=2.727 wins=24/78 (1056s)
  [full 0135] ok J=+3.2211 geomean=1.167 worst=4.439 wins=20/78 (1049s)
  [full 0136] ok J=+4.1930 geomean=1.181 worst=5.684 wins=21/78 (1066s)
  [full 0137] ok J=+3.7303 geomean=1.132 worst=3.456 wins=27/78 (1086s)
  [full 0138] ok J=+2.1679 geomean=1.093 worst=3.141 wins=25/78 (1087s)
  [full 0139] ok J=+9.6902 geomean=1.510 worst=27.932 wins=21/78 (1106s)
  [full 0133] failed J=+50.0000 geomean=nan worst=nan wins=0/1 (1810s)
  [full 0142] ok J=+8.5688 geomean=1.625 worst=26.748 wins=11/78 (1101s)
  [full 0143] ok J=+4.5928 geomean=1.328 worst=12.100 wins=15/78 (1094s)
  [full 0141] ok J=+5.5099 geomean=1.257 worst=5.104 wins=19/78 (1119s)
  [full 0140] ok J=+3.5300 geomean=1.109 worst=3.393 wins=25/78 (1128s)
  [full 0144] ok J=+5.9959 geomean=1.299 worst=8.681 wins=24/78 (1107s)
  [full 0146] ok J=+6.5804 geomean=1.284 worst=9.659 wins=18/78 (1063s)
  [full 0147] ok J=+8.8422 geomean=1.423 worst=21.195 wins=20/78 (1079s)
  [full 0148] ok J=+7.5788 geomean=1.359 worst=13.019 wins=24/78 (1101s)
  [full 0149] ok J=+9.7327 geomean=1.513 worst=29.230 wins=24/78 (1108s)
  [full 0150] ok J=+2.8634 geomean=1.112 worst=5.250 wins=24/78 (1101s)
  [full 0151] ok J=+5.4664 geomean=1.359 worst=5.669 wins=20/78 (1104s)
  [full 0153] ok J=+6.1524 geomean=1.281 worst=5.930 wins=21/78 (1109s)
  [full 0152] ok J=+7.6097 geomean=1.780 worst=37.743 wins=5/78 (1117s)
  [full 0154] ok J=+3.2857 geomean=1.142 worst=3.298 wins=21/78 (1114s)
  [full 0156] ok J=+3.0080 geomean=1.153 worst=1.976 wins=23/78 (1113s)
  [full 0155] ok J=+2.9460 geomean=1.088 worst=3.314 wins=27/78 (1126s)
  [full 0145] failed J=+50.0000 geomean=nan worst=nan wins=0/1 (1810s)
  [full 0158] failed J=+50.0000 geomean=nan worst=nan wins=0/1 (630s)
  [full 0157] failed J=+50.0000 geomean=nan worst=nan wins=0/1 (777s)
