recycled 12 of 829 earlier points as seeds (4 reserved for slippage robustness, best re-scores to J=+6.5689)
screening skipped: seeding the full phase with 16 points
/home/arnaud/devel/src/data_manipulation_tools/scripts/kinetics_tune.py:931: FutureWarning: `x0` has been deprecated in v4.9.0. This feature will be removed in v6.0.0. See https://github.com/optuna/optuna/releases/tag/v4.9.0.
  sampler=self.optuna.samplers.CmaEsSampler(
/home/arnaud/devel/src/data_manipulation_tools/scripts/kinetics_tune.py:931: FutureWarning: `sigma0` has been deprecated in v4.9.0. This feature will be removed in v6.0.0. See https://github.com/optuna/optuna/releases/tag/v4.9.0.
  sampler=self.optuna.samplers.CmaEsSampler(
phase full: 440 trials on 13 datasets, 12 workers
  [full 0010] ok J=+6.7858 geomean=1.059 worst=1.775 wins=27/78 (1129s)
  [full 0001] ok J=+6.5689 geomean=1.057 worst=1.776 wins=29/78 (1137s)
  [full 0002] ok J=+14.6850 geomean=1.323 worst=5.195 wins=18/78 (1145s)
  [full 0005] ok J=+6.5689 geomean=1.057 worst=1.776 wins=29/78 (1149s)
  [full 0003] ok J=+6.7858 geomean=1.059 worst=1.775 wins=27/78 (1158s)
  [full 0004] ok J=+16.1290 geomean=1.156 worst=2.228 wins=27/78 (1165s)
  [full 0011] ok J=+39.5917 geomean=3.562 worst=77.597 wins=2/78 (1167s)
  [full 0007] ok J=+17.6616 geomean=1.772 worst=33.561 wins=18/78 (1171s)
  [full 0008] ok J=+6.5689 geomean=1.057 worst=1.776 wins=29/78 (1169s)
  [full 0006] ok J=+15.8548 geomean=1.066 worst=6.402 wins=26/78 (1171s)
  [full 0009] ok J=+6.7858 geomean=1.059 worst=1.775 wins=27/78 (1180s)
  [full 0000] failed J=+50.0000 geomean=nan worst=nan wins=0/1 (1810s)
  [full 0013] ok J=+15.7222 geomean=1.146 worst=2.334 wins=23/78 (1077s)
  [full 0014] ok J=+8.0728 geomean=1.218 worst=5.046 wins=21/78 (1086s)
  [full 0015] ok J=+17.5206 geomean=1.166 worst=8.544 wins=22/78 (1096s)
  [full 0016] ok J=+38.8859 geomean=2.600 worst=163.231 wins=5/78 (1090s)
  [full 0022] ok J=+52.5313 geomean=2.244 worst=82.465 wins=6/78 (1083s)
  [full 0020] ok J=+47.9882 geomean=2.870 worst=89.549 wins=5/78 (1096s)
  [full 0021] ok J=+33.2738 geomean=2.324 worst=9.239 wins=5/78 (1099s)
  [full 0017] ok J=+38.9718 geomean=2.317 worst=50.240 wins=2/78 (1105s)
  [full 0019] ok J=+38.2742 geomean=2.680 worst=174.745 wins=5/78 (1108s)
  [full 0018] ok J=+30.4137 geomean=2.340 worst=25.437 wins=4/78 (1120s)
  [full 0023] ok J=+51.5131 geomean=4.653 worst=79.833 wins=0/78 (1020s)
  [full 0012] failed J=+50.0000 geomean=nan worst=nan wins=0/1 (1810s)
  [full 0026] ok J=+42.6886 geomean=2.376 worst=30.978 wins=7/78 (1080s)
  [full 0025] ok J=+44.4127 geomean=4.178 worst=134.975 wins=1/78 (1099s)
  [full 0028] ok J=+36.6464 geomean=2.024 worst=17.395 wins=3/78 (1102s)
  [full 0027] ok J=+28.8788 geomean=2.237 worst=9.549 wins=9/78 (1115s)
  [full 0030] ok J=+32.2970 geomean=1.681 worst=8.537 wins=10/78 (1090s)
  [full 0029] ok J=+34.3741 geomean=2.722 worst=14.346 wins=11/78 (1107s)
  [full 0031] ok J=+23.6307 geomean=2.349 worst=20.062 wins=5/78 (1102s)
  [full 0033] ok J=+56.8199 geomean=4.424 worst=274.440 wins=1/78 (1099s)
  [full 0032] ok J=+41.9417 geomean=3.055 worst=100.938 wins=5/78 (1103s)
  [full 0034] ok J=+20.2676 geomean=1.505 worst=10.654 wins=15/78 (982s)
  [full 0035] ok J=+23.9489 geomean=1.641 worst=10.233 wins=12/78 (1048s)
  [full 0024] failed J=+50.0000 geomean=nan worst=nan wins=0/1 (1810s)
  [full 0037] ok J=+31.5771 geomean=1.876 worst=58.632 wins=13/78 (1087s)
  [full 0038] ok J=+20.0348 geomean=1.596 worst=11.035 wins=4/78 (1100s)
  [full 0039] ok J=+37.1904 geomean=2.845 worst=97.135 wins=3/78 (1102s)
  [full 0040] ok J=+50.2641 geomean=3.857 worst=78.627 wins=2/78 (1107s)
  [full 0041] ok J=+22.4042 geomean=1.875 worst=14.562 wins=8/78 (1116s)
  [full 0042] ok J=+36.9151 geomean=3.245 worst=54.092 wins=0/78 (1101s)
  [full 0043] ok J=+41.0445 geomean=3.256 worst=48.996 wins=2/78 (1101s)
  [full 0044] ok J=+25.7946 geomean=1.530 worst=4.502 wins=10/78 (1122s)
  [full 0045] ok J=+39.1116 geomean=4.760 worst=40.055 wins=1/78 (1056s)
  [full 0046] ok J=+57.8219 geomean=3.743 worst=68.909 wins=5/78 (1077s)
  [full 0047] ok J=+50.6906 geomean=3.329 worst=129.782 wins=3/78 (1076s)
  [full 0036] failed J=+50.0000 geomean=nan worst=nan wins=0/1 (1810s)
  [full 0049] ok J=+29.3456 geomean=2.249 worst=27.833 wins=5/78 (1141s)
  [full 0050] ok J=+38.1446 geomean=2.334 worst=24.212 wins=6/78 (1133s)
  [full 0051] ok J=+36.9872 geomean=2.404 worst=35.751 wins=5/78 (1150s)
  [full 0053] ok J=+33.9567 geomean=1.952 worst=25.256 wins=7/78 (1121s)
  [full 0052] ok J=+38.0204 geomean=3.107 worst=20.641 wins=1/78 (1136s)
  [full 0054] ok J=+37.6795 geomean=2.994 worst=79.841 wins=4/78 (1137s)
  [full 0055] ok J=+37.0391 geomean=1.868 worst=53.076 wins=11/78 (1134s)
  [full 0056] ok J=+39.6744 geomean=3.314 worst=41.172 wins=5/78 (1084s)
  [full 0057] ok J=+24.5904 geomean=1.682 worst=16.926 wins=10/78 (1092s)
  [full 0058] ok J=+46.1987 geomean=5.003 worst=317.466 wins=1/78 (1097s)
  [full 0048] failed J=+50.0000 geomean=nan worst=nan wins=0/1 (1811s)
  [full 0059] ok J=+42.8197 geomean=3.566 worst=61.803 wins=3/78 (1087s)
  [full 0061] ok J=+42.4233 geomean=4.777 worst=36.035 wins=3/78 (1098s)
  [full 0062] ok J=+31.7125 geomean=1.933 worst=9.894 wins=7/78 (1124s)
  [full 0063] ok J=+18.6134 geomean=1.601 worst=17.206 wins=14/78 (1124s)
  [full 0064] ok J=+39.3981 geomean=2.807 worst=44.978 wins=2/78 (1120s)
  [full 0066] ok J=+25.2837 geomean=1.696 worst=25.261 wins=15/78 (1119s)
  [full 0065] ok J=+34.2610 geomean=2.258 worst=77.306 wins=8/78 (1134s)
  [full 0067] ok J=+25.9153 geomean=1.861 worst=13.256 wins=7/78 (1136s)
  [full 0068] ok J=+23.3684 geomean=1.581 worst=8.750 wins=11/78 (1163s)
  [full 0069] ok J=+35.8379 geomean=2.467 worst=48.200 wins=2/78 (1142s)
  [full 0070] ok J=+25.8247 geomean=1.750 worst=18.987 wins=9/78 (1148s)
  [full 0071] ok J=+44.1356 geomean=3.209 worst=434.936 wins=3/78 (1154s)
  [full 0060] failed J=+50.0000 geomean=nan worst=nan wins=0/1 (1811s)
  [full 0073] ok J=+28.9732 geomean=1.686 worst=23.952 wins=13/78 (1152s)
  [full 0074] ok J=+19.3698 geomean=1.655 worst=3.161 wins=8/78 (1137s)
  [full 0075] ok J=+24.7499 geomean=1.709 worst=17.415 wins=8/78 (1134s)
  [full 0076] ok J=+56.0995 geomean=2.398 worst=37.970 wins=5/78 (1139s)
  [full 0077] ok J=+27.3645 geomean=1.705 worst=9.099 wins=8/78 (1161s)
  [full 0078] ok J=+25.8313 geomean=1.679 worst=10.927 wins=14/78 (1110s)
  [full 0079] ok J=+34.4247 geomean=3.880 worst=30.847 wins=6/78 (1111s)
  [full 0080] ok J=+19.8727 geomean=1.483 worst=9.662 wins=13/78 (1115s)
  [full 0081] ok J=+47.7212 geomean=5.241 worst=337.332 wins=0/78 (1098s)
  [full 0082] ok J=+49.3842 geomean=2.935 worst=43.248 wins=4/78 (1107s)
  [full 0072] failed J=+50.0000 geomean=nan worst=nan wins=0/1 (1812s)
  [full 0083] ok J=+27.7676 geomean=1.414 worst=5.248 wins=15/78 (1105s)
  [full 0086] ok J=+15.0761 geomean=1.364 worst=3.349 wins=7/78 (1043s)
  [full 0087] ok J=+30.4590 geomean=1.908 worst=13.828 wins=5/78 (1049s)
  [full 0088] ok J=+20.1452 geomean=1.391 worst=3.145 wins=13/78 (1048s)
  [full 0089] ok J=+36.8053 geomean=3.949 worst=22.077 wins=4/78 (1032s)
  [full 0090] ok J=+15.4523 geomean=1.337 worst=2.956 wins=15/78 (1018s)
  [full 0091] ok J=+24.8123 geomean=1.589 worst=25.506 wins=13/78 (1026s)
  [full 0093] ok J=+20.6985 geomean=1.309 worst=4.455 wins=15/78 (1027s)
  [full 0092] ok J=+27.4065 geomean=1.577 worst=13.339 wins=15/78 (1046s)
  [full 0095] ok J=+28.3672 geomean=2.059 worst=13.873 wins=4/78 (1021s)
  [full 0094] ok J=+16.3739 geomean=1.331 worst=5.076 wins=14/78 (1028s)
  [full 0084] failed J=+50.0000 geomean=nan worst=nan wins=0/1 (1810s)
  [full 0085] failed J=+50.0000 geomean=nan worst=nan wins=0/1 (1810s)
  [full 0098] ok J=+27.8535 geomean=1.978 worst=12.783 wins=4/78 (962s)
  [full 0099] ok J=+16.2807 geomean=1.435 worst=3.278 wins=13/78 (997s)
  [full 0100] ok J=+19.9477 geomean=1.250 worst=5.131 wins=18/78 (1049s)
  [full 0101] ok J=+35.6374 geomean=2.372 worst=32.151 wins=10/78 (1065s)
  [full 0102] ok J=+23.1584 geomean=1.676 worst=6.611 wins=9/78 (1086s)
  [full 0103] ok J=+17.3500 geomean=1.414 worst=4.386 wins=13/78 (1098s)
  [full 0104] ok J=+43.6875 geomean=5.996 worst=58.086 wins=1/78 (1088s)
  [full 0105] ok J=+37.0530 geomean=3.071 worst=215.811 wins=1/78 (1089s)
  [full 0106] ok J=+59.7620 geomean=5.701 worst=151.193 wins=0/78 (1068s)
  [full 0096] failed J=+50.0000 geomean=nan worst=nan wins=0/1 (1811s)
  [full 0097] failed J=+50.0000 geomean=nan worst=nan wins=0/1 (1812s)
  [full 0107] ok J=+27.4721 geomean=1.940 worst=12.568 wins=7/78 (1069s)
  [full 0110] ok J=+20.7189 geomean=1.158 worst=4.751 wins=23/78 (1080s)
  [full 0111] ok J=+26.3687 geomean=1.496 worst=5.220 wins=13/78 (1081s)
  [full 0113] ok J=+18.2423 geomean=1.458 worst=19.549 wins=13/78 (1045s)
  [full 0112] ok J=+24.6848 geomean=1.883 worst=65.095 wins=19/78 (1072s)
  [full 0114] ok J=+42.7891 geomean=5.307 worst=173.327 wins=2/78 (1057s)
  [full 0115] ok J=+29.8141 geomean=1.544 worst=4.172 wins=9/78 (1062s)
  [full 0108] failed J=+50.0000 geomean=nan worst=nan wins=0/1 (1810s)
  [full 0116] ok J=+31.6451 geomean=2.488 worst=24.052 wins=4/78 (1033s)
  [full 0118] ok J=+27.6572 geomean=2.105 worst=39.755 wins=8/78 (1031s)
  [full 0117] ok J=+45.8435 geomean=7.262 worst=37.176 wins=1/78 (1054s)
  [full 0119] ok J=+41.2355 geomean=3.279 worst=150.618 wins=2/78 (1044s)
  [full 0109] failed J=+50.0000 geomean=nan worst=nan wins=0/1 (1811s)
  [full 0122] ok J=+19.3523 geomean=1.611 worst=18.186 wins=11/78 (1053s)
  [full 0123] ok J=+14.0072 geomean=1.249 worst=3.089 wins=17/78 (1054s)
  [full 0124] ok J=+41.9400 geomean=2.818 worst=26.651 wins=5/78 (1077s)
  [full 0125] ok J=+22.9508 geomean=1.943 worst=16.157 wins=7/78 (1078s)
  [full 0126] ok J=+36.6792 geomean=2.274 worst=37.090 wins=6/78 (1069s)
  [full 0127] ok J=+27.2253 geomean=1.691 worst=15.761 wins=9/78 (1079s)
  [full 0128] ok J=+30.4107 geomean=2.294 worst=37.722 wins=7/78 (1074s)
  [full 0130] ok J=+24.4820 geomean=1.574 worst=6.333 wins=14/78 (1075s)
  [full 0129] ok J=+20.4955 geomean=1.351 worst=2.502 wins=9/78 (1090s)
  [full 0131] ok J=+41.6205 geomean=4.918 worst=67.576 wins=0/78 (1051s)
  [full 0120] failed J=+50.0000 geomean=nan worst=nan wins=0/1 (1810s)
  [full 0121] failed J=+50.0000 geomean=nan worst=nan wins=0/1 (1810s)
  [full 0134] ok J=+39.5456 geomean=4.345 worst=36.765 wins=0/78 (1107s)
  [full 0135] ok J=+18.5473 geomean=1.415 worst=5.842 wins=14/78 (1107s)
  [full 0138] ok J=+18.7658 geomean=1.385 worst=8.276 wins=15/78 (1072s)
  [full 0137] ok J=+26.7235 geomean=1.422 worst=7.739 wins=15/78 (1091s)
  [full 0139] ok J=+27.0476 geomean=1.476 worst=14.409 wins=15/78 (1073s)
  [full 0140] ok J=+45.4240 geomean=6.104 worst=435.217 wins=2/78 (1072s)
  [full 0141] ok J=+39.9034 geomean=3.088 worst=105.284 wins=0/78 (1045s)
  [full 0142] ok J=+17.9034 geomean=1.283 worst=6.268 wins=16/78 (983s)
  [full 0143] ok J=+34.2783 geomean=2.220 worst=46.434 wins=9/78 (965s)
  [full 0132] failed J=+50.0000 geomean=nan worst=nan wins=0/1 (1811s)
  [full 0133] failed J=+50.0000 geomean=nan worst=nan wins=0/1 (1810s)
  [full 0136] failed J=+50.0000 geomean=nan worst=nan wins=0/1 (1810s)
  [full 0146] ok J=+24.8004 geomean=1.934 worst=20.755 wins=4/78 (962s)
  [full 0147] ok J=+18.2300 geomean=1.396 worst=3.580 wins=16/78 (963s)
  [full 0149] ok J=+21.7633 geomean=2.382 worst=9.685 wins=3/78 (970s)
  [full 0150] ok J=+41.3700 geomean=3.358 worst=30.178 wins=1/78 (963s)
  [full 0151] ok J=+25.8315 geomean=2.242 worst=6.082 wins=2/78 (942s)
  [full 0152] ok J=+17.8976 geomean=1.401 worst=3.769 wins=14/78 (953s)
  [full 0154] ok J=+20.1835 geomean=1.801 worst=19.997 wins=14/78 (932s)
  [full 0153] ok J=+22.4252 geomean=1.468 worst=5.855 wins=14/78 (942s)
  [full 0155] ok J=+13.6510 geomean=1.150 worst=1.937 wins=22/78 (878s)
  [full 0144] failed J=+50.0000 geomean=nan worst=nan wins=0/1 (1810s)
  [full 0145] failed J=+50.0000 geomean=nan worst=nan wins=0/1 (1810s)
  [full 0148] failed J=+50.0000 geomean=nan worst=nan wins=0/1 (1810s)
  [full 0158] ok J=+22.9943 geomean=1.769 worst=7.135 wins=13/78 (840s)
  [full 0159] ok J=+22.1059 geomean=1.436 worst=3.922 wins=17/78 (837s)
  [full 0161] ok J=+22.3830 geomean=2.101 worst=94.820 wins=10/78 (868s)
  [full 0163] ok J=+17.2713 geomean=1.453 worst=3.649 wins=12/78 (930s)
  [full 0162] ok J=+33.3930 geomean=2.267 worst=18.291 wins=11/78 (935s)
  [full 0164] ok J=+14.8155 geomean=1.381 worst=6.185 wins=14/78 (966s)
  [full 0165] ok J=+25.7890 geomean=1.641 worst=15.199 wins=7/78 (1018s)
  [full 0166] ok J=+33.4232 geomean=2.566 worst=61.289 wins=5/78 (1025s)
  [full 0156] failed J=+50.0000 geomean=nan worst=nan wins=0/1 (1810s)
  [full 0157] failed J=+50.0000 geomean=nan worst=nan wins=0/1 (1811s)
  [full 0167] ok J=+15.5579 geomean=1.404 worst=7.047 wins=15/78 (1041s)
  [full 0160] failed J=+50.0000 geomean=nan worst=nan wins=0/1 (1811s)
  [full 0169] failed J=+50.0000 geomean=nan worst=nan wins=0/1 (1272s)
  [full 0170] ok J=+16.6422 geomean=1.550 worst=11.472 wins=21/78 (1026s)
  [full 0171] ok J=+27.6707 geomean=2.489 worst=105.477 wins=10/78 (1072s)
  [full 0173] ok J=+22.7384 geomean=1.966 worst=67.384 wins=12/78 (1058s)
  [full 0172] failed J=+50.0000 geomean=nan worst=nan wins=0/1 (1259s)
  [full 0168] failed J=+50.0000 geomean=nan worst=nan wins=0/1 (1810s)
  [full 0174] ok J=+26.4167 geomean=1.801 worst=9.907 wins=7/78 (1060s)
  [full 0175] ok J=+36.4804 geomean=2.860 worst=51.460 wins=5/78 (1076s)
  [full 0176] ok J=+24.0628 geomean=1.676 worst=24.626 wins=12/78 (1080s)
  [full 0177] ok J=+25.0808 geomean=1.951 worst=40.368 wins=14/78 (1079s)
  [full 0178] ok J=+14.8095 geomean=1.336 worst=9.765 wins=15/78 (1063s)
  [full 0179] ok J=+16.5109 geomean=1.305 worst=3.597 wins=16/78 (1058s)
  [full 0181] ok J=+19.0553 geomean=1.297 worst=15.074 wins=16/78 (1054s)
  [full 0182] ok J=+23.2828 geomean=1.652 worst=34.741 wins=14/78 (1061s)
  [full 0183] ok J=+15.3578 geomean=1.274 worst=6.946 wins=22/78 (1071s)
  [full 0184] ok J=+52.6698 geomean=6.409 worst=321.044 wins=0/78 (1072s)
  [full 0185] ok J=+15.2783 geomean=1.347 worst=3.713 wins=11/78 (1072s)
  [full 0186] ok J=+36.4530 geomean=3.219 worst=16.307 wins=3/78 (1079s)
  [full 0187] ok J=+18.6708 geomean=1.460 worst=8.283 wins=13/78 (1078s)
  [full 0188] ok J=+22.6420 geomean=1.943 worst=32.575 wins=13/78 (1092s)
  [full 0180] failed J=+50.0000 geomean=nan worst=nan wins=0/1 (1810s)
  [full 0189] ok J=+28.3121 geomean=1.593 worst=3.550 wins=11/78 (1096s)
  [full 0190] ok J=+38.8339 geomean=2.635 worst=36.732 wins=4/78 (1080s)
  [full 0191] ok J=+24.8277 geomean=1.720 worst=11.338 wins=3/78 (1042s)
  [full 0193] ok J=+50.5275 geomean=7.389 worst=241.602 wins=1/78 (1076s)
  [full 0194] ok J=+25.3537 geomean=2.026 worst=16.708 wins=10/78 (1096s)
  [full 0195] ok J=+23.1913 geomean=2.173 worst=11.489 wins=4/78 (1096s)
  [full 0196] ok J=+22.2655 geomean=1.391 worst=5.353 wins=18/78 (1107s)
  [full 0197] ok J=+31.4365 geomean=2.758 worst=16.267 wins=2/78 (1105s)
  [full 0198] ok J=+16.1636 geomean=1.473 worst=7.013 wins=12/78 (1104s)
  [full 0200] ok J=+45.0730 geomean=3.475 worst=312.146 wins=1/78 (1090s)
  [full 0199] ok J=+24.3138 geomean=1.510 worst=13.985 wins=15/78 (1099s)
  [full 0192] failed J=+50.0000 geomean=nan worst=nan wins=0/1 (1810s)
  [full 0201] ok J=+26.9950 geomean=1.845 worst=8.124 wins=8/78 (1112s)
  [full 0202] ok J=+40.0170 geomean=2.543 worst=363.545 wins=7/78 (1099s)
  [full 0203] ok J=+30.4975 geomean=1.919 worst=90.200 wins=8/78 (1080s)
  [full 0205] ok J=+14.4769 geomean=1.225 worst=3.537 wins=17/78 (1086s)
  [full 0206] ok J=+34.0851 geomean=1.951 worst=54.579 wins=7/78 (1086s)
  [full 0207] ok J=+41.3545 geomean=2.991 worst=66.760 wins=6/78 (1102s)
  [full 0208] ok J=+29.7182 geomean=2.325 worst=7.155 wins=9/78 (1104s)
  [full 0209] ok J=+21.0077 geomean=1.447 worst=3.507 wins=14/78 (1096s)
  [full 0211] ok J=+17.6870 geomean=1.485 worst=22.696 wins=17/78 (1095s)
  [full 0210] ok J=+22.6717 geomean=1.816 worst=5.722 wins=10/78 (1111s)
  [full 0213] ok J=+35.8810 geomean=2.259 worst=47.043 wins=8/78 (1098s)
  [full 0212] ok J=+16.8531 geomean=1.661 worst=10.424 wins=12/78 (1111s)
  [full 0214] ok J=+21.5007 geomean=1.688 worst=76.139 wins=13/78 (1088s)
  [full 0215] ok J=+19.6691 geomean=1.457 worst=10.702 wins=14/78 (1056s)
  [full 0204] failed J=+50.0000 geomean=nan worst=nan wins=0/1 (1810s)
  [full 0217] ok J=+17.2470 geomean=1.669 worst=14.315 wins=10/78 (1085s)
  [full 0218] ok J=+53.0331 geomean=3.507 worst=68.181 wins=1/78 (1102s)
  [full 0219] ok J=+35.9052 geomean=3.486 worst=56.297 wins=5/78 (1091s)
  [full 0220] ok J=+18.2747 geomean=1.329 worst=4.378 wins=16/78 (1097s)
  [full 0221] ok J=+32.3162 geomean=1.782 worst=17.832 wins=5/78 (1085s)
  [full 0222] ok J=+49.4928 geomean=6.292 worst=378.106 wins=2/78 (1092s)
  [full 0223] ok J=+22.5023 geomean=2.015 worst=68.378 wins=17/78 (1103s)
  [full 0224] ok J=+15.0722 geomean=1.483 worst=8.098 wins=14/78 (1099s)
  [full 0225] ok J=+43.3404 geomean=3.082 worst=28.470 wins=3/78 (1111s)
  [full 0226] ok J=+18.1026 geomean=1.924 worst=29.543 wins=10/78 (1086s)
  [full 0227] ok J=+19.8573 geomean=1.728 worst=44.378 wins=17/78 (1051s)
  [full 0216] failed J=+50.0000 geomean=nan worst=nan wins=0/1 (1810s)
  [full 0229] ok J=+18.4807 geomean=1.387 worst=8.553 wins=10/78 (1089s)
  [full 0230] ok J=+17.7519 geomean=1.684 worst=38.009 wins=12/78 (1096s)
  [full 0231] ok J=+21.4611 geomean=1.655 worst=16.915 wins=15/78 (1088s)
  [full 0232] ok J=+30.1323 geomean=1.711 worst=17.341 wins=8/78 (1091s)
  [full 0233] ok J=+18.3900 geomean=1.335 worst=7.451 wins=16/78 (1085s)
  [full 0234] ok J=+19.9169 geomean=1.557 worst=5.021 wins=14/78 (1095s)
  [full 0235] ok J=+17.4756 geomean=2.049 worst=17.940 wins=19/78 (1096s)
  [full 0236] ok J=+13.8293 geomean=1.222 worst=3.404 wins=14/78 (1084s)
  [full 0237] ok J=+14.4561 geomean=1.324 worst=8.257 wins=18/78 (1070s)
  [full 0238] ok J=+15.1165 geomean=1.445 worst=22.525 wins=17/78 (1079s)
  [full 0239] ok J=+42.1464 geomean=1.965 worst=41.996 wins=10/78 (1040s)
  [full 0228] failed J=+50.0000 geomean=nan worst=nan wins=0/1 (1810s)
  [full 0241] ok J=+19.6569 geomean=1.765 worst=13.781 wins=12/78 (1087s)
  [full 0242] ok J=+14.6295 geomean=1.349 worst=2.616 wins=9/78 (1109s)
  [full 0243] ok J=+44.3183 geomean=1.848 worst=38.972 wins=10/78 (1081s)
  [full 0244] ok J=+17.6051 geomean=1.537 worst=4.283 wins=12/78 (1111s)
  [full 0245] ok J=+25.5711 geomean=1.495 worst=5.647 wins=11/78 (1096s)
  [full 0247] ok J=+21.8120 geomean=1.663 worst=88.345 wins=12/78 (1072s)
  [full 0246] ok J=+20.3588 geomean=1.517 worst=5.799 wins=13/78 (1100s)
  [full 0248] ok J=+13.5879 geomean=1.310 worst=3.287 wins=19/78 (1088s)
  [full 0249] ok J=+17.6633 geomean=1.558 worst=6.266 wins=8/78 (1077s)
  [full 0250] ok J=+19.8604 geomean=1.691 worst=29.970 wins=14/78 (1037s)
  [full 0251] ok J=+40.2885 geomean=2.227 worst=34.275 wins=5/78 (1068s)
  [full 0240] failed J=+50.0000 geomean=nan worst=nan wins=0/1 (1810s)
  [full 0254] ok J=+18.0606 geomean=1.883 worst=74.533 wins=9/78 (1088s)
  [full 0253] ok J=+32.9462 geomean=2.063 worst=18.393 wins=3/78 (1103s)
  [full 0255] ok J=+32.7089 geomean=3.324 worst=15.236 wins=6/78 (1091s)
  [full 0257] ok J=+42.0539 geomean=3.857 worst=55.242 wins=3/78 (1079s)
  [full 0256] ok J=+21.9071 geomean=1.642 worst=3.854 wins=8/78 (1096s)
  [full 0258] ok J=+15.4364 geomean=1.313 worst=3.870 wins=14/78 (1084s)
  [full 0259] ok J=+20.1506 geomean=1.821 worst=13.214 wins=6/78 (1097s)
  [full 0260] ok J=+15.9960 geomean=1.248 worst=2.909 wins=17/78 (1096s)
  [full 0261] ok J=+17.2281 geomean=1.554 worst=15.361 wins=13/78 (1113s)
  [full 0262] ok J=+16.0454 geomean=1.385 worst=9.679 wins=13/78 (1091s)
  [full 0263] ok J=+40.3566 geomean=3.258 worst=22.317 wins=0/78 (1096s)
  [full 0252] failed J=+50.0000 geomean=nan worst=nan wins=0/1 (1810s)
  [full 0265] ok J=+14.7358 geomean=1.346 worst=3.680 wins=14/78 (1148s)
  [full 0266] ok J=+15.5997 geomean=1.257 worst=3.189 wins=16/78 (1136s)
  [full 0267] ok J=+39.6429 geomean=3.347 worst=27.875 wins=5/78 (1134s)
  [full 0269] ok J=+13.9667 geomean=1.283 worst=5.968 wins=19/78 (1128s)
  [full 0268] ok J=+18.2396 geomean=1.738 worst=18.552 wins=14/78 (1146s)
  [full 0270] ok J=+8.8607 geomean=1.374 worst=7.932 wins=14/78 (1145s)
  [full 0271] ok J=+29.8793 geomean=1.539 worst=6.668 wins=9/78 (1135s)
  [full 0272] ok J=+16.6745 geomean=1.651 worst=9.305 wins=16/78 (1117s)
  [full 0273] ok J=+21.7985 geomean=1.784 worst=32.651 wins=13/78 (1110s)
  [full 0274] ok J=+24.7993 geomean=1.343 worst=4.170 wins=16/78 (1106s)
  [full 0275] ok J=+27.9293 geomean=2.112 worst=14.223 wins=12/78 (1088s)
  [full 0264] failed J=+50.0000 geomean=nan worst=nan wins=0/1 (1810s)
  [full 0277] ok J=+18.3337 geomean=1.262 worst=2.886 wins=23/78 (1145s)
  [full 0279] ok J=+23.1682 geomean=1.318 worst=23.877 wins=15/78 (1139s)
  [full 0278] ok J=+29.5916 geomean=2.847 worst=37.841 wins=6/78 (1159s)
  [full 0280] ok J=+17.3314 geomean=1.465 worst=5.561 wins=9/78 (1148s)
  [full 0281] ok J=+18.6769 geomean=2.038 worst=91.941 wins=17/78 (1116s)
  [full 0282] ok J=+30.4205 geomean=1.873 worst=24.708 wins=9/78 (1130s)
  [full 0283] ok J=+16.1075 geomean=1.441 worst=11.184 wins=13/78 (1100s)
  [full 0284] ok J=+16.0603 geomean=1.509 worst=92.516 wins=23/78 (1063s)
  [full 0285] ok J=+15.6376 geomean=1.580 worst=13.925 wins=10/78 (1078s)
  [full 0286] ok J=+19.3260 geomean=1.773 worst=43.613 wins=10/78 (1101s)
  [full 0287] ok J=+38.2536 geomean=2.817 worst=18.813 wins=2/78 (1081s)
  [full 0276] failed J=+50.0000 geomean=nan worst=nan wins=0/1 (1810s)
  [full 0289] ok J=+17.0165 geomean=1.627 worst=10.467 wins=13/78 (1073s)
  [full 0290] ok J=+13.3779 geomean=1.111 worst=3.718 wins=23/78 (1085s)
  [full 0291] ok J=+25.7669 geomean=1.997 worst=37.552 wins=8/78 (1084s)
  [full 0292] ok J=+15.6994 geomean=1.246 worst=5.700 wins=20/78 (1083s)
  [full 0293] ok J=+18.6454 geomean=1.733 worst=6.354 wins=9/78 (1089s)
  [full 0294] ok J=+17.9800 geomean=1.835 worst=42.666 wins=17/78 (1106s)
  [full 0295] ok J=+16.9148 geomean=1.304 worst=5.855 wins=10/78 (1110s)
  [full 0296] ok J=+18.6814 geomean=1.340 worst=4.264 wins=17/78 (1112s)
  [full 0297] ok J=+14.6266 geomean=1.306 worst=4.227 wins=13/78 (1123s)
  [full 0298] ok J=+21.0837 geomean=2.040 worst=8.650 wins=9/78 (1097s)
  [full 0299] ok J=+17.4306 geomean=1.329 worst=4.638 wins=15/78 (1083s)
  [full 0288] failed J=+50.0000 geomean=nan worst=nan wins=0/1 (1811s)
  [full 0301] ok J=+19.3942 geomean=1.913 worst=16.574 wins=7/78 (1149s)
  [full 0302] ok J=+19.0471 geomean=2.023 worst=60.960 wins=18/78 (1144s)
  [full 0303] ok J=+18.3441 geomean=1.667 worst=26.847 wins=17/78 (1150s)
  [full 0304] ok J=+24.8713 geomean=1.990 worst=85.805 wins=6/78 (1106s)
  [full 0305] ok J=+23.3052 geomean=1.949 worst=31.757 wins=12/78 (1111s)
  [full 0306] ok J=+21.6941 geomean=1.990 worst=6.434 wins=5/78 (1117s)
  [full 0307] ok J=+19.8946 geomean=1.792 worst=11.078 wins=11/78 (1089s)
  [full 0308] ok J=+20.2352 geomean=1.722 worst=55.812 wins=10/78 (1102s)
  [full 0309] ok J=+13.8664 geomean=1.286 worst=2.475 wins=15/78 (1097s)
  [full 0310] ok J=+17.9277 geomean=1.385 worst=6.803 wins=15/78 (1092s)
  [full 0311] ok J=+15.8221 geomean=1.537 worst=12.883 wins=13/78 (1082s)
  [full 0300] failed J=+50.0000 geomean=nan worst=nan wins=0/1 (1810s)
  [full 0313] ok J=+19.1687 geomean=1.535 worst=7.441 wins=13/78 (1107s)
  [full 0314] ok J=+24.0234 geomean=2.765 worst=38.375 wins=7/78 (1114s)
  [full 0315] ok J=+25.4648 geomean=1.981 worst=25.447 wins=10/78 (1106s)
  [full 0316] ok J=+18.6656 geomean=1.605 worst=8.049 wins=9/78 (1128s)
  [full 0317] ok J=+14.1789 geomean=1.288 worst=10.033 wins=15/78 (1138s)
  [full 0318] ok J=+16.4040 geomean=1.440 worst=4.706 wins=13/78 (1124s)
  [full 0320] ok J=+13.6234 geomean=1.145 worst=2.104 wins=21/78 (1126s)
  [full 0319] ok J=+34.7414 geomean=4.286 worst=63.496 wins=7/78 (1145s)
  [full 0321] ok J=+23.6452 geomean=1.848 worst=15.327 wins=4/78 (1149s)
  [full 0322] ok J=+37.1861 geomean=2.054 worst=28.666 wins=5/78 (1143s)
  [full 0323] ok J=+26.8329 geomean=1.762 worst=9.993 wins=13/78 (1166s)
  [full 0312] failed J=+50.0000 geomean=nan worst=nan wins=0/1 (1811s)
  [full 0325] ok J=+21.7662 geomean=2.006 worst=21.204 wins=12/78 (1155s)
  [full 0326] ok J=+15.5605 geomean=1.458 worst=9.931 wins=17/78 (1154s)
  [full 0324] failed J=+50.0000 geomean=nan worst=nan wins=0/1 (1231s)
  [full 0327] ok J=+21.6671 geomean=1.709 worst=20.169 wins=10/78 (1131s)
  [full 0328] ok J=+22.7808 geomean=2.552 worst=238.332 wins=13/78 (1114s)
  [full 0329] ok J=+22.6536 geomean=1.478 worst=4.129 wins=15/78 (1101s)
  [full 0330] ok J=+17.8689 geomean=1.477 worst=5.735 wins=10/78 (1125s)
  [full 0331] ok J=+17.0630 geomean=1.505 worst=18.940 wins=14/78 (1131s)
  [full 0332] ok J=+33.1831 geomean=1.834 worst=7.926 wins=10/78 (1112s)
  [full 0333] ok J=+17.5670 geomean=1.554 worst=43.271 wins=20/78 (1129s)
  [full 0334] ok J=+22.3575 geomean=1.281 worst=6.621 wins=13/78 (1118s)
  [full 0335] ok J=+13.4652 geomean=1.309 worst=2.461 wins=16/78 (1123s)
  [full 0337] ok J=+17.0988 geomean=1.633 worst=28.598 wins=11/78 (1097s)
  [full 0338] ok J=+20.1218 geomean=1.953 worst=95.919 wins=13/78 (1102s)
  [full 0339] ok J=+13.6364 geomean=1.101 worst=2.647 wins=26/78 (1108s)
  [full 0340] ok J=+17.6392 geomean=1.596 worst=38.464 wins=15/78 (1103s)
  [full 0341] ok J=+16.8298 geomean=1.210 worst=3.246 wins=16/78 (1084s)
  [full 0343] ok J=+15.6996 geomean=1.339 worst=3.360 wins=14/78 (1095s)
  [full 0342] ok J=+13.9411 geomean=1.266 worst=7.340 wins=18/78 (1111s)
  [full 0344] ok J=+19.1165 geomean=1.432 worst=9.948 wins=12/78 (1119s)
  [full 0345] ok J=+15.8717 geomean=1.533 worst=24.184 wins=21/78 (1128s)
  [full 0346] ok J=+16.4321 geomean=1.172 worst=3.436 wins=23/78 (1126s)
  [full 0347] ok J=+16.0711 geomean=1.552 worst=34.912 wins=14/78 (1110s)
  [full 0336] failed J=+50.0000 geomean=nan worst=nan wins=0/1 (1810s)
  [full 0349] ok J=+20.2527 geomean=1.178 worst=9.969 wins=19/78 (1164s)
  [full 0350] ok J=+29.1472 geomean=2.580 worst=23.062 wins=10/78 (1163s)
  [full 0352] ok J=+23.6363 geomean=1.855 worst=24.381 wins=8/78 (1144s)
  [full 0351] ok J=+15.8647 geomean=1.389 worst=10.688 wins=16/78 (1159s)
  [full 0354] ok J=+15.8532 geomean=1.571 worst=14.420 wins=12/78 (1119s)
  [full 0353] ok J=+17.3325 geomean=1.309 worst=3.061 wins=12/78 (1137s)
  [full 0355] ok J=+14.2158 geomean=1.327 worst=12.183 wins=17/78 (1118s)
  [full 0366] failed J=+50.0000 geomean=nan worst=nan wins=0/1 (32s)
  [full 0358] failed J=+50.0000 geomean=nan worst=nan wins=0/1 (1010s)
