screening skipped: seeding the full phase with 4 points
/home/arnaud/devel/src/data_manipulation_tools/scripts/kinetics_tune.py:629: FutureWarning: `restart_strategy` has been deprecated in v4.4.0. This feature will be removed in v6.0.0. See https://github.com/optuna/optuna/releases/tag/v4.4.0. From v4.4.0 onward, `restart_strategy` automatically falls back to `None`. `restart_strategy` will be supported in OptunaHub.
  sampler=self.optuna.samplers.CmaEsSampler(seed=SEED, restart_strategy="ipop"),
phase full: 110 trials on 13 datasets, 8 workers
  [full 0004] ok J=+1.7955 geomean=1.276 worst=3.739 wins=22/78 (1010s)
  [full 0001] ok J=+0.6451 geomean=1.057 worst=1.776 wins=29/78 (1015s)
  [full 0003] ok J=+0.6523 geomean=1.059 worst=1.775 wins=27/78 (1026s)
  [full 0005] ok J=+5.7604 geomean=1.725 worst=63.288 wins=21/78 (1027s)
  [full 0000] ok J=+0.6523 geomean=1.059 worst=1.775 wins=27/78 (1028s)
  [full 0002] ok J=+0.6451 geomean=1.057 worst=1.776 wins=29/78 (1030s)
  [full 0007] ok J=+8.0948 geomean=3.197 worst=183.772 wins=13/78 (1030s)
  [full 0006] ok J=+1.1393 geomean=1.159 worst=2.364 wins=25/78 (1032s)
  [full 0008] ok J=+0.7418 geomean=1.081 worst=1.889 wins=25/78 (977s)
  [full 0009] ok J=+1.0839 geomean=1.140 worst=2.417 wins=24/78 (1012s)
  [full 0010] ok J=+3.7809 geomean=1.693 worst=13.065 wins=13/78 (1001s)
  [full 0012] ok J=+1.8895 geomean=1.122 worst=4.500 wins=24/78 (1013s)
  [full 0015] ok J=+1.0178 geomean=1.103 worst=2.315 wins=25/78 (1017s)
  [full 0014] ok J=+1.7289 geomean=1.257 worst=3.679 wins=14/78 (1021s)
  [full 0011] ok J=+0.7111 geomean=1.070 worst=1.803 wins=25/78 (1026s)
  [full 0013] ok J=+2.1704 geomean=1.140 worst=5.771 wins=27/78 (1026s)
  [full 0016] ok J=+3.2487 geomean=1.323 worst=11.527 wins=23/78 (991s)
  [full 0017] ok J=+1.4047 geomean=1.121 worst=3.199 wins=24/78 (995s)
  [full 0018] ok J=+7.2767 geomean=2.389 worst=142.716 wins=14/78 (1011s)
  [full 0019] ok J=+2.4642 geomean=1.536 worst=4.869 wins=12/78 (1002s)
  [full 0020] ok J=+1.6386 geomean=1.125 worst=3.881 wins=24/78 (1011s)
  [full 0021] ok J=+1.4605 geomean=1.156 worst=3.252 wins=24/78 (1004s)
  [full 0023] ok J=+2.8433 geomean=1.271 worst=8.761 wins=21/78 (1005s)
  [full 0022] ok J=+7.5332 geomean=2.427 worst=171.438 wins=17/78 (1008s)
  [full 0024] ok J=+3.6511 geomean=1.358 worst=15.657 wins=26/78 (963s)
  [full 0025] ok J=+4.1777 geomean=1.492 worst=21.486 wins=22/78 (975s)
  [full 0026] ok J=+0.9138 geomean=1.131 worst=2.091 wins=25/78 (1003s)
  [full 0027] ok J=+0.7752 geomean=1.080 worst=1.985 wins=27/78 (1004s)
  [full 0028] ok J=+1.2351 geomean=1.070 worst=2.850 wins=27/78 (1010s)
  [full 0031] ok J=+1.8747 geomean=1.175 worst=4.446 wins=25/78 (1004s)
  [full 0030] ok J=+1.4198 geomean=1.103 worst=3.310 wins=22/78 (1010s)
  [full 0029] ok J=+1.2818 geomean=1.131 worst=2.935 wins=26/78 (1022s)
  [full 0032] ok J=+1.1165 geomean=1.180 worst=2.306 wins=19/78 (963s)
  [full 0033] ok J=+2.5595 geomean=1.207 worst=7.345 wins=27/78 (1000s)
  [full 0035] ok J=+1.7734 geomean=1.124 worst=4.280 wins=24/78 (998s)
  [full 0034] ok J=+1.2117 geomean=1.201 worst=2.473 wins=20/78 (1010s)
  [full 0036] ok J=+6.4662 geomean=1.989 worst=94.167 wins=13/78 (1004s)
  [full 0037] ok J=+1.5510 geomean=1.110 worst=3.629 wins=27/78 (1002s)
  [full 0038] ok J=+1.6315 geomean=1.118 worst=3.866 wins=24/78 (1005s)
  [full 0039] ok J=+0.8469 geomean=1.079 worst=2.127 wins=27/78 (1011s)
  [full 0040] ok J=+4.5395 geomean=1.500 worst=28.466 wins=26/78 (957s)
  [full 0041] ok J=+0.8082 geomean=1.087 worst=2.008 wins=26/78 (985s)
  [full 0043] ok J=+1.0874 geomean=1.082 worst=2.574 wins=26/78 (999s)
  [full 0042] ok J=+2.8270 geomean=1.258 worst=8.748 wins=26/78 (1013s)
  [full 0044] ok J=+1.2991 geomean=1.107 worst=2.955 wins=24/78 (1008s)
  [full 0045] ok J=+1.8093 geomean=1.269 worst=3.840 wins=22/78 (1013s)
  [full 0046] ok J=+1.0706 geomean=1.181 worst=2.218 wins=17/78 (1007s)
  [full 0047] ok J=+2.2482 geomean=1.196 worst=5.870 wins=25/78 (1001s)
  [full 0048] ok J=+1.4821 geomean=1.182 worst=3.116 wins=20/78 (967s)
  [full 0049] ok J=+0.8958 geomean=1.149 worst=1.966 wins=22/78 (974s)
  [full 0051] ok J=+1.0295 geomean=1.083 worst=2.441 wins=25/78 (995s)
  [full 0050] ok J=+1.5878 geomean=1.175 worst=3.541 wins=25/78 (1011s)
  [full 0052] ok J=+2.0411 geomean=1.191 worst=4.896 wins=24/78 (1008s)
  [full 0053] ok J=+1.3234 geomean=1.227 worst=2.672 wins=17/78 (1011s)
  [full 0055] ok J=+0.9418 geomean=1.153 worst=2.102 wins=20/78 (1005s)
  [full 0054] ok J=+1.2117 geomean=1.045 worst=2.950 wins=26/78 (1011s)
  [full 0056] ok J=+0.9073 geomean=1.101 worst=2.177 wins=24/78 (970s)
  [full 0057] ok J=+1.6665 geomean=1.229 worst=3.534 wins=21/78 (980s)
  [full 0058] ok J=+0.7441 geomean=1.059 worst=1.898 wins=27/78 (1023s)
  [full 0059] ok J=+1.3857 geomean=1.148 worst=3.135 wins=24/78 (1018s)
  [full 0060] ok J=+0.8014 geomean=1.100 worst=1.945 wins=27/78 (1021s)
  [full 0061] ok J=+0.7496 geomean=1.060 worst=1.872 wins=29/78 (1013s)
  [full 0062] ok J=+3.4908 geomean=1.455 worst=12.788 wins=15/78 (1032s)
  [full 0063] ok J=+1.0144 geomean=1.168 worst=2.152 wins=22/78 (1034s)
  [full 0064] ok J=+0.7471 geomean=1.130 worst=1.714 wins=24/78 (972s)
  [full 0065] ok J=+2.1107 geomean=1.283 worst=4.661 wins=21/78 (962s)
  [full 0066] ok J=+1.2615 geomean=1.072 worst=3.044 wins=26/78 (1010s)
  [full 0067] ok J=+1.3997 geomean=1.111 worst=3.184 wins=25/78 (1012s)
  [full 0068] ok J=+1.6723 geomean=1.216 worst=3.623 wins=20/78 (1015s)
  [full 0069] ok J=+0.9825 geomean=1.137 worst=2.211 wins=21/78 (1005s)
  [full 0070] ok J=+1.6235 geomean=1.214 worst=3.465 wins=21/78 (1010s)
  [full 0071] ok J=+1.1910 geomean=1.164 worst=2.595 wins=20/78 (1007s)
  [full 0072] ok J=+1.8070 geomean=1.179 worst=4.198 wins=24/78 (959s)
  [full 0073] ok J=+0.7213 geomean=1.099 worst=1.791 wins=25/78 (973s)
  [full 0074] ok J=+1.2170 geomean=1.176 worst=2.622 wins=20/78 (1013s)
  [full 0075] ok J=+0.6052 geomean=1.083 worst=1.707 wins=26/78 (1009s)
  [full 0076] ok J=+1.1381 geomean=1.043 worst=2.764 wins=26/78 (1020s)
  [full 0077] ok J=+1.0166 geomean=1.057 worst=2.422 wins=26/78 (1009s)
  [full 0079] ok J=+2.1981 geomean=1.176 worst=5.675 wins=25/78 (1002s)
  [full 0078] ok J=+2.4984 geomean=1.242 worst=6.826 wins=22/78 (1011s)
  [full 0080] ok J=+0.7225 geomean=1.102 worst=1.761 wins=23/78 (964s)
  [full 0081] ok J=+1.1466 geomean=1.049 worst=2.796 wins=30/78 (974s)
  [full 0083] ok J=+1.7237 geomean=1.139 worst=4.091 wins=23/78 (1017s)
  [full 0082] ok J=+0.9748 geomean=1.058 worst=2.423 wins=28/78 (1032s)
  [full 0085] ok J=+2.0279 geomean=1.249 worst=4.744 wins=20/78 (1015s)
  [full 0084] ok J=+0.8452 geomean=1.051 worst=2.166 wins=30/78 (1020s)
  [full 0087] ok J=+4.2767 geomean=1.514 worst=22.514 wins=22/78 (1004s)
  [full 0086] ok J=+0.8313 geomean=1.084 worst=2.026 wins=24/78 (1016s)
  [full 0088] ok J=+0.6407 geomean=1.087 worst=1.757 wins=25/78 (937s)
  [full 0089] ok J=+1.0146 geomean=1.112 worst=2.244 wins=27/78 (969s)
  [full 0090] ok J=+2.5667 geomean=1.233 worst=7.295 wins=23/78 (1019s)
  [full 0091] ok J=+0.7930 geomean=1.119 worst=1.903 wins=23/78 (1017s)
  [full 0092] ok J=+0.7941 geomean=1.085 worst=2.016 wins=25/78 (1012s)
  [full 0093] ok J=+3.2231 geomean=1.348 worst=11.511 wins=14/78 (1009s)
  [full 0094] ok J=+0.6979 geomean=1.055 worst=1.859 wins=27/78 (1010s)
  [full 0095] ok J=+0.8796 geomean=1.158 worst=1.904 wins=22/78 (1004s)
  [full 0096] ok J=+1.1825 geomean=1.134 worst=2.677 wins=22/78 (949s)
  [full 0097] ok J=+1.0503 geomean=1.107 worst=2.438 wins=24/78 (963s)
  [full 0098] ok J=+1.0944 geomean=1.124 worst=2.426 wins=25/78 (1000s)
  [full 0099] ok J=+0.7066 geomean=1.099 worst=1.795 wins=26/78 (1003s)
  [full 0100] ok J=+1.4463 geomean=1.238 worst=2.861 wins=23/78 (1008s)
  [full 0101] ok J=+0.9671 geomean=1.149 worst=2.042 wins=22/78 (1009s)
  [full 0103] ok J=+1.0345 geomean=1.101 worst=2.420 wins=23/78 (997s)
  [full 0102] ok J=+0.8927 geomean=1.124 worst=2.080 wins=21/78 (1015s)
  [full 0104] ok J=+2.0889 geomean=1.147 worst=5.342 wins=23/78 (907s)
  [full 0105] ok J=+0.7312 geomean=1.124 worst=1.729 wins=22/78 (895s)
  [full 0106] ok J=+1.5589 geomean=1.128 worst=3.600 wins=23/78 (825s)
  [full 0107] ok J=+0.7156 geomean=1.079 worst=1.842 wins=30/78 (816s)
  [full 0108] ok J=+0.7186 geomean=1.112 worst=1.813 wins=25/78 (791s)
  [full 0109] ok J=+1.3516 geomean=1.117 worst=3.058 wins=28/78 (789s)
phase full done: best J=+0.6052
re-running the winner and the baseline on all datasets
  [best 0110] ok J=+0.6052 geomean=1.083 worst=1.707 wins=26/78 (549s)
  [base 0111] ok J=+0.6523 geomean=1.059 worst=1.775 wins=27/78 (553s)

report:  /home/arnaud/devel/src/data_manipulation_tools/results/kinetics-retuning-r3-20260903/report.md
overlay: /home/arnaud/devel/src/data_manipulation_tools/results/kinetics-retuning-r3-20260903/best-overlay.yaml
config:  /home/arnaud/devel/src/data_manipulation_tools/results/kinetics-retuning-r3-20260903/MCKineticsObserver.yaml
