+ ros2 run test_state_obs_ros2 bin_to_rosbag_kinetics.py --bin /home/arnaud/devel/src/data_manipulation_tools/Projects/KO_TRO_2024_RHPS1_SLIPPAGE_1/output_data/kinetics_eval/logReplay_full.bin --out /home/arnaud/devel/src/data_manipulation_tools/Projects/KO_TRO_2024_RHPS1_SLIPPAGE_1/output_data/kinetics_eval/input_bag --force --robot rhps1 --write-config /home/arnaud/devel/src/data_manipulation_tools/Projects/KO_TRO_2024_RHPS1_SLIPPAGE_1/output_data/kinetics_eval/resolved_config.yaml --require-exact --observer-prefix Observers_MainObserverPipeline_MCKineticsObserver --mc-rtc-config /tmp/mc_rtc_convert_gcmyy1sr/observers/MCKineticsObserver.yaml
[INFO] [1788638487.461727508] [rosbag2_storage]: Opened database '/home/arnaud/devel/src/data_manipulation_tools/Projects/KO_TRO_2024_RHPS1_SLIPPAGE_1/output_data/kinetics_eval/input_bag/input_bag_0.db3' for READ_WRITE.
Wrote 20800 Kinetics inputs to /home/arnaud/devel/src/data_manipulation_tools/Projects/KO_TRO_2024_RHPS1_SLIPPAGE_1/output_data/kinetics_eval/input_bag
KO_TRO_2024_RHPS1_SLIPPAGE_1: prepared /home/arnaud/devel/src/data_manipulation_tools/Projects/KO_TRO_2024_RHPS1_SLIPPAGE_1/output_data/kinetics_eval/input_bag
+ ros2 run test_state_obs_ros2 bin_to_rosbag_kinetics.py --bin /home/arnaud/devel/src/data_manipulation_tools/Projects/KO_TRO_2024_RHPS1_SLIPPAGE_2/output_data/kinetics_eval/logReplay_full.bin --out /home/arnaud/devel/src/data_manipulation_tools/Projects/KO_TRO_2024_RHPS1_SLIPPAGE_2/output_data/kinetics_eval/input_bag --force --robot rhps1 --write-config /home/arnaud/devel/src/data_manipulation_tools/Projects/KO_TRO_2024_RHPS1_SLIPPAGE_2/output_data/kinetics_eval/resolved_config.yaml --require-exact --observer-prefix Observers_MainObserverPipeline_MCKineticsObserver --mc-rtc-config /tmp/mc_rtc_convert_s3ndlvsc/observers/MCKineticsObserver.yaml
[INFO] [1788638493.929299358] [rosbag2_storage]: Opened database '/home/arnaud/devel/src/data_manipulation_tools/Projects/KO_TRO_2024_RHPS1_SLIPPAGE_2/output_data/kinetics_eval/input_bag/input_bag_0.db3' for READ_WRITE.
Wrote 22600 Kinetics inputs to /home/arnaud/devel/src/data_manipulation_tools/Projects/KO_TRO_2024_RHPS1_SLIPPAGE_2/output_data/kinetics_eval/input_bag
KO_TRO_2024_RHPS1_SLIPPAGE_2: prepared /home/arnaud/devel/src/data_manipulation_tools/Projects/KO_TRO_2024_RHPS1_SLIPPAGE_2/output_data/kinetics_eval/input_bag
+ ros2 run test_state_obs_ros2 bin_to_rosbag_kinetics.py --bin /home/arnaud/devel/src/data_manipulation_tools/Projects/KO_TRO_2024_RHPS1_SLIPPAGE_3/output_data/kinetics_eval/logReplay_full.bin --out /home/arnaud/devel/src/data_manipulation_tools/Projects/KO_TRO_2024_RHPS1_SLIPPAGE_3/output_data/kinetics_eval/input_bag --force --robot rhps1 --write-config /home/arnaud/devel/src/data_manipulation_tools/Projects/KO_TRO_2024_RHPS1_SLIPPAGE_3/output_data/kinetics_eval/resolved_config.yaml --require-exact --observer-prefix Observers_MainObserverPipeline_MCKineticsObserver --mc-rtc-config /tmp/mc_rtc_convert_07_zp9vb/observers/MCKineticsObserver.yaml
[INFO] [1788638500.035601718] [rosbag2_storage]: Opened database '/home/arnaud/devel/src/data_manipulation_tools/Projects/KO_TRO_2024_RHPS1_SLIPPAGE_3/output_data/kinetics_eval/input_bag/input_bag_0.db3' for READ_WRITE.
Wrote 21200 Kinetics inputs to /home/arnaud/devel/src/data_manipulation_tools/Projects/KO_TRO_2024_RHPS1_SLIPPAGE_3/output_data/kinetics_eval/input_bag
KO_TRO_2024_RHPS1_SLIPPAGE_3: prepared /home/arnaud/devel/src/data_manipulation_tools/Projects/KO_TRO_2024_RHPS1_SLIPPAGE_3/output_data/kinetics_eval/input_bag
+ ros2 run test_state_obs_ros2 bin_to_rosbag_kinetics.py --bin /home/arnaud/devel/src/data_manipulation_tools/Projects/KO_TRO2024_RHPS1_1/output_data/kinetics_eval/logReplay_full.bin --out /home/arnaud/devel/src/data_manipulation_tools/Projects/KO_TRO2024_RHPS1_1/output_data/kinetics_eval/input_bag --force --robot rhps1 --write-config /home/arnaud/devel/src/data_manipulation_tools/Projects/KO_TRO2024_RHPS1_1/output_data/kinetics_eval/resolved_config.yaml --require-exact --observer-prefix Observers_MainObserverPipeline_MCKineticsObserver --mc-rtc-config /tmp/mc_rtc_convert_svcsrzwq/observers/MCKineticsObserver.yaml
[INFO] [1788638517.869261865] [rosbag2_storage]: Opened database '/home/arnaud/devel/src/data_manipulation_tools/Projects/KO_TRO2024_RHPS1_1/output_data/kinetics_eval/input_bag/input_bag_0.db3' for READ_WRITE.
Wrote 81792 Kinetics inputs to /home/arnaud/devel/src/data_manipulation_tools/Projects/KO_TRO2024_RHPS1_1/output_data/kinetics_eval/input_bag
KO_TRO2024_RHPS1_1: prepared /home/arnaud/devel/src/data_manipulation_tools/Projects/KO_TRO2024_RHPS1_1/output_data/kinetics_eval/input_bag
+ ros2 run test_state_obs_ros2 bin_to_rosbag_kinetics.py --bin /home/arnaud/devel/src/data_manipulation_tools/Projects/KO_TRO2024_RHPS1_3/output_data/kinetics_eval/logReplay_full.bin --out /home/arnaud/devel/src/data_manipulation_tools/Projects/KO_TRO2024_RHPS1_3/output_data/kinetics_eval/input_bag --force --robot rhps1 --write-config /home/arnaud/devel/src/data_manipulation_tools/Projects/KO_TRO2024_RHPS1_3/output_data/kinetics_eval/resolved_config.yaml --require-exact --observer-prefix Observers_MainObserverPipeline_MCKineticsObserver --mc-rtc-config /tmp/mc_rtc_convert__1zef__6/observers/MCKineticsObserver.yaml
[INFO] [1788638540.824740268] [rosbag2_storage]: Opened database '/home/arnaud/devel/src/data_manipulation_tools/Projects/KO_TRO2024_RHPS1_3/output_data/kinetics_eval/input_bag/input_bag_0.db3' for READ_WRITE.
Wrote 80813 Kinetics inputs to /home/arnaud/devel/src/data_manipulation_tools/Projects/KO_TRO2024_RHPS1_3/output_data/kinetics_eval/input_bag
KO_TRO2024_RHPS1_3: prepared /home/arnaud/devel/src/data_manipulation_tools/Projects/KO_TRO2024_RHPS1_3/output_data/kinetics_eval/input_bag
Editable tuning: None
PREPARE DONE
+ ros2 run test_state_obs_ros2 make_kinetics_config_bag.py --input-bag /home/arnaud/devel/src/data_manipulation_tools/Projects/KO_TRO_2024_RHPS1_SLIPPAGE_1/output_data/kinetics_eval/input_bag --config /home/arnaud/devel/src/data_manipulation_tools/Projects/KO_TRO_2024_RHPS1_SLIPPAGE_1/output_data/kinetics_eval/resolved_config.yaml --out /home/arnaud/devel/src/data_manipulation_tools/results/slipvel-6f160c4f42/KO_TRO_2024_RHPS1_SLIPPAGE_1/configuration
[INFO] [1788638548.521596093] [rosbag2_storage]: Opened database '/home/arnaud/devel/src/data_manipulation_tools/Projects/KO_TRO_2024_RHPS1_SLIPPAGE_1/output_data/kinetics_eval/input_bag/input_bag_0.db3' for READ_ONLY.
[INFO] [1788638548.559683862] [rosbag2_storage]: Opened database '/home/arnaud/devel/src/data_manipulation_tools/results/slipvel-6f160c4f42/KO_TRO_2024_RHPS1_SLIPPAGE_1/configuration/configuration_0.db3' for READ_WRITE.
+ ros2 launch test_state_obs_ros2 test_kinetics_replay.launch.py input_bag:=/home/arnaud/devel/src/data_manipulation_tools/Projects/KO_TRO_2024_RHPS1_SLIPPAGE_1/output_data/kinetics_eval/input_bag configuration_bag:=/home/arnaud/devel/src/data_manipulation_tools/results/slipvel-6f160c4f42/KO_TRO_2024_RHPS1_SLIPPAGE_1/configuration output_bag:=/home/arnaud/devel/src/data_manipulation_tools/results/slipvel-6f160c4f42/KO_TRO_2024_RHPS1_SLIPPAGE_1/standalone_replay startup_delay:=0.5 shutdown_delay:=0.5
[INFO] [launch]: All log files can be found below /home/arnaud/.ros/log/2026-09-06-05-02-28-743552-OMEN-Arnaud-3804333
[INFO] [launch]: Default logging verbosity is set to INFO
[INFO] [launch.user]: Recording estimated state to /home/arnaud/devel/src/data_manipulation_tools/results/slipvel-6f160c4f42/KO_TRO_2024_RHPS1_SLIPPAGE_1/standalone_replay
[INFO] [kinetics_observer_node-1]: process started with pid [3804336]
[INFO] [ros2-2]: process started with pid [3804337]
[kinetics_observer_node-1] [WARN] [1788638548.799761444] [rcl]: ROS_LOCALHOST_ONLY is deprecated but still honored if it is enabled. Use ROS_AUTOMATIC_DISCOVERY_RANGE and ROS_STATIC_PEERS instead.
[kinetics_observer_node-1] [WARN] [1788638548.799770108] [rcl]: 'localhost_only' is enabled, 'automatic_discovery_range' and 'static_peers' will be ignored.
[kinetics_observer_node-1] [INFO] [1788638548.808680233] [kinetics_observer]: Kinetics Observer ready; waiting for ~/configuration.
[ros2-2] [WARN] [1788638549.001360801] [rcl]: ROS_LOCALHOST_ONLY is deprecated but still honored if it is enabled. Use ROS_AUTOMATIC_DISCOVERY_RANGE and ROS_STATIC_PEERS instead.
[ros2-2] [WARN] [1788638549.001938293] [rcl]: 'localhost_only' is enabled, 'automatic_discovery_range' and 'static_peers' will be ignored.
[ros2-2] stdin is not a terminal device. Keyboard handling disabled.[INFO] [1788638549.012710836] [rosbag2_recorder]: Press SPACE for pausing/resuming
[ros2-2] [INFO] [1788638549.012721363] [rosbag2_recorder]: Event publisher thread: Started
[ros2-2] [INFO] [1788638549.015814743] [rosbag2_recorder]: Starting recording to '/home/arnaud/devel/src/data_manipulation_tools/results/slipvel-6f160c4f42/KO_TRO_2024_RHPS1_SLIPPAGE_1/standalone_replay'
[ros2-2] [INFO] [1788638549.017094867] [rosbag2_recorder]: Listening for topics...
[ros2-2] [INFO] [1788638549.017110101] [rosbag2_recorder]: Recording...
[ros2-2] [INFO] [1788638549.017896915] [rosbag2_recorder]: Topics discovery started.
[ros2-2] [INFO] [1788638549.120138293] [rosbag2_recorder]: Subscribed to topic '/kinetics_observer/estimated_state'
[ros2-2] [INFO] [1788638549.120262442] [rosbag2_recorder]: All requested topics are subscribed. Stopping discovery...
[ros2-2] [INFO] [1788638549.120269986] [rosbag2_recorder]: Topics discovery stopped.
[INFO] [rosbag_publish_kinetics-3]: process started with pid [3804391]
[rosbag_publish_kinetics-3] [WARN] [1788638549.304067682] [rcl]: ROS_LOCALHOST_ONLY is deprecated but still honored if it is enabled. Use ROS_AUTOMATIC_DISCOVERY_RANGE and ROS_STATIC_PEERS instead.
[rosbag_publish_kinetics-3] [WARN] [1788638549.304074573] [rcl]: 'localhost_only' is enabled, 'automatic_discovery_range' and 'static_peers' will be ignored.
[rosbag_publish_kinetics-3] [INFO] [1788638549.346123041] [rosbag2_storage]: Opened database '/home/arnaud/devel/src/data_manipulation_tools/Projects/KO_TRO_2024_RHPS1_SLIPPAGE_1/output_data/kinetics_eval/input_bag/input_bag_0.db3' for READ_ONLY.
[rosbag_publish_kinetics-3] [INFO] [1788638549.409004829] [rosbag2_storage]: Opened database '/home/arnaud/devel/src/data_manipulation_tools/results/slipvel-6f160c4f42/KO_TRO_2024_RHPS1_SLIPPAGE_1/configuration/configuration_0.db3' for READ_ONLY.
[rosbag_publish_kinetics-3] [INFO] [1788638549.509539167] [rosbag_publish_kinetics]: Started synchronized replay of 20800 inputs.
[kinetics_observer_node-1] [ERROR] [1788638549.510668040] [kinetics_observer]: Rejected configuration: initial_state size does not match configured estimator state size
