+ ros2 run test_state_obs_ros2 make_kinetics_config_bag.py --input-bag /home/arnaud/devel/src/data_manipulation_tools/Projects/KO_TRO2024_RHPS1_1/output_data/kinetics_eval/input_bag --config /home/arnaud/devel/src/data_manipulation_tools/results/SMOKE_cal-d2deb1c710/KO_TRO2024_RHPS1_1/resolved_config.yaml --out /home/arnaud/devel/src/data_manipulation_tools/results/SMOKE_cal-d2deb1c710/KO_TRO2024_RHPS1_1/configuration
[INFO] [1788729305.247995769] [rosbag2_storage]: Opened database '/home/arnaud/devel/src/data_manipulation_tools/Projects/KO_TRO2024_RHPS1_1/output_data/kinetics_eval/input_bag/input_bag_0.db3' for READ_ONLY.
[CALIB] RightFootCenter: [-0.282761, 0.142506, 0.001466]
[CALIB] LeftFootCenter: [0.047962, 0.324858, 0.015621]
[INFO] [1788729305.286626061] [rosbag2_storage]: Opened database '/home/arnaud/devel/src/data_manipulation_tools/results/SMOKE_cal-d2deb1c710/KO_TRO2024_RHPS1_1/configuration/configuration_0.db3' for READ_WRITE.
+ ros2 launch test_state_obs_ros2 test_kinetics_replay.launch.py input_bag:=/home/arnaud/devel/src/data_manipulation_tools/Projects/KO_TRO2024_RHPS1_1/output_data/kinetics_eval/input_bag configuration_bag:=/home/arnaud/devel/src/data_manipulation_tools/results/SMOKE_cal-d2deb1c710/KO_TRO2024_RHPS1_1/configuration output_bag:=/home/arnaud/devel/src/data_manipulation_tools/results/SMOKE_cal-d2deb1c710/KO_TRO2024_RHPS1_1/standalone_replay startup_delay:=0.5 shutdown_delay:=0.5
[INFO] [launch]: All log files can be found below /home/arnaud/.ros/log/2026-09-07-06-15-05-457621-OMEN-Arnaud-3939942
[INFO] [launch]: Default logging verbosity is set to INFO
[INFO] [launch.user]: Recording estimated state to /home/arnaud/devel/src/data_manipulation_tools/results/SMOKE_cal-d2deb1c710/KO_TRO2024_RHPS1_1/standalone_replay
[INFO] [kinetics_observer_node-1]: process started with pid [3939945]
[INFO] [ros2-2]: process started with pid [3939946]
[kinetics_observer_node-1] [WARN] [1788729305.507986626] [rcl]: ROS_LOCALHOST_ONLY is deprecated but still honored if it is enabled. Use ROS_AUTOMATIC_DISCOVERY_RANGE and ROS_STATIC_PEERS instead.
[kinetics_observer_node-1] [WARN] [1788729305.507995039] [rcl]: 'localhost_only' is enabled, 'automatic_discovery_range' and 'static_peers' will be ignored.
[kinetics_observer_node-1] [INFO] [1788729305.517280993] [kinetics_observer]: Kinetics Observer ready; waiting for ~/configuration.
[kinetics_observer_node-1] [ERROR] [1788729305.703928120] [kinetics_observer]: Rejected configuration: initial_state size does not match configured estimator state size
[ros2-2] [WARN] [1788729305.719401224] [rcl]: ROS_LOCALHOST_ONLY is deprecated but still honored if it is enabled. Use ROS_AUTOMATIC_DISCOVERY_RANGE and ROS_STATIC_PEERS instead.
[ros2-2] [WARN] [1788729305.719774985] [rcl]: 'localhost_only' is enabled, 'automatic_discovery_range' and 'static_peers' will be ignored.
[ros2-2] stdin is not a terminal device. Keyboard handling disabled.[INFO] [1788729305.739308221] [rosbag2_recorder]: Press SPACE for pausing/resuming
[ros2-2] [INFO] [1788729305.739621047] [rosbag2_recorder]: Event publisher thread: Started
[ros2-2] [INFO] [1788729305.742370374] [rosbag2_recorder]: Starting recording to '/home/arnaud/devel/src/data_manipulation_tools/results/SMOKE_cal-d2deb1c710/KO_TRO2024_RHPS1_1/standalone_replay'
[ros2-2] [INFO] [1788729305.743419214] [rosbag2_recorder]: Listening for topics...
[ros2-2] [INFO] [1788729305.743555392] [rosbag2_recorder]: Recording...
[ros2-2] [INFO] [1788729305.743489180] [rosbag2_recorder]: Topics discovery started.
[ros2-2] [INFO] [1788729305.849052502] [rosbag2_recorder]: Subscribed to topic '/kinetics_observer/estimated_state'
[ros2-2] [INFO] [1788729305.849076964] [rosbag2_recorder]: All requested topics are subscribed. Stopping discovery...
[ros2-2] [INFO] [1788729305.849081074] [rosbag2_recorder]: Topics discovery stopped.
[INFO] [rosbag_publish_kinetics-3]: process started with pid [3940000]
[rosbag_publish_kinetics-3] [WARN] [1788729306.012206742] [rcl]: ROS_LOCALHOST_ONLY is deprecated but still honored if it is enabled. Use ROS_AUTOMATIC_DISCOVERY_RANGE and ROS_STATIC_PEERS instead.
[rosbag_publish_kinetics-3] [WARN] [1788729306.012213963] [rcl]: 'localhost_only' is enabled, 'automatic_discovery_range' and 'static_peers' will be ignored.
[rosbag_publish_kinetics-3] [INFO] [1788729306.116962508] [rosbag2_storage]: Opened database '/home/arnaud/devel/src/data_manipulation_tools/Projects/KO_TRO2024_RHPS1_1/output_data/kinetics_eval/input_bag/input_bag_0.db3' for READ_ONLY.
[rosbag_publish_kinetics-3] [INFO] [1788729306.364663216] [rosbag2_storage]: Opened database '/home/arnaud/devel/src/data_manipulation_tools/results/SMOKE_cal-d2deb1c710/KO_TRO2024_RHPS1_1/configuration/configuration_0.db3' for READ_ONLY.
[rosbag_publish_kinetics-3] [INFO] [1788729306.472215044] [rosbag_publish_kinetics]: Started synchronized replay of 81792 inputs.
[kinetics_observer_node-1] [INFO] [1788729306.472498481] [kinetics_observer]: Kinetics Observer configured (3 contacts, 1 IMUs).
[rosbag_publish_kinetics-3] [INFO] [1788729320.554171752] [rosbag_publish_kinetics]: Finished synchronized Kinetics replay.
[INFO] [rosbag_publish_kinetics-3]: process has finished cleanly [pid 3940000]
[INFO] [ros2-2]: sending signal 'SIGINT' to process[ros2-2]
[INFO] [kinetics_observer_node-1]: sending signal 'SIGINT' to process[kinetics_observer_node-1]
[kinetics_observer_node-1] [INFO] [1788729321.181001705] [rclcpp]: signal_handler(SIGINT/SIGTERM)
[INFO] [kinetics_observer_node-1]: process has finished cleanly [pid 3939945]
[ERROR] [ros2-2]: process[ros2-2] failed to terminate '5' seconds after receiving 'SIGINT', escalating to 'SIGTERM'
[INFO] [ros2-2]: sending signal 'SIGTERM' to process[ros2-2]
[ros2-2] [INFO] [1788729326.267423144] [rosbag2_recorder]: Pausing recording.
[ros2-2] [INFO] [1788729326.267513505] [rosbag2_cpp]: Writing remaining messages from cache to the bag. It may take a while
[ros2-2] [INFO] [1788729326.268491200] [rosbag2_recorder]: Recording stopped
[ros2-2] [INFO] [1788729326.270660040] [rosbag2_recorder]: Event publisher thread: Exited
[INFO] [ros2-2]: process has finished cleanly [pid 3939946]
+ /home/arnaud/devel/src/data_manipulation_tools/scripts/../.venv/bin/python /home/arnaud/devel/src/data_manipulation_tools/rpg_trajectory_evaluation/scripts/analyze_trajectory_single.py /home/arnaud/devel/src/data_manipulation_tools/results/SMOKE_cal-d2deb1c710/KO_TRO2024_RHPS1_1/eval --recalculate_errors --no_plot --estimator_name Kinetics --predefined_sublengths 1.0
/home/arnaud/devel/src/data_manipulation_tools/rpg_trajectory_evaluation/scripts/analyze_trajectory_single.py:264: SyntaxWarning: invalid escape sequence '\%'
  111, xlabel='Distance [m]', ylabel='Scale Drift [\%]',
/home/arnaud/devel/src/data_manipulation_tools/rpg_trajectory_evaluation/scripts/analyze_trajectory_single.py:326: SyntaxWarning: invalid escape sequence '\%'
  ylabel='Translation error [\%]')
#### Start processing Kinetics
To remove cached error in /home/arnaud/devel/src/data_manipulation_tools/results/SMOKE_cal-d2deb1c710/KO_TRO2024_RHPS1_1/eval
Cannot find file /home/arnaud/devel/src/data_manipulation_tools/results/SMOKE_cal-d2deb1c710/KO_TRO2024_RHPS1_1/eval/saved_results/traj_est/cached/cached_rel_err.pickle
Cannot find file /home/arnaud/devel/src/data_manipulation_tools/results/SMOKE_cal-d2deb1c710/KO_TRO2024_RHPS1_1/eval/saved_results/traj_est/stamped_est_gt_matches.txt
Find evaluation configuration, will overwrite default.
The current evaluation configuration is {'align_type': 'posyaw', 'align_num_frames': -1}
Loading stamped_groundtruth.txt and stamped_traj_estimate.txt...
Loading trajectory data...
Finding matches. |████████████████████████████████████████| 81792/81792 [100%] in 0.1s (769749.42/s) 
Saved matching results to /home/arnaud/devel/src/data_manipulation_tools/results/SMOKE_cal-d2deb1c710/KO_TRO2024_RHPS1_1/eval/saved_results/traj_est/stamped_est_gt_matches.txt.
37.96936178982323
37.96927534809797
...done.
Use preset boxplot distances.
Aliging the trajectory estimate to the groundtruth...
Alignment type is posyaw.
To align all frames.
... trajectory alignment done.
Finished loading trajectory.
Computing the relative errors based on preset subtrajectory lengths...
Computing relative error at sub-trajectory length 1.0
number of samples = 78755 
Computing relative errors |████████████████████████████████████████| 78755/78755 [100%] in 2.4s (32661.98/s) 
...done.
Saved relative error to /home/arnaud/devel/src/data_manipulation_tools/results/SMOKE_cal-d2deb1c710/KO_TRO2024_RHPS1_1/eval/saved_results/traj_est/cached/cached_rel_err.pickle.
Absolute errors are not available.
===> MulTrajError: summarized 1 trajectories.
- Successs indices: [0]
Relative errors numbers:
- 1.0: dict_keys(['rel_trans', 'rel_trans_perc', 'rel_trans_x_y_norm', 'rel_trans_z', 'rel_yaw', 'rel_rot', 'rel_gravity', 'rel_rot_deg_per_m']) 78755 samples

Results: /home/arnaud/devel/src/data_manipulation_tools/results/SMOKE_cal-d2deb1c710
Plotly report: /home/arnaud/devel/src/data_manipulation_tools/results/SMOKE_cal-d2deb1c710/report.html
