
=== KO_TRO2024_RHPS1_1
  LeftFootCenter:  set  66459   loaded(fz>150N)  63503   lightly-loaded(fz<60N)    116
    loaded   fx   -81.4  fy    -4.9  fz   286.0   |tan|   81.8   |tan|/fz  0.286
    light    fx   -42.9  fy    -3.1  fz    53.7   |tan|   43.5   |tan|/fz  0.824
  RightFootCenter:  set  67246   loaded(fz>150N)  64488   lightly-loaded(fz<60N)     63
    loaded   fx   -44.0  fy   -69.8  fz   291.1   |tan|   81.9   |tan|/fz  0.283
    light    too few

=== KO_TRO_2024_RHPS1_SLIPPAGE_1
  LeftFootCenter:  set  15255   loaded(fz>150N)  14272   lightly-loaded(fz<60N)     35
    loaded   fx  -118.0  fy   -15.9  fz   390.2   |tan|  125.0   |tan|/fz  0.295
    light    too few
  RightFootCenter:  set  15197   loaded(fz>150N)  14260   lightly-loaded(fz<60N)     45
    loaded   fx   -55.8  fy   -74.5  fz   375.4   |tan|   94.2   |tan|/fz  0.288
    light    too few

=== HRP5_MultiContact_1
  LeftFootCenter:  set   9625   loaded(fz>150N)   9587   lightly-loaded(fz<60N)      0
    loaded   fx    -4.4  fy    -2.2  fz   475.7   |tan|   17.6   |tan|/fz  0.031
    light    too few
  RightFootCenter:  set   9853   loaded(fz>150N)   9817   lightly-loaded(fz<60N)      0
    loaded   fx    -4.3  fy     2.4  fz   458.8   |tan|   19.3   |tan|/fz  0.038
    light    too few
