  RHPS1 nominal walks, 1 m sub-trajectories, grouped by position in the recording

  trans_z [mm]
    portion             KO    RI-EKF   difference
    0-20%            5.946     2.434       +3.511
    20-40%           7.068     4.057       +3.011
    40-60%           7.138     6.168       +0.969
    60-80%           7.841     9.235       -1.395
    80-100%          9.940     9.933       +0.008

  trans_xy [mm]
    portion             KO    RI-EKF   difference
    0-20%           10.949    13.729       -2.780
    20-40%          16.259    23.628       -7.369
    40-60%          21.173    30.732       -9.559
    60-80%          26.363    35.384       -9.021
    80-100%         27.903    33.876       -5.974

  yaw [deg]
    portion             KO    RI-EKF   difference
    0-20%            0.487     0.542       -0.055
    20-40%           0.334     0.440       -0.106
    40-60%           0.321     0.397       -0.076
    60-80%           0.429     0.286       +0.143
    80-100%          0.679     0.388       +0.292
