=== FULL13 tuned_a0.0 ===
+ ros2 run test_state_obs_ros2 make_kinetics_config_bag.py --input-bag /home/arnaud/devel/src/data_manipulation_tools/Projects/HRP5_MultiContact_1/output_data/kinetics_eval/input_bag --config /home/arnaud/devel/src/data_manipulation_tools/results/f13_tuned_a0.0-4f57682748/HRP5_MultiContact_1/resolved_config.yaml --out /home/arnaud/devel/src/data_manipulation_tools/results/f13_tuned_a0.0-4f57682748/HRP5_MultiContact_1/configuration
[INFO] [1788704558.348611847] [rosbag2_storage]: Opened database '/home/arnaud/devel/src/data_manipulation_tools/Projects/HRP5_MultiContact_1/output_data/kinetics_eval/input_bag/input_bag_0.db3' for READ_ONLY.
[INFO] [1788704558.392576895] [rosbag2_storage]: Opened database '/home/arnaud/devel/src/data_manipulation_tools/results/f13_tuned_a0.0-4f57682748/HRP5_MultiContact_1/configuration/configuration_0.db3' for READ_WRITE.
+ ros2 launch test_state_obs_ros2 test_kinetics_replay.launch.py input_bag:=/home/arnaud/devel/src/data_manipulation_tools/Projects/HRP5_MultiContact_1/output_data/kinetics_eval/input_bag configuration_bag:=/home/arnaud/devel/src/data_manipulation_tools/results/f13_tuned_a0.0-4f57682748/HRP5_MultiContact_1/configuration output_bag:=/home/arnaud/devel/src/data_manipulation_tools/results/f13_tuned_a0.0-4f57682748/HRP5_MultiContact_1/standalone_replay startup_delay:=0.5 shutdown_delay:=0.5
[INFO] [launch]: All log files can be found below /home/arnaud/.ros/log/2026-09-06-23-22-38-562642-OMEN-Arnaud-3891117
[INFO] [launch]: Default logging verbosity is set to INFO
[INFO] [launch.user]: Recording estimated state to /home/arnaud/devel/src/data_manipulation_tools/results/f13_tuned_a0.0-4f57682748/HRP5_MultiContact_1/standalone_replay
[INFO] [kinetics_observer_node-1]: process started with pid [3891120]
[INFO] [ros2-2]: process started with pid [3891121]
[kinetics_observer_node-1] [WARN] [1788704558.613276189] [rcl]: ROS_LOCALHOST_ONLY is deprecated but still honored if it is enabled. Use ROS_AUTOMATIC_DISCOVERY_RANGE and ROS_STATIC_PEERS instead.
[kinetics_observer_node-1] [WARN] [1788704558.613286165] [rcl]: 'localhost_only' is enabled, 'automatic_discovery_range' and 'static_peers' will be ignored.
[kinetics_observer_node-1] [INFO] [1788704558.622643771] [kinetics_observer]: Kinetics Observer ready; waiting for ~/configuration.
[ros2-2] [WARN] [1788704558.827356420] [rcl]: ROS_LOCALHOST_ONLY is deprecated but still honored if it is enabled. Use ROS_AUTOMATIC_DISCOVERY_RANGE and ROS_STATIC_PEERS instead.
[ros2-2] [WARN] [1788704558.827368463] [rcl]: 'localhost_only' is enabled, 'automatic_discovery_range' and 'static_peers' will be ignored.
[ros2-2] stdin is not a terminal device. Keyboard handling disabled.[INFO] [1788704558.837496956] [rosbag2_recorder]: Press SPACE for pausing/resuming
[ros2-2] [INFO] [1788704558.837510424] [rosbag2_recorder]: Event publisher thread: Started
[ros2-2] [INFO] [1788704558.840403939] [rosbag2_recorder]: Starting recording to '/home/arnaud/devel/src/data_manipulation_tools/results/f13_tuned_a0.0-4f57682748/HRP5_MultiContact_1/standalone_replay'
[ros2-2] [INFO] [1788704558.841562065] [rosbag2_recorder]: Listening for topics...
[ros2-2] [INFO] [1788704558.841577025] [rosbag2_recorder]: Recording...
[ros2-2] [INFO] [1788704558.841770443] [rosbag2_recorder]: Topics discovery started.
[ros2-2] [INFO] [1788704558.945859321] [rosbag2_recorder]: Subscribed to topic '/kinetics_observer/estimated_state'
[ros2-2] [INFO] [1788704558.945886301] [rosbag2_recorder]: All requested topics are subscribed. Stopping discovery...
[ros2-2] [INFO] [1788704558.945890200] [rosbag2_recorder]: Topics discovery stopped.
[INFO] [rosbag_publish_kinetics-3]: process started with pid [3891175]
[rosbag_publish_kinetics-3] [WARN] [1788704559.118700531] [rcl]: ROS_LOCALHOST_ONLY is deprecated but still honored if it is enabled. Use ROS_AUTOMATIC_DISCOVERY_RANGE and ROS_STATIC_PEERS instead.
[rosbag_publish_kinetics-3] [WARN] [1788704559.118708088] [rcl]: 'localhost_only' is enabled, 'automatic_discovery_range' and 'static_peers' will be ignored.
[rosbag_publish_kinetics-3] [INFO] [1788704559.143436017] [rosbag2_storage]: Opened database '/home/arnaud/devel/src/data_manipulation_tools/Projects/HRP5_MultiContact_1/output_data/kinetics_eval/input_bag/input_bag_0.db3' for READ_ONLY.
[rosbag_publish_kinetics-3] [INFO] [1788704559.180200496] [rosbag2_storage]: Opened database '/home/arnaud/devel/src/data_manipulation_tools/results/f13_tuned_a0.0-4f57682748/HRP5_MultiContact_1/configuration/configuration_0.db3' for READ_ONLY.
[rosbag_publish_kinetics-3] [INFO] [1788704559.280780603] [rosbag_publish_kinetics]: Started synchronized replay of 11151 inputs.
[kinetics_observer_node-1] [INFO] [1788704559.281788115] [kinetics_observer]: Kinetics Observer configured (3 contacts, 1 IMUs).
[rosbag_publish_kinetics-3] [INFO] [1788704607.350680848] [rosbag_publish_kinetics]: Finished synchronized Kinetics replay.
[INFO] [rosbag_publish_kinetics-3]: process has finished cleanly [pid 3891175]
[INFO] [ros2-2]: sending signal 'SIGINT' to process[ros2-2]
[INFO] [kinetics_observer_node-1]: sending signal 'SIGINT' to process[kinetics_observer_node-1]
[ros2-2] [INFO] [1788704607.969258540] [rosbag2_recorder]: Pausing recording.
[ros2-2] [INFO] [1788704607.969316504] [rosbag2_cpp]: Writing remaining messages from cache to the bag. It may take a while
[kinetics_observer_node-1] [INFO] [1788704607.969578293] [rclcpp]: signal_handler(SIGINT/SIGTERM)
[ros2-2] [INFO] [1788704607.970651242] [rosbag2_recorder]: Recording stopped
[ros2-2] [INFO] [1788704607.971135694] [rosbag2_recorder]: Event publisher thread: Exited
[INFO] [kinetics_observer_node-1]: process has finished cleanly [pid 3891120]
[INFO] [ros2-2]: process has finished cleanly [pid 3891121]
+ /home/arnaud/devel/src/data_manipulation_tools/scripts/../.venv/bin/python /home/arnaud/devel/src/data_manipulation_tools/rpg_trajectory_evaluation/scripts/analyze_trajectory_single.py /home/arnaud/devel/src/data_manipulation_tools/results/f13_tuned_a0.0-4f57682748/HRP5_MultiContact_1/eval --recalculate_errors --no_plot --estimator_name Kinetics --predefined_sublengths 0.3
/home/arnaud/devel/src/data_manipulation_tools/rpg_trajectory_evaluation/scripts/analyze_trajectory_single.py:264: SyntaxWarning: invalid escape sequence '\%'
  111, xlabel='Distance [m]', ylabel='Scale Drift [\%]',
/home/arnaud/devel/src/data_manipulation_tools/rpg_trajectory_evaluation/scripts/analyze_trajectory_single.py:326: SyntaxWarning: invalid escape sequence '\%'
  ylabel='Translation error [\%]')
#### Start processing Kinetics
To remove cached error in /home/arnaud/devel/src/data_manipulation_tools/results/f13_tuned_a0.0-4f57682748/HRP5_MultiContact_1/eval
Cannot find file /home/arnaud/devel/src/data_manipulation_tools/results/f13_tuned_a0.0-4f57682748/HRP5_MultiContact_1/eval/saved_results/traj_est/cached/cached_rel_err.pickle
Cannot find file /home/arnaud/devel/src/data_manipulation_tools/results/f13_tuned_a0.0-4f57682748/HRP5_MultiContact_1/eval/saved_results/traj_est/stamped_est_gt_matches.txt
Find evaluation configuration, will overwrite default.
The current evaluation configuration is {'align_type': 'posyaw', 'align_num_frames': -1}
Loading stamped_groundtruth.txt and stamped_traj_estimate.txt...
Loading trajectory data...
Finding matches. |████████████████████████████████████████| 11151/11151 [100%] in 0.0s (746282.99/s) 
Saved matching results to /home/arnaud/devel/src/data_manipulation_tools/results/f13_tuned_a0.0-4f57682748/HRP5_MultiContact_1/eval/saved_results/traj_est/stamped_est_gt_matches.txt.
3.0873455560081404
3.0873455560081404
...done.
Use preset boxplot distances.
Aliging the trajectory estimate to the groundtruth...
Alignment type is posyaw.
To align all frames.
... trajectory alignment done.
Finished loading trajectory.
Computing the relative errors based on preset subtrajectory lengths...
Computing relative error at sub-trajectory length 0.3
number of samples = 8315 
Computing relative errors |████████████████████████████████████████| 8315/8315 [100%] in 0.3s (30375.67/s) 
...done.
Saved relative error to /home/arnaud/devel/src/data_manipulation_tools/results/f13_tuned_a0.0-4f57682748/HRP5_MultiContact_1/eval/saved_results/traj_est/cached/cached_rel_err.pickle.
Absolute errors are not available.
===> MulTrajError: summarized 1 trajectories.
- Successs indices: [0]
Relative errors numbers:
- 0.3: dict_keys(['rel_trans', 'rel_trans_perc', 'rel_trans_x_y_norm', 'rel_trans_z', 'rel_yaw', 'rel_rot', 'rel_gravity', 'rel_rot_deg_per_m']) 8315 samples
+ ros2 run test_state_obs_ros2 make_kinetics_config_bag.py --input-bag /home/arnaud/devel/src/data_manipulation_tools/Projects/HRP5_MultiContact_2/output_data/kinetics_eval/input_bag --config /home/arnaud/devel/src/data_manipulation_tools/results/f13_tuned_a0.0-4f57682748/HRP5_MultiContact_2/resolved_config.yaml --out /home/arnaud/devel/src/data_manipulation_tools/results/f13_tuned_a0.0-4f57682748/HRP5_MultiContact_2/configuration
[INFO] [1788704610.926805402] [rosbag2_storage]: Opened database '/home/arnaud/devel/src/data_manipulation_tools/Projects/HRP5_MultiContact_2/output_data/kinetics_eval/input_bag/input_bag_0.db3' for READ_ONLY.
[INFO] [1788704610.969089375] [rosbag2_storage]: Opened database '/home/arnaud/devel/src/data_manipulation_tools/results/f13_tuned_a0.0-4f57682748/HRP5_MultiContact_2/configuration/configuration_0.db3' for READ_WRITE.
+ ros2 launch test_state_obs_ros2 test_kinetics_replay.launch.py input_bag:=/home/arnaud/devel/src/data_manipulation_tools/Projects/HRP5_MultiContact_2/output_data/kinetics_eval/input_bag configuration_bag:=/home/arnaud/devel/src/data_manipulation_tools/results/f13_tuned_a0.0-4f57682748/HRP5_MultiContact_2/configuration output_bag:=/home/arnaud/devel/src/data_manipulation_tools/results/f13_tuned_a0.0-4f57682748/HRP5_MultiContact_2/standalone_replay startup_delay:=0.5 shutdown_delay:=0.5
[INFO] [launch]: All log files can be found below /home/arnaud/.ros/log/2026-09-06-23-23-31-138671-OMEN-Arnaud-3891314
[INFO] [launch]: Default logging verbosity is set to INFO
[INFO] [launch.user]: Recording estimated state to /home/arnaud/devel/src/data_manipulation_tools/results/f13_tuned_a0.0-4f57682748/HRP5_MultiContact_2/standalone_replay
[INFO] [kinetics_observer_node-1]: process started with pid [3891317]
[INFO] [ros2-2]: process started with pid [3891318]
[kinetics_observer_node-1] [WARN] [1788704611.187935443] [rcl]: ROS_LOCALHOST_ONLY is deprecated but still honored if it is enabled. Use ROS_AUTOMATIC_DISCOVERY_RANGE and ROS_STATIC_PEERS instead.
[kinetics_observer_node-1] [WARN] [1788704611.187943413] [rcl]: 'localhost_only' is enabled, 'automatic_discovery_range' and 'static_peers' will be ignored.
[kinetics_observer_node-1] [INFO] [1788704611.197619451] [kinetics_observer]: Kinetics Observer ready; waiting for ~/configuration.
[ros2-2] [WARN] [1788704611.396480389] [rcl]: ROS_LOCALHOST_ONLY is deprecated but still honored if it is enabled. Use ROS_AUTOMATIC_DISCOVERY_RANGE and ROS_STATIC_PEERS instead.
[ros2-2] [WARN] [1788704611.396495103] [rcl]: 'localhost_only' is enabled, 'automatic_discovery_range' and 'static_peers' will be ignored.
[ros2-2] stdin is not a terminal device. Keyboard handling disabled.[INFO] [1788704611.415341483] [rosbag2_recorder]: Press SPACE for pausing/resuming
[ros2-2] [INFO] [1788704611.415778551] [rosbag2_recorder]: Event publisher thread: Started
[ros2-2] [INFO] [1788704611.417750545] [rosbag2_recorder]: Starting recording to '/home/arnaud/devel/src/data_manipulation_tools/results/f13_tuned_a0.0-4f57682748/HRP5_MultiContact_2/standalone_replay'
[ros2-2] [INFO] [1788704611.418769920] [rosbag2_recorder]: Listening for topics...
[ros2-2] [INFO] [1788704611.418780532] [rosbag2_recorder]: Recording...
[ros2-2] [INFO] [1788704611.419226494] [rosbag2_recorder]: Topics discovery started.
[ros2-2] [INFO] [1788704611.524079621] [rosbag2_recorder]: Subscribed to topic '/kinetics_observer/estimated_state'
[ros2-2] [INFO] [1788704611.524091753] [rosbag2_recorder]: All requested topics are subscribed. Stopping discovery...
[ros2-2] [INFO] [1788704611.524094582] [rosbag2_recorder]: Topics discovery stopped.
[INFO] [rosbag_publish_kinetics-3]: process started with pid [3891372]
[rosbag_publish_kinetics-3] [WARN] [1788704611.704330001] [rcl]: ROS_LOCALHOST_ONLY is deprecated but still honored if it is enabled. Use ROS_AUTOMATIC_DISCOVERY_RANGE and ROS_STATIC_PEERS instead.
[rosbag_publish_kinetics-3] [WARN] [1788704611.704337684] [rcl]: 'localhost_only' is enabled, 'automatic_discovery_range' and 'static_peers' will be ignored.
[rosbag_publish_kinetics-3] [INFO] [1788704611.726236139] [rosbag2_storage]: Opened database '/home/arnaud/devel/src/data_manipulation_tools/Projects/HRP5_MultiContact_2/output_data/kinetics_eval/input_bag/input_bag_0.db3' for READ_ONLY.
[rosbag_publish_kinetics-3] [INFO] [1788704611.759301806] [rosbag2_storage]: Opened database '/home/arnaud/devel/src/data_manipulation_tools/results/f13_tuned_a0.0-4f57682748/HRP5_MultiContact_2/configuration/configuration_0.db3' for READ_ONLY.
[rosbag_publish_kinetics-3] [INFO] [1788704612.157282185] [rosbag_publish_kinetics]: Started synchronized replay of 10249 inputs.
[kinetics_observer_node-1] [INFO] [1788704612.158857591] [kinetics_observer]: Kinetics Observer configured (3 contacts, 1 IMUs).
