dataset                  contact                     p50      p90
HRP5_MultiContact_1      LeftFootCenter             48.9    383.4
HRP5_MultiContact_1      LeftHandCloseContact       96.6    236.2
HRP5_MultiContact_1      RightFootCenter            45.4    255.6
HRP5_MultiContact_2      LeftFootCenter             55.6    411.5
HRP5_MultiContact_2      LeftHandCloseContact       88.8    231.2
HRP5_MultiContact_2      RightFootCenter            54.8    265.7
HRP5_MultiContact_3      LeftFootCenter             56.7    404.5
HRP5_MultiContact_3      LeftHandCloseContact       91.0    239.2
HRP5_MultiContact_3      RightFootCenter            55.8    272.9
HRP5_MultiContact_4      LeftFootCenter             60.3    444.2
HRP5_MultiContact_4      LeftHandCloseContact       93.5    266.6
HRP5_MultiContact_4      RightFootCenter            59.2    282.5
HRP5P_LongWalk           LeftFootCenter            108.4    628.4
HRP5P_LongWalk           RightFootCenter           126.8    826.5
KO_TRO2024_RHPS1_1       LeftFootCenter             43.8    245.9
KO_TRO2024_RHPS1_1       RightFootCenter            44.5    271.3
KO_TRO2024_RHPS1_3       LeftFootCenter             16.8    237.2
KO_TRO2024_RHPS1_3       RightFootCenter            20.4    245.4
KO_TRO2024_RHPS1_5       LeftFootCenter             12.3    221.4
KO_TRO2024_RHPS1_5       RightFootCenter            13.3    223.4
DONE
